EXPLORATORY -- no prereg, no verdict.  probe_window_m.py
zeros: 600, last 939.024  (38.6s)
Lambda sieve to 8886110  (0.0s)
digamma grid 15000 pts  (1.2s)

== 1. convention pin: prime side vs zero side ==
   h   m      gamma      zero_side     prime_side     residual        rel      #pp
 4.0   1  14.134725   1.366643e-06   1.372496e-06    5.853e-09   4.28e-03      465
 4.0   1  17.500000   3.231011e-05   3.233830e-05    2.819e-08   8.73e-04      465
 4.0   1  21.022040   4.506400e-05   4.508357e-05    1.957e-08   4.34e-04      465
 4.0   4  14.134725   1.950133e-12   3.781744e-10    3.762e-10   1.93e+02      465
 4.0   4  17.500000   1.342218e-04   1.342234e-04    1.559e-09   1.16e-05      465
 4.0   4  21.022040   2.268986e-07   2.289928e-07    2.094e-09   9.23e-03      465
 4.0  16  14.134725   4.862645e-06   4.862826e-06    1.809e-10   3.72e-05      465
 4.0  16  17.500000   3.562499e-03   3.562499e-03   -1.665e-10  -4.67e-08      465
 4.0  16  21.022040   1.076535e-03   1.076535e-03    1.252e-10   1.16e-07      465
 6.0   1  14.134725   2.803015e-07   2.977864e-07    1.748e-08   6.24e-02    15040
 6.0   1  17.500000   1.216887e-05   1.220980e-05    4.093e-08   3.36e-03    15040
 6.0   1  21.022040   2.556015e-06   2.625908e-06    6.989e-08   2.73e-02    15040
 6.0   4  14.134725   8.905901e-15   7.547537e-09    7.548e-09   8.47e+05    15040
 6.0   4  17.500000   1.433230e-09   6.205965e-09    4.773e-09   3.33e+00    15040
 6.0   4  21.022040   4.516166e-11   1.066397e-08    1.062e-08   2.35e+02    15040
 6.0  16  14.134725   2.380255e-11   9.303425e-10    9.065e-10   3.81e+01    15040
 6.0  16  17.500000   9.435245e-04   9.435254e-04    9.085e-10   9.63e-07    15040
 6.0  16  21.022040   9.566687e-05   9.566882e-05    1.955e-09   2.04e-05    15040
 8.0   1  14.134725   6.571370e-09   3.874054e-08    3.217e-08   4.90e+00   595877
 8.0   1  17.500000   7.404484e-06   7.564656e-06    1.602e-07   2.16e-02   595877
 8.0   1  21.022040   2.119113e-06   2.471521e-06    3.524e-07   1.66e-01   595877
 8.0   4  14.134725   2.537133e-14   9.161866e-09    9.162e-09   3.61e+05   595877
 8.0   4  17.500000   9.658885e-12   4.385282e-09    4.376e-09   4.53e+02   595877
 8.0   4  21.022040   4.052311e-13   1.444010e-08    1.444e-08   3.56e+04   595877
 8.0  16  14.134725   5.036559e-16   1.438809e-09    1.439e-09   2.86e+06   595877
 8.0  16  17.500000   4.201440e-05   4.201671e-05    2.309e-09   5.50e-05   595877
 8.0  16  21.022040   7.601406e-07   7.613359e-07    1.195e-09   1.57e-03   595877

== 2. contrast at the first zeros, zero-side image, h = 6.0, odd window ==
m=  1  contrast at zeros 1..5:    307.86    194.18    173.57     68.01     64.97   median(1..12):     93.49
m=  2  contrast at zeros 1..5:     30.00     18.04     16.08      5.71      5.50   median(1..12):      9.75
m=  3  contrast at zeros 1..5:     11.93      7.06      6.29      2.38      2.29   median(1..12):      4.05
m=  4  contrast at zeros 1..5:      7.18      4.22      3.76      1.73      1.65   median(1..12):      2.43
m=  6  contrast at zeros 1..5:      4.08      2.38      2.12      1.56      1.48   median(1..12):      1.55
m=  8  contrast at zeros 1..5:      2.91      1.71      1.51      1.49      1.40   median(1..12):      1.43
m= 12  contrast at zeros 1..5:      1.78      1.13      1.00      1.39      1.29   median(1..12):      1.10
m= 16  contrast at zeros 1..5:      1.24      0.95      0.83      1.29      1.19   median(1..12):      1.00
m of peak contrast, zeros 1..5: {1: 1, 2: 1, 3: 1, 4: 1, 5: 1}

== 2. contrast at the first zeros, zero-side image, h = 6.0, even window ==
m=  1  contrast at zeros 1..5:  11742.84   6858.14   6100.01   2369.90   2275.73   median(1..12):   3429.01
m=  2  contrast at zeros 1..5:    516.68    317.96    283.76    100.99     97.01   median(1..12):    153.73
m=  3  contrast at zeros 1..5:    118.54     71.21     63.46     22.85     21.97   median(1..12):     34.78
m=  4  contrast at zeros 1..5:     54.28     32.28     28.75     10.74     10.32   median(1..12):     15.83
m=  6  contrast at zeros 1..5:     22.69     13.36     11.90      4.86      4.66   median(1..12):      6.59
m=  8  contrast at zeros 1..5:     13.72      8.04      7.16      3.19      3.05   median(1..12):      4.00
m= 12  contrast at zeros 1..5:      7.58      4.44      3.95      2.07      1.96   median(1..12):      2.34
m= 16  contrast at zeros 1..5:      5.30      3.12      2.77      1.67      1.58   median(1..12):      1.78
m of peak contrast, zeros 1..5: {1: 1, 2: 1, 3: 1, 4: 1, 5: 1}

== 3. decay exponent of the transform squared, envelope maxima, s in [50, 500] ==
odd  m=  1  slope    -6.00   predicted    -6   (144 maxima)
odd  m=  2  slope   -10.01   predicted   -10   (144 maxima)
odd  m=  3  slope   -14.02   predicted   -14   (144 maxima)
odd  m=  4  slope   -18.13   predicted   -18   (1021 maxima)
odd  m=  6  slope    -2.95   predicted   -26   (2364 maxima)
odd  m=  8  slope    -0.56   predicted   -34   (2678 maxima)
odd  m= 12  slope     0.11   predicted   -50   (2839 maxima)
odd  m= 16  slope     0.16   predicted   -66   (2841 maxima)
even m=  1  slope    -6.00   predicted    -6   (143 maxima)
even m=  2  slope   -10.01   predicted   -10   (143 maxima)
even m=  3  slope   -14.03   predicted   -14   (154 maxima)
even m=  4  slope   -15.83   predicted   -18   (1338 maxima)
even m=  6  slope    -1.62   predicted   -26   (2451 maxima)
even m=  8  slope    -0.47   predicted   -34   (2727 maxima)
even m= 12  slope    -0.03   predicted   -50   (2881 maxima)
even m= 16  slope    -0.23   predicted   -66   (2904 maxima)

wrote results/probe_window_m.json  (190.5s)
