ℹ [8678/8718] Replayed PrimeNumberTheoremAnd.MediumPNT
info: PrimeNumberTheoremAnd/MediumPNT.lean:4282:0: 'MediumPNT' depends on axioms: [propext, Classical.choice, Quot.sound]
⚠ [8679/8718] Replayed PrimeNumberTheoremAnd.StrongPNT
warning: PrimeNumberTheoremAnd/StrongPNT.lean:2860:8: declaration uses `sorry`
warning: PrimeNumberTheoremAnd/StrongPNT.lean:3268:6: declaration uses `sorry`
warning: PrimeNumberTheoremAnd/StrongPNT.lean:3358:6: declaration uses `sorry`
⚠ [8717/8718] Replayed Stage3.ArgIdentity
warning: Stage3/ArgIdentity.lean:1275:52: This simp argument is unused:
  Complex.mul_im

Hint: Omit it from the simp argument list.
  simp only [Complex.add_re, Complex.add_im, Complex.sub_re, Complex.sub_im,
  ̵  ̵ ̵ ̵Complex.neg_re,
  ̲  ̲ ̲ ̲Complex.neg_im, Complex.mul_re, Complex.m̵u̵l̵_̵i̵m̵,̵
  ̵ ̵ ̵ ̵ ̵C̵o̵m̵p̵l̵e̵x̵.̵I_re, Complex.I_im, Complex.log_im]

Note: This linter can be disabled with `set_option linter.unusedSimpArgs false`
warning: Stage3/ArgIdentity.lean:1314:6: Variable name `z` is not explicitly referenced.

The binding can be removed (if unused) or named `_` (if used implicitly).

Note: This linter can be disabled with `set_option linter.unusedVariables false`
warning: Stage3/ArgIdentity.lean:1400:8: This simp argument is unused:
  Complex.ofReal_im

Hint: Omit it from the simp argument list.
  simp only [Complex.add_re, Complex.div_re, Complex.neg_re, Complex.ofReal_re,
          Complex.o̵f̵R̵e̵a̵l̵_̵i̵m̵,̵ ̵C̵o̵m̵p̵l̵e̵x̵.̵normSq_ofNat, Complex.re_ofNat, Complex.im_ofNat]

Note: This linter can be disabled with `set_option linter.unusedSimpArgs false`
warning: Stage3/ArgIdentity.lean:1412:45: This simp argument is unused:
  Complex.smul_im

Hint: Omit it from the simp argument list.
  simp only [Complex.sub_im, Complex.add_im, C̵o̵m̵p̵l̵e̵x̵.̵s̵m̵u̵l̵_̵i̵m̵,̵ ̵Complex.zero_im, smul_eq_mul, Complex.mul_im,
  ̲  ̲ ̲ ̲Complex.I_re, Complex.I_im, Complex.mul_re] at him

Note: This linter can be disabled with `set_option linter.unusedSimpArgs false`
warning: Stage3/ArgIdentity.lean:1413:61: This simp argument is unused:
  Complex.mul_re

Hint: Omit it from the simp argument list.
  simp only [Complex.sub_im, Complex.add_im, Complex.smul_im, Complex.zero_im, smul_eq_mul,
  ̲  ̲ ̲ ̲Complex.mul_im, Complex.I_re, C̵o̵m̵p̵l̵e̵x̵.̵I̵_̵i̵m̵,̵ ̵C̵o̵m̵p̵l̵e̵x̵.̵m̵u̵l̵_̵r̵e̵]̵C̲o̲m̲p̲l̲e̲x̲.̲I̲_̲i̲m̲]̲ at him

Note: This linter can be disabled with `set_option linter.unusedSimpArgs false`
Build completed successfully (8718 jobs).
