# check_prose_source.py  2026-09-06T11:16:59Z
# unit: 0323-weil-series-stage3
# sources searched: 868

FOUND  session/e0529930-f9ed-407f-aa48-0dd5f402f85a.jsonl:130886
  Source: session transcript, 2026-09-06 (this session), the bracket in which slice B2 was asked for

FOUND  notes/lab_notebook_2.md:932
  ## 2026-09-02 — Entry 303 — pricing a Weil-form leaf for Stage 3: the tree's explicit formula has no...

FOUND  session/e0529930-f9ed-407f-aa48-0dd5f402f85a.jsonl:130519
  theorem term_le_M {h γ : ℝ} (hh : 0 < h) (hγ : 11 / 10 ≤ γ) (ρ : Kadiri.NontrivialZeros)

FOUND  session/e0529930-f9ed-407f-aa48-0dd5f402f85a.jsonl:130520
  (hre : (ρ : ℂ).re = 1 / 2) (him : 11 / 10 ≤ (ρ : ℂ).im) :

FOUND  session/e0529930-f9ed-407f-aa48-0dd5f402f85a.jsonl:125011
  (laplace (phiC h γ) (-(ρ : ℂ)) * laplace (phiC h γ) (-(1 - (ρ : ℂ)))).re

FOUND  session/e0529930-f9ed-407f-aa48-0dd5f402f85a.jsonl:130724
  theorem tsum_upper_le_explicit' {h γ : ℝ} (hh : 0 < h) (hγ : 11 / 10 ≤ γ) :

FOUND  session/e0529930-f9ed-407f-aa48-0dd5f402f85a.jsonl:130241
  ∑' ρ : Upper, weightedTerm h γ ρ.1

FOUND  session/e0529930-f9ed-407f-aa48-0dd5f402f85a.jsonl:130726
  ≤ 88 * (γ + 3) ^ 4 * (4 * h ^ 2 + cFar / h ^ 2) * (Real.pi ^ 2 / 6) := by

# 8 found, 0 missing
