BRIDGE 1 - is the coupling arithmetic?   b=2, d=4, matched density
  real zeros                                    +7750.9
  real zeros jittered +-0.25 mean spacing           +8027.2
  real zeros jittered +-0.50 mean spacing           +7824.3
  real zeros jittered +-1.00 mean spacing           +8209.2
  unfolded POISSON, same density                  -86.5
  unfolded GUE (Wigner surmise), same density    +453.9
  predicted for a prime-power base b=2           +7748.4

BRIDGE 2 - the base law swept to b=30   (d=4, all 99,998 zeros)
    b   Lambda(b)   measured     predicted     ratio
    2    0.6931      +7750.9      +7748.4    1.0003
    3    1.0986     +10519.3     +10512.1    1.0007
    4    0.6931      +5650.3      +5649.9    1.0001
    5    1.6094     +11333.5     +11330.2    1.0003
    6    0.0000         +4.2         -0.0         -
    7    1.9459     +10681.9     +10678.5    1.0003
    8    0.6931      +3424.7      +3420.2    1.0013
    9    1.0986      +4916.3      +4921.6    0.9989
   10    0.0000         +2.9         -0.0         -
   11    2.3979      +9061.9      +9063.4    0.9998
   12    0.0000         +1.4         -0.0         -
   13    2.5649      +8379.2      +8379.3    1.0000
   14    0.0000         +1.7         -0.0         -
   15    0.0000         +1.6         -0.0         -
   16    0.6931      +1873.9      +1880.5    0.9965
   17    2.8332      +7274.8      +7274.6    1.0000
   18    0.0000         -2.2         -0.0         -
   19    2.9444      +6826.0      +6828.1    0.9997
   20    0.0000         +5.2         -0.0         -
   21    0.0000         -5.8         -0.0         -
   22    0.0000         +4.9         -0.0         -
   23    3.1355      +6089.7      +6090.2    0.9999
   24    0.0000         +6.1         -0.0         -
   25    1.6094      +2891.3      +2891.2    1.0000
   26    0.0000         +5.4         -0.0         -
   27    1.0986      +1841.4      +1835.5    1.0032
   28    0.0000         +0.0         -0.0         -
   29    3.3673      +5253.8      +5258.2    0.9992
   30    0.0000         -0.7         -0.0         -

BRIDGE 4 - Shannon: entropy of the filter's mass over prime powers b^k
    b    d   H (bits)   2^H = effective rungs read
    2    3     1.451       2.733
    2    6     1.879       3.679
    2   12     2.348       5.091
    3    3     1.424       2.682
    3    6     1.847       3.597
    3   12     2.315       4.976
    6    3     1.338       2.528
    6    6     1.760       3.388
    6   12     2.227       4.680
