DRIFT NULL.  EXPLORATORY, no prereg.  li-based smooth table, dps=60

1. SIGN: cells with T_li < 0: 31 of 1891
   first negative depth per row (sample): r2:d1 r4:d3 r6:d5 r8:d7 r10:d9 r12:d11 r14:d13 r16:d15

2. THE NAMED CELLS — drift vs fluctuation at each:
    (r,d)       T_li            |R|=|T-T_li|     sqrt(mass)   |T_li|/sqrt(m)  class
   ( 2, 1)            -inf              inf          1.4          inf   EXACT
   ( 4, 1)             1.0              1.0          2.0         0.49   EXACT
   ( 8, 3)             2.1              2.1          9.4         0.22   EXACT
   (13, 5)            10.2              9.2         64.0         0.16   near|T|=1
   (20, 6)           453.4            453.4        701.7         0.65   EXACT
   (39,14)        455751.6         468445.6    1850838.8         0.25   near

3. REACHABLE REGION (|T_li| <= 3*sqrt(mass)): 1312 cells
    r : reachable depths
     3 : d in [1,1]  (1 cells)
     4 : d in [1,2]  (2 cells)
     5 : d in [1,3]  (3 cells)
     6 : d in [1,4]  (4 cells)
     7 : d in [1,5]  (5 cells)
     8 : d in [1,6]  (6 cells)
     9 : d in [1,7]  (7 cells)
    10 : d in [2,8]  (7 cells)
    11 : d in [2,9]  (8 cells)
    12 : d in [2,10]  (9 cells)
    13 : d in [2,11]  (10 cells)
    14 : d in [3,12]  (10 cells)
    15 : d in [3,13]  (11 cells)
    16 : d in [3,14]  (12 cells)
    17 : d in [4,15]  (12 cells)
    18 : d in [4,16]  (13 cells)
    19 : d in [5,17]  (13 cells)
    20 : d in [5,18]  (14 cells)
    21 : d in [5,19]  (15 cells)
    22 : d in [6,20]  (15 cells)
    23 : d in [6,21]  (16 cells)
    24 : d in [6,22]  (17 cells)
    25 : d in [7,23]  (17 cells)
    26 : d in [7,24]  (18 cells)
    27 : d in [7,25]  (19 cells)
    28 : d in [8,26]  (19 cells)
    29 : d in [8,27]  (20 cells)
    30 : d in [8,28]  (21 cells)
    31 : d in [9,29]  (21 cells)
    32 : d in [9,30]  (22 cells)
    33 : d in [10,31]  (22 cells)
    34 : d in [10,32]  (23 cells)
    35 : d in [10,33]  (24 cells)
    36 : d in [11,34]  (24 cells)
    37 : d in [11,35]  (25 cells)
    38 : d in [11,36]  (26 cells)
    39 : d in [12,37]  (26 cells)
    40 : d in [12,38]  (27 cells)
    41 : d in [13,39]  (27 cells)
    42 : d in [13,40]  (28 cells)
    43 : d in [13,41]  (29 cells)
    44 : d in [14,42]  (29 cells)
    45 : d in [14,43]  (30 cells)
    46 : d in [14,44]  (31 cells)
    47 : d in [15,45]  (31 cells)
    48 : d in [15,46]  (32 cells)
    49 : d in [16,47]  (32 cells)
    50 : d in [16,48]  (33 cells)
    51 : d in [16,49]  (34 cells)
    52 : d in [17,50]  (34 cells)
    53 : d in [17,51]  (35 cells)
    54 : d in [17,52]  (36 cells)
    55 : d in [18,53]  (36 cells)
    56 : d in [18,54]  (37 cells)
    57 : d in [19,55]  (37 cells)
    58 : d in [19,56]  (38 cells)
    59 : d in [19,57]  (39 cells)
    60 : d in [20,58]  (39 cells)
    61 : d in [20,59]  (40 cells)
    62 : d in [20,60]  (41 cells)

   family inside the reachable region:
   ( 2, 1)  OUT   EXACT
   ( 4, 1)  IN   EXACT
   ( 8, 3)  IN   EXACT
   (13, 5)  IN   near|T|=1
   (20, 6)  IN   EXACT
   (39,14)  IN   near

EXPLORATORY — no prereg, no decision rule, no verdict.
