FLOOR RECONSTRUCTION.  EXPLORATORY, no prereg.  T=74920.0  N(T)=99998
  teeth: 78734 prime powers <= 1000000

GENERIC GRID (4096 points), mean-removed:
    Nmax     |r|_C    r_Re     r_Im     |scale|  arg(scale)  resid/meas
     1e+04   1.000  +1.000  +1.000    1.000   +0.000     0.398
     1e+05   1.000  +1.000  +0.999    0.999   +0.000     0.677
     1e+06   0.999  +1.000  +0.996    0.998   +0.000     1.255

  residual per octave (Nmax=1e6): median|resid| vs median|meas floor|
    [  2,  8)     13.71   vs    4.63
    [  8, 32)      5.91   vs    6.43
    [ 32,128)      3.68   vs    9.43
    [128,512)     15.74   vs   16.62

JITTERED-TEETH NULL (Nmax=1e5, teeth moved 0.05-0.15 in log):
    |r|_C 0.004   r_Re -0.004   r_Im -0.002

INTEGERS (511 points): delta_measured vs delta_model  r = +0.947
    median |delta_meas - delta_model| = 8.00   vs median |delta_meas| = 6.84

DETRENDED FLOOR-ONLY TEST (cubic in u removed from both sides):
    Nmax    r_Re,fl  r_Im,fl   resid/floor (median, floor pts)
     1e+04  +0.996  +0.994      0.103
     1e+05  +0.997  +0.994      0.093
     1e+06  +0.997  +0.995      0.086

EXPLORATORY — no prereg, no decision rule, no verdict.
