C1 — Landau deviation.  EXPLORATORY, no prereg.  T=74920.0  N(T)=99998
  sqrt(N) = 316.2   sqrt(N/2) = 223.6

PER-X SCAN  delta(x) for all integer x in [2, 512]
  octave-binned medians of |delta|, against the two shapes:
    bin           n   med|delta|   med/sqrt(x)   med/(sqrt(x)log(xT))
    [  2,  4)     2        0.62        0.37       0.030
    [  4,  8)     4        0.24        0.10       0.008
    [  8, 16)     8        1.99        0.59       0.043
    [ 16, 32)    16        2.15        0.45       0.032
    [ 32, 64)    32        4.20        0.62       0.042
    [ 64,128)    64        4.81        0.51       0.032
    [128,256)   128        6.92        0.51       0.031
    [256,512)   256       10.12        0.53       0.031
  least-squares slope of log|delta| vs log x: +0.589   (envelope shape = +0.500, flat oscillation = 0.000)
  median |delta|: prime powers 5.81  vs Lambda=0 x 7.43   (main term subtracted only where Lambda>0)

D(b,d) = measured - P, with exact-decomposition check (max rel err)
   b  Lam(b) |  d=1         d=2         d=3         d=6         d=9         d=12      
    2  0.693 |      -0.49       -0.56       +0.13      +14.44      +45.28     +163.22 
    3  1.099 |      +0.32       +1.84       +4.12      +16.04      +70.68     +646.41 
    4  0.693 |      -0.43       -0.26       +0.01       +3.63     +118.13     +906.74 
    5  1.609 |      -0.11       +0.33       +1.28      +14.75      +71.04      +97.39 
    6  0.000 |      -0.10       +0.88       +2.64       -1.88      -58.57     -124.74 
    7  1.946 |      +0.02       +0.72       +1.59      +15.10      +82.17     +347.76 
    8  0.693 |      +0.33       +1.16       +2.14      +22.53      +62.44     -440.55 
    9  1.099 |      -1.20       -1.97       -3.27      -11.83      -22.62      +84.19 
   10  0.000 |      -0.01       +1.03       +2.15       +5.53      +59.67     +347.86 
   12  0.000 |      -0.09       +0.12       +0.43      +10.85      +72.07     +188.34 
   16  0.693 |      -0.60       -0.69       -1.84      -40.09     -197.31     -506.33 
   25  1.609 |      -0.55       -0.49       -0.27       +3.88      +37.42     +163.98 
   27  1.099 |      -0.44       +0.09       +1.97      +24.31     +100.11     +281.66 
  decomposition identity max relative error: 2.64e-09

DOMINANT k IN D(2,9)  — term_k = C(9,k)(-1)^k 2^(-k/2) delta(2^k)
    k=1  x=   2  delta=    +0.70   term=    -4.43
    k=2  x=   4  delta=    +0.85   term=   +15.32
    k=3  x=   8  delta=    -0.92   term=   +27.45
    k=4  x=  16  delta=    +2.38   term=   +75.10
    k=5  x=  32  delta=    +4.69   term=  -104.45
    k=6  x=  64  delta=    +4.01   term=   +42.13
    k=7  x= 128  delta=    +3.15   term=   -10.02
    k=8  x= 256  delta=    +8.02   term=    +4.51
    k=9  x= 512  delta=    +7.80   term=    -0.34
    sum = +45.28   D(2,9) = +45.28

BASE DEPENDENCE at d=9:  |D| against Lambda(b)
    corr(Lambda(b), |D(b,9)|) = -0.065
    mean |D(b,9)|:  Lambda=0 bases 63.44  ([6, 10, 12])
                    Lambda>0 bases 80.72  ([2, 3, 4, 5, 7, 8, 9, 16, 25, 27])

T-STABILITY  delta(x,T) at three cuts, x = 2, 6, 64:
      T        N     sqrt(N) |  d(2)      d(2)/sqN | d(6)      d(6)/sqN | d(64)     d(64)/sqN
     18730    20868    144.5 |    +2.58   +0.018 |    +2.52   +0.017 |    +1.80   +0.012
     37460    45867    214.2 |    +0.49   +0.002 |    +1.65   +0.008 |    +1.60   +0.007
     74920    99998    316.2 |    +0.70   +0.002 |    +0.24   +0.001 |    +4.01   +0.013

EXPLORATORY — no prereg, no decision rule, no verdict.
