  log2/logT = 0.061755   diagonal = 0.7472
  evaluating unweighted F_0 at 70 shifted points

  PREDICTED (p=q part only) vs MEASURED
        |    0.20    0.40    0.60    0.80    0.84    0.88    0.92    1.00    1.20    1.50
  ---------------------------------------------------------------------------------------
  d=1 pr |  0.2972  0.3613  0.5679  0.7446  0.7683  0.7840  0.7820  0.7717  0.7482  0.7421
  d=1 ms |  0.2913  0.3418  0.5409  0.7289  0.7636  0.7896  0.7816  0.7773  0.7503  0.7351
  d=1 XT | -0.0059 -0.0195 -0.0270 -0.0157 -0.0047  0.0056 -0.0004  0.0056  0.0021 -0.0070   <p>=0.333  predicted peak shift +0.0206

  d=2 pr |  0.4179  0.3355  0.5403  0.7246  0.7523  0.7734  0.7821  0.7756  0.7509  0.7407
  d=2 ms |  0.4185  0.3147  0.5104  0.7033  0.7407  0.7718  0.7830  0.7805  0.7551  0.7323
  d=2 XT |  0.0006 -0.0208 -0.0299 -0.0213 -0.0116 -0.0016  0.0009  0.0049  0.0042 -0.0084   <p>=0.769  predicted peak shift +0.0475

  d=3 pr |  0.6821  0.3111  0.5132  0.7034  0.7341  0.7596  0.7761  0.7797  0.7525  0.7409
  d=3 ms |  0.7010  0.2910  0.4834  0.6781  0.7160  0.7501  0.7759  0.7842  0.7580  0.7343
  d=3 XT |  0.0189 -0.0201 -0.0298 -0.0253 -0.0181 -0.0095 -0.0002  0.0045  0.0055 -0.0066   <p>=1.190  predicted peak shift +0.0735

  d=6 pr |  2.4048  0.2777  0.4342  0.6344  0.6706  0.7042  0.7339  0.7734  0.7597  0.7452
  d=6 ms |  2.5371  0.2623  0.4073  0.6033  0.6420  0.6798  0.7178  0.7736  0.7626  0.7486
  d=6 XT |  0.1323 -0.0154 -0.0269 -0.0311 -0.0286 -0.0244 -0.0161  0.0002  0.0029  0.0034   <p>=2.438  predicted peak shift +0.1506

  PEAK LOCATION, off-diagonal, on the alpha grid
   d   measured peak   predicted peak (0.88 + <p>*log2/logT)
   0      0.88            0.880
   1      0.88            0.901
   2      0.92            0.928
   3      1.00            0.954
   6      1.00            1.031
