LANDAU-GONEK  Re sum x^{i gamma}  vs  -(T/2pi) Lambda(x)/sqrt(x)
      x       measured        predicted     ratio    class
      2         -5843.5         -5844.2    0.9999   prime
      3         -7563.7         -7563.1    1.0001   prime
      5         -8582.1         -8582.4    1.0000   prime
      7         -8769.9         -8769.8    1.0000   prime
     13         -8480.1         -8482.5    0.9997   prime
      6             0.2             0.0             composite
     10             0.0             0.0             composite
     15             2.1             0.0             composite

FIRST MOMENT OF THE TABLE WEIGHT   N(T)=99998   (T/2pi)log2=8265.0
   d      measured Re         predicted      ratio    (1-2^-d)
   0           99998.0           99998.0   1.00000   0.0000
   1          104130.0          104130.5   1.00000   0.5000
   2          106196.2          106196.8   0.99999   0.7500
   3          107230.0          107229.9   1.00000   0.8750
   4          107748.9          107746.4   1.00002   0.9375
   5          108011.9          108004.7   1.00007   0.9688
   6          108148.3          108133.9   1.00013   0.9844
   7          108222.1          108198.4   1.00022   0.9922
   8          108264.6          108230.7   1.00031   0.9961
   9          108292.1          108246.9   1.00042   0.9980
