  T=74920  N=99998  CUT=60.0  diagonal=0.7472
  alpha grid: [np.float64(0.2), np.float64(0.4), np.float64(0.6), np.float64(0.8), np.float64(0.84), np.float64(0.88), np.float64(0.92), np.float64(1.0), np.float64(1.2), np.float64(1.5)]

   d  |   0.20   0.40   0.60   0.80   0.84   0.88   0.92   1.00   1.20   1.50
  ---------------------------------------------------------------------------
   0  | 0.2426 0.3808 0.5888 0.7594 0.7795 0.7909 0.7799 0.7689 0.7456 0.7438
   1  | 0.2913 0.3418 0.5409 0.7289 0.7636 0.7896 0.7816 0.7773 0.7503 0.7351
   2  | 0.4185 0.3147 0.5104 0.7033 0.7407 0.7718 0.7830 0.7805 0.7551 0.7323
   3  | 0.7010 0.2910 0.4834 0.6781 0.7160 0.7501 0.7759 0.7842 0.7580 0.7343
   6  | 2.5371 0.2623 0.4073 0.6033 0.6420 0.6798 0.7178 0.7736 0.7626 0.7486

  OFF-DIAGONAL ONLY  (F_d - diagonal):
   d  |   0.20   0.40   0.60   0.80   0.84   0.88   0.92   1.00   1.20   1.50
  ---------------------------------------------------------------------------
   0  |-0.5046-0.3663-0.1584 0.0122 0.0323 0.0438 0.0328 0.0218-0.0015-0.0034
   1  |-0.4558-0.4053-0.2063-0.0183 0.0164 0.0424 0.0345 0.0301 0.0031-0.0120
   2  |-0.3287-0.4324-0.2368-0.0439-0.0064 0.0246 0.0358 0.0333 0.0080-0.0149
   3  |-0.0462-0.4561-0.2638-0.0691-0.0311 0.0029 0.0287 0.0371 0.0109-0.0128
   6  | 1.7899-0.4848-0.3399-0.1439-0.1052-0.0674-0.0294 0.0264 0.0154 0.0014

  DIFFERENCE FROM UNWEIGHTED  (F_d - F_0):
   1  | 0.0487-0.0390-0.0479-0.0305-0.0159-0.0013 0.0017 0.0084 0.0047-0.0087
   2  | 0.1759-0.0661-0.0784-0.0561-0.0388-0.0192 0.0030 0.0116 0.0095-0.0115
   3  | 0.4584-0.0898-0.1054-0.0813-0.0634-0.0408-0.0041 0.0153 0.0124-0.0095
   6  | 2.2945-0.1185-0.1815-0.1561-0.1375-0.1112-0.0621 0.0046 0.0170 0.0048
