# check_prose_source.py  2026-09-09T07:54:12Z
# unit: 0371-weilpowerassembly-close-stage3
# sources searched: 886

FOUND  session/e0529930-f9ed-407f-aa48-0dd5f402f85a.jsonl:196966
  Source: session transcript, 2026-09-09, after unit 0370

FOUND  session/e0529930-f9ed-407f-aa48-0dd5f402f85a.jsonl:196973
  theorem near_nonneg {ε T h γ : ℝ} {m : ℕ} (hε : 0 < ε) (hT : 2 ≤ T) (hh : 0 < h) (hm : 1 ≤ m)

FOUND  session/e0529930-f9ed-407f-aa48-0dd5f402f85a.jsonl:196974
  (near_set : Finset ℂ) (h_near_sub : ↑near_set ⊆ WeilDetect.OffLineBox ε T)

FOUND  session/e0529930-f9ed-407f-aa48-0dd5f402f85a.jsonl:196975
  (h_pointwise : ∀ ρ ∈ near_set, 0 ≤ WeilPowerBands.termW h γ m ρ) :

FOUND  session/e0529930-f9ed-407f-aa48-0dd5f402f85a.jsonl:196976
  0 ≤ ∑ ρ ∈ near_set, WeilPowerBands.termW h γ m ρ

FOUND  session/e0529930-f9ed-407f-aa48-0dd5f402f85a.jsonl:196980
  theorem far_moderate_le {ε T h γ : ℝ} {m : ℕ} (hε : 0 < ε) (hT : 2 ≤ T) (hh : 0 < h) (hm : 1 ≤ m)

FOUND  session/e0529930-f9ed-407f-aa48-0dd5f402f85a.jsonl:196981
  (fm_set : Finset ℂ) (h_fm_sub : ↑fm_set ⊆ WeilDetect.OffLineBox ε T)

FOUND  session/e0529930-f9ed-407f-aa48-0dd5f402f85a.jsonl:196982
  (h_fm_card : (fm_set.card : ℝ) ≤ 15 * Real.log T + 73)

FOUND  session/e0529930-f9ed-407f-aa48-0dd5f402f85a.jsonl:196983
  (U_mem : ℝ) (h_bound : ∀ ρ ∈ fm_set, |WeilPowerBands.termW h γ m ρ| ≤ (h/2)^2 * U_mem^2) :

FOUND  session/e0529930-f9ed-407f-aa48-0dd5f402f85a.jsonl:196984
  |∑ ρ ∈ fm_set, WeilPowerBands.termW h γ m ρ| ≤ (15 * Real.log T + 73) * ((h/2)^2 * U_mem^2)

# 10 found, 0 missing
