B1. h0(eps, T, delta), lam = 1: the least h with |target| > background + cluster + far
     eps      T   delta        h0     L=2h0     lo/h0  gap 2pi/logT  binding
     0.5  1e+03     1.0       892      1784  8.69e-03         0.910       bg
     0.5  1e+03     0.3       892      1784  8.69e-03         0.910       bg
     0.5  1e+03     0.1      2638      5276  2.94e-03         0.910  cluster
     0.5  1e+03    0.03     29109     58218  2.66e-04         0.910  cluster
     0.5  1e+03    0.01    261814    523628  2.96e-05         0.910  cluster
     0.5  1e+06     1.0      1449      2898  5.35e-03         0.455       bg
     0.5  1e+06     0.3      1449      2898  5.35e-03         0.455       bg
     0.5  1e+06     0.1      2872      5744  2.70e-03         0.455  cluster
     0.5  1e+06    0.03     31704     63408  2.44e-04         0.455  cluster
     0.5  1e+06    0.01    285172    570344  2.72e-05         0.455  cluster
     0.5  1e+12     1.0      2555      5110  3.03e-03         0.227       bg
     0.5  1e+12     0.3      2555      5110  3.03e-03         0.227       bg
     0.5  1e+12     0.1      3152      6304  2.46e-03         0.227  cluster
     0.5  1e+12    0.03     34817     69634  2.23e-04         0.227  cluster
     0.5  1e+12    0.01    313183    626366  2.48e-05         0.227  cluster
    0.25  1e+03     1.0      3777      7554  4.10e-03         0.910       bg
    0.25  1e+03     0.3      3777      7554  4.10e-03         0.910       bg
    0.25  1e+03     0.1      3785      7570  4.10e-03         0.910       bg
    0.25  1e+03    0.03     28629     57258  5.42e-04         0.910  cluster
    0.25  1e+03    0.01    257023    514046  6.03e-05         0.910  cluster
    0.25  1e+06     1.0      5995     11990  2.59e-03         0.455       bg
    0.25  1e+06     0.3      5995     11990  2.59e-03         0.455       bg
    0.25  1e+06     0.1      5995     11990  2.59e-03         0.455       bg
    0.25  1e+06    0.03     31176     62352  4.97e-04         0.455  cluster
    0.25  1e+06    0.01    279948    559896  5.54e-05         0.455  cluster
    0.25  1e+12     1.0     10407     20814  1.49e-03         0.227       bg
    0.25  1e+12     0.3     10407     20814  1.49e-03         0.227       bg
    0.25  1e+12     0.1     10407     20814  1.49e-03         0.227       bg
    0.25  1e+12    0.03     34230     68460  4.53e-04         0.227  cluster
    0.25  1e+12    0.01    307440    614880  5.04e-05         0.227  cluster
     0.1  1e+03     1.0     25424     50848  1.52e-03         0.910       bg
     0.1  1e+03     0.3     25424     50848  1.52e-03         0.910       bg
     0.1  1e+03     0.1     25424     50848  1.52e-03         0.910       bg
     0.1  1e+03    0.03     28878     57756  1.34e-03         0.910  cluster
     0.1  1e+03    0.01    256076    512152  1.51e-04         0.910  cluster
     0.1  1e+06     1.0     39263     78526  9.87e-04         0.455       bg
     0.1  1e+06     0.3     39263     78526  9.87e-04         0.455       bg
     0.1  1e+06     0.1     39263     78526  9.87e-04         0.455       bg
     0.1  1e+06    0.03     39396     78792  9.84e-04         0.455       bg
     0.1  1e+06    0.01    278881    557762  1.39e-04         0.455  cluster
     0.1  1e+12     1.0     66800    133600  5.80e-04         0.227       bg
     0.1  1e+12     0.3     66800    133600  5.80e-04         0.227       bg
     0.1  1e+12     0.1     66800    133600  5.80e-04         0.227       bg
     0.1  1e+12    0.03     66802    133604  5.80e-04         0.227       bg
     0.1  1e+12    0.01    306227    612454  1.27e-04         0.227  cluster

B2. scaling of h0 in delta at eps = 1/4, T = 1e6: h0 * delta^2 (constant if the cluster term binds as 1/delta^2)
   delta=1.0   h0=5995     h0*delta^2=   5995.0  binding=bg
   delta=0.3   h0=5995     h0*delta^2=    539.5  binding=bg
   delta=0.1   h0=5995     h0*delta^2=     60.0  binding=bg
   delta=0.03  h0=31176    h0*delta^2=     28.1  binding=cluster
   delta=0.01  h0=279948   h0*delta^2=     28.0  binding=cluster
