/Users/juliansambrano/GitHub/Primebeat_081426/analysis/2026-09-07/induction_bump_train.py:146: UserWarning: Converting a tensor with requires_grad=True to a scalar may lead to unexpected behavior.
Consider using tensor.detach() first. (Triggered internally at /Users/runner/work/pytorch/pytorch/torch/csrc/autograd/generated/python_variable_methods.cpp:821.)
  print(f"step {step:5d}  train {float(total):.4f}  eval {float(et):.4f}  "
step     1  train 5.6998  eval 5.7021  copy 5.7119  noncopy 5.6990  0s
step  1024  train 4.3236  eval 4.3215  copy 4.3245  noncopy 4.3205  34s
step  2048  train 4.3448  eval 4.3214  copy 4.3257  noncopy 4.3200  68s
step  3072  train 4.2843  eval 4.3210  copy 4.3239  noncopy 4.3200  102s
step  4096  train 4.2939  eval 4.3199  copy 4.3203  noncopy 4.3198  136s
step  5120  train 4.3369  eval 4.3181  copy 4.3082  noncopy 4.3213  170s
step  6144  train 4.3148  eval 4.3133  copy 4.2840  noncopy 4.3227  204s
step  7168  train 4.2970  eval 4.3102  copy 4.2653  noncopy 4.3246  238s
step  8192  train 4.2888  eval 4.3046  copy 4.2322  noncopy 4.3278  272s
step  9216  train 4.2619  eval 4.2917  copy 4.1558  noncopy 4.3351  306s
step 10240  train 4.0760  eval 4.0799  copy 3.1250  noncopy 4.3850  340s
step 11264  train 3.8833  eval 3.8888  copy 2.2575  noncopy 4.4101  374s
step 12288  train 3.8055  eval 3.8569  copy 2.0765  noncopy 4.4258  408s
step 13312  train 3.8392  eval 3.8226  copy 1.9142  noncopy 4.4325  442s
step 14336  train 3.7801  eval 3.7681  copy 1.7539  noncopy 4.4118  476s
step 15360  train 3.7240  eval 3.7478  copy 1.6535  noncopy 4.4171  510s
step 16384  train 3.7557  eval 3.7475  copy 1.6907  noncopy 4.4048  543s
step 17408  train 3.7260  eval 3.7314  copy 1.6190  noncopy 4.4065  577s
step 18432  train 3.7180  eval 3.7024  copy 1.4804  noncopy 4.4125  611s
step 19456  train 3.7064  eval 3.6997  copy 1.4683  noncopy 4.4128  644s
step 20480  train 3.6740  eval 3.6916  copy 1.4101  noncopy 4.4208  672s
step 21504  train 3.6798  eval 3.6921  copy 1.4341  noncopy 4.4138  700s
step 22528  train 3.6529  eval 3.6906  copy 1.4547  noncopy 4.4051  727s
step 23552  train 3.6253  eval 3.6864  copy 1.4304  noncopy 4.4074  755s
step 24576  train 3.7011  eval 3.6859  copy 1.4541  noncopy 4.3992  783s
step 25600  train 3.7083  eval 3.6825  copy 1.3954  noncopy 4.4135  810s
step 26624  train 3.6592  eval 3.6808  copy 1.3859  noncopy 4.4142  838s
step 27648  train 3.7031  eval 3.6813  copy 1.4214  noncopy 4.4035  866s
step 28672  train 3.6919  eval 3.6838  copy 1.4552  noncopy 4.3960  893s
step 29696  train 3.6730  eval 3.6792  copy 1.3895  noncopy 4.4110  921s
step 30720  train 3.6872  eval 3.6792  copy 1.4081  noncopy 4.4051  949s
step 31744  train 3.7049  eval 3.6778  copy 1.4274  noncopy 4.3969  976s
step 32768  train 3.6915  eval 3.6765  copy 1.3951  noncopy 4.4056  1004s

  results written to /Users/juliansambrano/GitHub/Primebeat_081426/analysis/2026-09-07/results/induction_bump_L2_seed2.json
wrote /Users/juliansambrano/GitHub/Primebeat_081426/analysis/2026-09-07/results/induction_bump_L2_seed2.json
