==============================================================================
O18 — joint multiplicative ladder  (fit-free; exact counts; projection, not fit)
==============================================================================
  O17 showed a geometric ladder of ratio r samples log x at spacing log(r), so the
  projection Nyquist is pi/log(r): 4.5324 for base 2 and 2.8595 for base 3, both far
  below gamma_1 = 14.134725. Each integer base alone is therefore blind to every zero.
  This script asks whether the bases are blind JOINTLY. The semigroup {2^m 3^n} is
  IRREGULARLY spaced in log x, and irregular sampling is NOT bound by the uniform
  rate. Interpretation of the numbers below is NOT this script's job.

  x0 = 1000   xmax = 150000000   dps = 30   surrogates = 200   seed = 2026
  pi/log2 = 4.532360     pi/log3 = 2.859601

  sieving primes to 150000000...
  8444396 primes, largest = 149999957

  building ladders (multipliers as EXACT Python integers; sort and dedup exact)...

   ladder   rungs            first x             last x     gap min     gap med     gap max   pi/gap_med
       L2      18               1000          131072000   0.6931472   0.6931472   0.6931472     4.532360
       L3      11               1000           59049000   1.0986123   1.0986123   1.0986123     2.859601
      L23     108               1000          147456000   0.0521160   0.1177830   0.6931472    26.672709
     L235     341               1000          150000000   0.0011285   0.0237165   0.6931472   132.464281
    L_irr     108               1000          147456000   0.0002071   0.0765565   0.5799353    41.036278

  reference: log 2 = 0.6931472   log 3 = 1.0986123   log 5 = 1.6094379
  For L2 and L3 the log-gaps are CONSTANT, so pi/gap IS the uniform Nyquist limit.
  For L23, L235 and L_irr the gaps are IRREGULAR and pi/median_gap is a DESCRIPTIVE
  NUMBER ONLY, NOT A BOUND — irregular sampling is not limited by the uniform rate.

  running pipeline on L2 (18 rungs, 17 blocks); computing R at mp.dps = 30 (mpmath.riemannr) ...
  L2: total primes counted = 7435429, block size 135..3565231, verdict NULL

  running pipeline on L3 (11 rungs, 10 blocks); computing R at mp.dps = 30 (mpmath.riemannr) ...
  L3: total primes counted = 3508923, block size 262..2257430, verdict NULL

  running pipeline on L23 (108 rungs, 107 blocks); computing R at mp.dps = 30 (mpmath.riemannr) ...
  L23: total primes counted = 8309087, block size 110..566394, verdict NULL

  running pipeline on L235 (341 rungs, 340 blocks); computing R at mp.dps = 30 (mpmath.riemannr) ...
  L235: total primes counted = 8444228, block size 88..201983, verdict DETECT

  running pipeline on L_irr (108 rungs, 107 blocks); computing R at mp.dps = 30 (mpmath.riemannr) ...
  L_irr: total primes counted = 8309087, block size 0..1669683, verdict NULL

  distinct R(x) evaluations : 449

------------------------------------------------------------------------------
BLOCKS — L2 — one row per disjoint interval (x_j, x_{j+1}]
------------------------------------------------------------------------------
  x = x0 * 2^m, m >= 0 (pure dyadic; uniform log-gap = log 2)
     j                x_j            x_{j+1}        c_j                L_j              e_j         ehat_j
     0               1000               2000        135      134.975827664      0.024172336   0.0007643964
     1               2000               4000        247      247.750463029      -0.75046303    -0.01678086
     2               4000               8000        457      457.477992059      -0.47799206   -0.007557718
     3               8000              16000        855      849.258970035          5.74103     0.06418667
     4              16000              32000       1570      1584.07555466       -14.075555      -0.111277
     5              32000              64000       2981      2967.29011813        13.709882     0.07664057
     6              64000             128000       5574      5579.59110231       -5.5911023    -0.02210077
     7             128000             256000      10538      10527.7793045        10.220695     0.02856771
     8             256000             512000      19920      19925.8938574       -5.8938574    -0.01164876
     9             512000            1024000      37820      37819.7051497       0.29485031   0.0004120658
    10            1024000            2048000      71987      71965.7725088        21.227491     0.02097726
    11            2048000            4096000     137259      137259.710777      -0.71077734  -0.0004966708
    12            4096000            8192000     262303      262351.006159       -48.006159    -0.02372013
    13            8192000           16384000     502358      502421.627073       -63.627073    -0.02223038
    14           16384000           32768000     964086      963899.824752        186.17525     0.04599514
    15           32768000           65536000    1852108      1852307.22892       -199.22892    -0.03480386
    16           65536000          131072000    3565231      3564985.47506        245.52494     0.03032883

  ehat: n = 17  min = -0.1112770301  max = 0.07664056955  mean = 0.001015085622  RMS = 0.0419382116

------------------------------------------------------------------------------
BLOCKS — L3 — one row per disjoint interval (x_j, x_{j+1}]
------------------------------------------------------------------------------
  x = x0 * 3^n, n >= 0 (pure triadic; uniform log-gap = log 3)
     j                x_j            x_{j+1}        c_j                L_j              e_j         ehat_j
     0               1000               3000        262      261.366444223       0.63355578     0.02003479
     1               3000               9000        687       688.66965772       -1.6696577    -0.03048364
     2               9000              27000       1844      1839.23352472        4.7664753     0.05024306
     3              27000              81000       4964       4967.8094279       -3.8094279    -0.02318344
     4              81000             243000      13543      13546.1610183       -3.1610183    -0.01110669
     5             243000             729000      37246      37235.8550217        10.144978     0.02058012
     6             729000            2187000     103077      103060.061022        16.938978     0.01983917
     7            2187000            6561000     286872      286938.385497       -66.385497    -0.04488992
     8            6561000           19683000     802998      803001.968567       -3.9685674   -0.001549347
     9           19683000           59049000    2257430      2257326.95515        103.04485     0.02322633

  ehat: n = 10  min = -0.04488991906  max = 0.05024306102  mean = 0.002271044482  RMS = 0.02808904169

------------------------------------------------------------------------------
BLOCKS — L23 — one row per disjoint interval (x_j, x_{j+1}]
------------------------------------------------------------------------------
  x = x0 * 2^m * 3^n, m,n >= 0 (the joint orbit; irregular)
     j                x_j            x_{j+1}        c_j                L_j              e_j         ehat_j
     0               1000               2000        135      134.975827664      0.024172336   0.0007643964
     1               2000               3000        127      126.390616559       0.60938344     0.01362623
     2               3000               4000        120       121.35984647       -1.3598465    -0.02482729
     3               4000               6000        233      233.066735572     -0.066735572   -0.001055182
     4               6000               8000        224      224.411256487      -0.41125649   -0.005309298
     5               8000               9000        110       109.83181919       0.16818081    0.001880319
     6               9000              12000        321      322.306907024        -1.306907    -0.01377601
     7              12000              16000        424       417.12024382        6.8797562     0.06280329
     8              16000              18000        202      204.428483891       -2.4284839    -0.01919885
     9              18000              24000        604      600.741212318        3.2587877     0.02428957
    10              24000              27000        293      294.636677663       -1.6366777    -0.01056471
    11              27000              32000        471      484.269180785       -13.269181    -0.08075366
    12              32000              36000        392      382.207045847        9.7929542     0.05474428
    13              36000              48000       1122      1124.56892949       -2.5689295    -0.01353945
    14              48000              54000        554       552.18666612        1.8133339    0.008276699
    15              54000              64000        913      908.327476671        4.6725233     0.02010734
    16              64000              72000        715      717.460456229       -2.4604562   -0.009725807
    17              72000              81000        797      798.789672748       -1.7896727   -0.006669717
    18              81000              96000       1327      1314.56043758        12.439562     0.04370817
    19              96000             108000       1022      1038.77339923       -16.773399    -0.05413591
    20             108000             128000       1713      1710.00713653        2.9928635    0.009106994
    21             128000             144000       1356      1351.64487215        4.3551278     0.01217295
    22             144000             162000       1509      1505.73014669        3.2698533     0.00861682
    23             162000             192000       2474      2479.68736331       -5.6873633    -0.01413037
    24             192000             216000       1961      1960.77703835       0.22296165    0.000508838
    25             216000             243000       2181      2184.98062448       -3.9806245    -0.00856494
    26             243000             256000       1057      1044.95925956         12.04074     0.02442587
    27             256000             288000       2537      2554.68936826       -17.689368    -0.03496168
    28             288000             324000       2857      2847.39983338        9.6001666     0.01788885
    29             324000             384000       4684      4692.13842663       -8.1384266    -0.01429776
    30             384000             432000       3714      3712.48921748        1.5107825    0.002438015
    31             432000             486000       4128      4139.02087022        -11.02087    -0.01676772
    32             486000             512000       2000       1980.1561414        19.843859     0.02846479
    33             512000             576000       4835      4842.71855503        -7.718555    -0.01078701
    34             576000             648000       5394      5400.12902377       -6.1290238   -0.008075698
    35             648000             729000       6040      6022.15432595        17.845674     0.02216897
    36             729000             768000       2868      2881.60838373       -13.608384    -0.01593833
    37             768000             864000       7054      7048.66036048        5.3396395    0.006093002
    38             864000             972000       7868      7861.98741391        6.0125861    0.006468513
    39             972000            1024000       3761      3762.44708681       -1.4470868   -0.001467782
    40            1024000            1152000       9189      9204.44079849       -15.440798    -0.01525878
    41            1152000            1296000      10286      10268.2918961        17.708104     0.01649855
    42            1296000            1458000      11460      11455.8917562        4.1082438    0.003608724
    43            1458000            1536000       5484      5483.28630328       0.71369672   0.0005910646
    44            1536000            1728000      13395       13416.599549       -21.599549    -0.01742806
    45            1728000            1944000      15011      14970.7739002          40.2261     0.03060103
    46            1944000            2048000       7162      7166.48830557       -4.4883056   -0.003219099
    47            2048000            2187000       9539      9539.58526812      -0.58526812  -0.0004089685
    48            2187000            2304000       7998      7997.54182111       0.45817889   0.0003098209
    49            2304000            2592000      19546      19571.7075444       -25.707544    -0.01693633
    50            2592000            2916000      21843      21843.7045866      -0.70458657  -0.0004376399
    51            2916000            3072000      10425      10458.1767985       -33.176798    -0.01942856
    52            3072000            3456000      25699      25596.2368344        102.76317     0.05863094
    53            3456000            3888000      28503      28571.8719813       -68.871981    -0.03704723
    54            3888000            4096000      13706       13680.885943        25.114057     0.01273661
    55            4096000            4374000      18152      18214.4519577       -62.451958    -0.03085788
    56            4374000            4608000      15305      15272.8831221        32.116878     0.01535656
    57            4608000            5184000      37407      37385.7281449        21.271855     0.00990944
    58            5184000            5832000      41671      41740.3532122       -69.353212    -0.03046029
    59            5832000            6144000      20016      19989.1124469        26.887553     0.01113378
    60            6144000            6561000      26601      26615.7311044       -14.731104   -0.005943054
    61            6561000            6912000      22382      22319.5709805        62.429019     0.02437258
    62            6912000            7776000      54622      54642.7005228       -20.700523   -0.007873711
    63            7776000            8192000      26147      26170.4746671       -23.474667    -0.00841824
    64            8192000            8748000      34914      34848.6313684        65.368632     0.02283886
    65            8748000            9216000      29183      29225.5089543       -42.508954    -0.01437229
    66            9216000           10368000      71469      71556.6860893       -87.686089    -0.02888414
    67           10368000           11664000      80050      79917.2706889        132.72931     0.04122108
    68           11664000           12288000      38250      38280.4404287       -30.440429   -0.008913064
    69           12288000           13122000      50936      50978.9135189       -42.913519    -0.01224203
    70           13122000           13824000      42778       42756.881513        21.118487    0.005829923
    71           13824000           15552000     104654      104700.971796       -46.971796     -0.0126334
    72           15552000           16384000      50124      50156.3227161       -32.322716   -0.008196241
    73           16384000           17496000      66971      66798.4289752        172.57102     0.04263418
    74           17496000           18432000      55986      56028.4121494       -42.412149     -0.0101396
    75           18432000           19683000      74532      74620.7541989       -88.754199    -0.02067296
    76           19683000           20736000      62675      62591.0653426        83.934657     0.01891889
    77           20736000           23328000     153280      153288.987195       -8.9871948   -0.001973611
    78           23328000           24576000      73448      73440.9524271        7.0475729    0.001459153
    79           24576000           26244000      97717      97817.2142711       -100.21427    -0.02021501
    80           26244000           27648000      82130       82052.798077        77.201923     0.01506999
    81           27648000           31104000     201023      200968.856707        54.143293     0.01029705
    82           31104000           32768000      96324      96292.3554085        31.644592    0.005674027
    83           32768000           34992000     128057      128260.710006       -203.71001    -0.03558667
    84           34992000           36864000     107555      107596.048132       -41.048132   -0.006939194
    85           36864000           39366000     143561      143320.425581        240.57442     0.03962308
    86           39366000           41472000     120227      120232.147438       -5.1474377  -0.0008204091
    87           41472000           46656000     294519      294513.888818        5.1111819   0.0007936771
    88           46656000           49152000     140923      141129.309832       -206.30983    -0.03020412
    89           49152000           52488000     188134      187997.779174        136.22083        0.01943
    90           52488000           55296000     157578      157720.707791       -142.70779     -0.0196978
    91           55296000           59049000     210279      210103.708955        175.29104     0.02357289
    92           59049000           62208000     176140      176270.289882       -130.28988    -0.01695526
    93           62208000           65536000     185135      185162.213315       -27.213315   -0.003450312
    94           65536000           69984000     246784      246666.887998          117.112     0.01446643
    95           69984000           73728000     207114      206951.988483        162.01152     0.01936629
    96           73728000           78732000     275463      275700.339548       -237.33955    -0.02764101
    97           78732000           82944000     231509      231315.726717        193.27328     0.02178192
    98           82944000           93312000     566394       566722.52148       -328.52148    -0.03607209
    99           93312000           98304000     271817      271618.766546        198.23345     0.02052146
   100           98304000          104976000     361947      361867.407643        79.592357    0.008027601
   101          104976000          110592000     303727      303626.100161        100.89984    0.009847942
   102          110592000          118098000     404392      404517.776217       -125.77622    -0.01196015
   103          118098000          124416000     339315      339418.856649       -103.85665   -0.009556812
   104          124416000          131072000     356769      356579.103617        189.89638     0.01702467
   105          131072000          139968000     474909      475080.187037       -171.18704    -0.01495257
   106          139968000          147456000     398749      398637.055527        111.94447    0.009462116

  ehat: n = 107  min = -0.08075366262  max = 0.06280329416  mean = 9.178007065e-05  RMS = 0.02244995006

------------------------------------------------------------------------------
BLOCKS — L235 — one row per disjoint interval (x_j, x_{j+1}]
------------------------------------------------------------------------------
  x = x0 * 2^m * 3^n * 5^k, m,n,k >= 0 (three generators; irregular)
     j                x_j            x_{j+1}        c_j                L_j              e_j         ehat_j
     0               1000               2000        135      134.975827664      0.024172336   0.0007643964
     1               2000               3000        127      126.390616559       0.60938344     0.01362623
     2               3000               4000        120       121.35984647       -1.3598465    -0.02482729
     3               4000               5000        119      117.860341008         1.139659     0.01801959
     4               5000               6000        114      115.206394564       -1.2063946      -0.017061
     5               6000               8000        224      224.411256487      -0.41125649   -0.005309298
     6               8000               9000        110       109.83181919       0.16818081    0.001880319
     7               9000              10000        112       108.53567012        3.4643299     0.03651724
     8              10000              12000        209      213.771236904       -4.7712369    -0.04771237
     9              12000              15000        316      313.955013622        2.0449864     0.01866809
    10              15000              16000        108      103.165230198        4.8347698     0.03947573
    11              16000              18000        202      204.428483891       -2.4284839    -0.01919885
    12              18000              20000        198       202.16822268       -4.1682227     -0.0310681
    13              20000              24000        406      398.572989638        7.4270104     0.05251689
    14              24000              25000         94      98.5878071611       -4.5878072    -0.02961417
    15              25000              27000        199      196.048870502        2.9511295     0.01866458
    16              27000              30000        284      291.496586497       -7.4965865    -0.04562277
    17              30000              32000        187      192.772594288       -5.7725943    -0.03332809
    18              32000              36000        392      382.207045847        9.7929542     0.05474428
    19              36000              40000        379      378.236134286       0.76386571    0.004025926
    20              40000              45000        472      467.912488894        4.0875111     0.02043756
    21              45000              48000        271      278.420306315       -7.4203063    -0.03497966
    22              48000              50000        187      184.724352452        2.2756475     0.01038686
    23              50000              54000        367      367.462313669      -0.46231367    -0.00206753
    24              54000              60000        557      546.647513177        10.352487     0.04455001
    25              60000              64000        356      361.679963494       -5.6799635    -0.02318835
    26              64000              72000        715      717.460456229       -2.4604562   -0.009725807
    27              72000              75000        265      267.188610207       -2.1886102   -0.008156469
    28              75000              80000        444      443.247657833       0.75234217    0.002747165
    29              80000              81000         88      88.3534047088      -0.35340471   -0.001249474
    30              81000              90000        788      791.045660963        -3.045661    -0.01070136
    31              90000              96000        539      523.514776612        15.485223     0.05161741
    32              96000             100000        340       347.43280043       -7.4328004    -0.02398926
    33             100000             108000        682      691.340598797       -9.3405988    -0.02953757
    34             108000             120000       1027      1028.93829961       -1.9382996   -0.005898058
    35             120000             125000        433      426.101629442        6.8983706     0.01991388
    36             125000             128000        253      254.967207479       -1.9672075   -0.005564103
    37             128000             135000        589      592.990641964        -3.990642    -0.01115418
    38             135000             144000        767      758.654230189        8.3457698     0.02271431
    39             144000             150000        505      503.558140401        1.4418596    0.003799634
    40             150000             160000        835      835.582967825      -0.58296782   -0.001505216
    41             160000             162000        169      166.589038464        2.4109615    0.006027404
    42             162000             180000       1490       1491.9309475       -1.9309475   -0.004797478
    43             180000             192000        984      987.756415807       -3.7564158   -0.008853957
    44             192000             200000        658      655.690131405        2.3098686     0.00527153
    45             200000             216000       1303      1305.08690694       -2.0869069   -0.004666466
    46             216000             225000        733      730.643101381        2.3568986    0.005071238
    47             225000             240000       1201      1212.56589309       -11.565893    -0.02438304
    48             240000             243000        247      241.771630011          5.22837     0.01067237
    49             243000             250000        576       563.21063008         12.78937     0.02594454
    50             250000             256000        481      481.748629479      -0.74862948   -0.001497259
    51             256000             270000       1117      1120.62236683       -3.6223668   -0.007159331
    52             270000             288000       1420      1434.06700143       -14.067001    -0.02707196
    53             288000             300000        935       952.08546444       -17.085464    -0.03183688
    54             300000             320000       1611      1580.21635779        30.783642     0.05620298
    55             320000             324000        311      315.098011151       -4.0980112   -0.007244329
    56             324000             360000       2838      2822.66963172        15.330368     0.02693271
    57             360000             375000       1147       1169.5102992       -22.510299    -0.03751717
    58             375000             384000        699      699.958495715      -0.95849571   -0.001565217
    59             384000             400000       1257      1241.26260718        15.737393     0.02539611
    60             400000             405000        362      387.102425516       -25.102426    -0.03969042
    61             405000             432000       2095      2084.12418479        10.875815     0.01708969
    62             432000             450000       1389      1383.83574913        5.1642509    0.007857157
    63             450000             480000       2299      2297.09832957        1.9016704    0.002834843
    64             480000             486000        440      458.086791531       -18.086792    -0.02610603
    65             486000             500000       1093       1067.2094104         25.79059     0.03699501
    66             500000             512000        907      912.946731001        -5.946731   -0.008409948
    67             512000             540000       2127      2123.98968073        3.0103193    0.004207049
    68             540000             576000       2708       2718.7288743       -10.728874    -0.01460015
    69             576000             600000       1818      1805.35933727        12.640663     0.01665554
    70             600000             625000       1888      1874.84878621        13.151214     0.01697814
    71             625000             640000       1088      1122.21151288       -34.211513    -0.04327452
    72             640000             648000        600      597.709387402        2.2906126    0.002863266
    73             648000             675000       2012      2013.26289148       -1.2628915    -0.00156884
    74             675000             720000       3343      3342.31175824       0.68824176   0.0008377012
    75             720000             729000        685      666.579676228        18.420324     0.02170856
    76             729000             750000       1524      1553.00782462       -29.007825    -0.03397437
    77             750000             768000       1344      1328.60055911        15.399441     0.01778174
    78             768000             800000       2369      2356.34978014         12.65022     0.01443502
    79             800000             810000        732      734.930065617       -2.9300656   -0.003275913
    80             810000             864000       3953      3957.38051473       -4.3805147   -0.004867239
    81             864000             900000       2638      2628.17950874        9.8204913     0.01056517
    82             900000             960000       4344       4363.5131185       -19.513119    -0.02056863
    83             960000             972000        886      870.294786669        15.705213     0.01602907
    84             972000            1000000       1994      2027.68873017        -33.68873    -0.03417051
    85            1000000            1024000       1767      1734.75835664        32.241643     0.03224164
    86            1024000            1080000       4005      4036.52707635       -31.527076    -0.03115543
    87            1080000            1125000       3249       3232.7337876        16.266212     0.01565217
    88            1125000            1152000       1935      1935.17993453      -0.17993453  -0.0001696439
    89            1152000            1200000       3484      3432.38460489        51.615395     0.04808981
    90            1200000            1215000       1054       1070.5971773       -16.597177    -0.01515108
    91            1215000            1250000       2477      2494.42809275       -17.428093    -0.01581109
    92            1250000            1280000       2141      2134.13243326        6.8675667    0.006142538
    93            1280000            1296000       1130      1136.74958788       -6.7495879   -0.005965849
    94            1296000            1350000       3804      3829.27628642       -25.276286    -0.02220295
    95            1350000            1440000       6384      6358.35494146        25.645059     0.02207175
    96            1440000            1458000       1272      1268.26052829        3.7394717    0.003116226
    97            1458000            1500000       2955      2955.02606501     -0.026065008  -2.158634e-05
    98            1500000            1536000       2529      2528.26023827       0.73976173   0.0006040129
    99            1536000            1600000       4443      4484.52233593       -41.522336    -0.03350319
   100            1600000            1620000       1413      1398.82222758        14.177772     0.01120851
   101            1620000            1728000       7539      7533.25498551        5.7450145     0.00451371
   102            1728000            1800000       4993      5003.89762507       -10.897625   -0.008290104
   103            1800000            1875000       5219      5197.68436031         21.31564     0.01588774
   104            1875000            1920000       3123      3111.68753975         11.31246    0.008261453
   105            1920000            1944000       1676      1657.50437505        18.495625     0.01334807
   106            1944000            2000000       3843      3862.06588014        -19.06588    -0.01367441
   107            2000000            2025000       1736       1721.7248109        14.275189     0.01009408
   108            2025000            2048000       1583      1582.69761452       0.30238548   0.0002124949
   109            2048000            2160000       7710      7689.90303774        20.096962     0.01404318
   110            2160000            2187000       1829      1849.68223038        -20.68223    -0.01407248
   111            2187000            2250000       4290      4309.89773346       -19.897733    -0.01345486
   112            2250000            2304000       3708      3687.64408765        20.355912     0.01357061
   113            2304000            2400000       6513      6541.39108945       -28.391089    -0.01870427
   114            2400000            2430000       2024      2040.50774577       -16.507746     -0.0106557
   115            2430000            2500000       4746      4754.58221795        -8.582218   -0.005505495
   116            2500000            2560000       4062      4068.17679357       -6.1767936   -0.003906547
   117            2560000            2592000       2201      2167.04969763        33.950302     0.02121894
   118            2592000            2700000       7310      7300.60096132        9.3990387    0.005838025
   119            2700000            2880000      12124      12124.4242428      -0.42424284   -0.000258186
   120            2880000            2916000       2409      2418.67938241       -9.6793824   -0.005703631
   121            2916000            3000000       5638       5635.8532507        2.1467493    0.001257151
   122            3000000            3072000       4787      4822.32354777       -35.323548    -0.02039406
   123            3072000            3125000       3572      3544.93446996         27.06553     0.01544208
   124            3125000            3200000       5034      5009.58415019         24.41585     0.01381169
   125            3200000            3240000       2719      2668.56938173        50.430618     0.02819157
   126            3240000            3375000       8939      8990.41457474       -51.414575    -0.02856365
   127            3375000            3456000       5435      5382.73425778        52.265742     0.02844987
   128            3456000            3600000       9424      9548.81318771       -124.81319    -0.06713881
   129            3600000            3645000       3019      2978.77856963         40.22143     0.02119856
   130            3645000            3750000       6972      6941.09923168        30.900768     0.01618529
   131            3750000            3840000       5928      5939.30887658       -11.308877   -0.005839879
   132            3840000            3888000       3160      3163.87211574       -3.8721157   -0.001975981
   133            3888000            4000000       7341      7372.44281613       -31.442816    -0.01594624
   134            4000000            4050000       3344      3286.87184976         57.12815     0.02856408
   135            4050000            4096000       3021      3021.57127706      -0.57127706  -0.0002838699
   136            4096000            4320000      14641      14682.4682375       -41.468238     -0.0204897
   137            4320000            4374000       3511      3531.98372015        -20.98372     -0.0100958
   138            4374000            4500000       8285      8230.29916949        54.700831     0.02615499
   139            4500000            4608000       7020       7042.5839526       -22.583953    -0.01064618
   140            4608000            4800000      12471      12493.8330382       -22.833038    -0.01063671
   141            4800000            4860000       3900      3897.61172114        2.3882789    0.001090095
   142            4860000            5000000       9174       9082.3747155        91.625285     0.04156207
   143            5000000            5120000       7731      7771.78529996         -40.7853    -0.01823974
   144            5120000            5184000       4131      4140.12337016       -9.1233702   -0.004031998
   145            5184000            5400000      13987      13948.8258369        38.174163     0.01676629
   146            5400000            5625000      14430      14491.8830704        -61.88307    -0.02663023
   147            5625000            5760000       8670      8677.17088312       -7.1708831    -0.00302351
   148            5760000            5832000       4584      4622.47342181       -38.473422    -0.01603059
   149            5832000            6000000      10803      10771.6422185        31.357782     0.01298484
   150            6000000            6075000       4800      4802.50888519       -2.5088852   -0.001024248
   151            6075000            6144000       4413      4414.96134323       -1.9613432   -0.000795757
   152            6144000            6250000       6754      6776.25119074       -22.251191   -0.008976926
   153            6250000            6400000       9594      9576.54452747        17.455473    0.006982189
   154            6400000            6480000       5071      5101.62396032        -30.62396    -0.01210518
   155            6480000            6561000       5182      5161.31142587        20.688574    0.008127239
   156            6561000            6750000      12044      12027.4007417        16.599258    0.006480428
   157            6750000            6912000      10338      10292.1702388        45.829761     0.01763988
   158            6912000            7200000      18274      18259.7092913        14.290709    0.005435655
   159            7200000            7290000       5715      5696.59973203        18.400268    0.006857375
   160            7290000            7500000      13227      13274.8965611       -47.896561    -0.01773947
   161            7500000            7680000      11367      11359.8095786        7.1904214    0.002625571
   162            7680000            7776000       6039      6051.68535984        -12.68536   -0.004577435
   163            7776000            8000000      14110      14102.4327735        7.5672265     0.00271368
   164            8000000            8100000       6247      6287.67989325       -40.679893    -0.01438251
   165            8100000            8192000       5790      5780.36200041        9.6379996    0.003386448
   166            8192000            8640000      28150      28090.5975034        59.402497     0.02075438
   167            8640000            8748000       6764        6758.033865         5.966135     0.00202972
   168            8748000            9000000      15761      15748.6066741        12.393326    0.004190188
   169            9000000            9216000      13422      13476.9022802        -54.90228    -0.01830076
   170            9216000            9375000       9941      9907.90835805        33.091642     0.01090052
   171            9375000            9600000      13999      14002.8184317       -3.8184317   -0.001247095
   172            9600000            9720000       7424      7459.80587034        -35.80587    -0.01155629
   173            9720000           10000000      17304      17384.1273513       -80.127351    -0.02570086
   174           10000000           10125000       7787       7750.9850066        36.014993     0.01138894
   175           10125000           10240000       7095      7125.67378834       -30.673788   -0.009639842
   176           10240000           10368000       7919      7925.36728287       -6.3672829   -0.001989776
   177           10368000           10800000      26774      26703.9527624        70.047238     0.02175422
   178           10800000           10935000       8351      8331.35144314        19.648557    0.005978865
   179           10935000           11250000      19436      19415.3306338        20.669366    0.006250543
   180           11250000           11520000      16555      16615.0760479       -60.076048    -0.01791122
   181           11520000           11664000       8934      8851.55980171        82.440198     0.02428918
   182           11664000           12000000      20630      20627.7231481        2.2768519   0.0006666702
   183           12000000           12150000       9201      9197.32153708        3.6784629    0.001061881
   184           12150000           12288000       8419      8455.39574355       -36.395744    -0.01044149
   185           12288000           12500000      13023      12978.1591363        44.840864     0.01279185
   186           12500000           12800000      18396      18342.4014595        53.598541     0.01515996
   187           12800000           12960000       9718      9771.84883568       -53.848836    -0.01505121
   188           12960000           13122000       9799      9886.50408738       -87.504087    -0.02430669
   189           13122000           13500000      23024      23039.7688808       -15.768881   -0.004353122
   190           13500000           13824000      19754      19717.1126323        36.887368     0.01003947
   191           13824000           14400000      35047      34983.8319771        63.168023     0.01698949
   192           14400000           14580000      10884      10914.8952882       -30.895288   -0.008141623
   193           14580000           15000000      25379      25436.5594729       -57.559473    -0.01507433
   194           15000000           15360000      21785      21768.4706042        16.529396    0.004267872
   195           15360000           15552000      11559      11597.2144533       -38.214453   -0.009750616
   196           15552000           15625000       4427      4407.08585358        19.914146    0.005049735
   197           15625000           16000000      22655      22619.7100148        35.289985    0.008927739
   198           16000000           16200000      11983      12050.7467016       -67.746702    -0.01693668
   199           16200000           16384000      11059       11078.780146       -19.780146   -0.004914417
   200           16384000           16875000      29591      29527.1273856        63.872614     0.01577992
   201           16875000           17280000      24294      24316.5119529       -22.511953   -0.005480135
   202           17280000           17496000      13086      12954.7896367        131.21036     0.03156431
   203           17496000           18000000      30224      30190.8257328        33.174267    0.007931073
   204           18000000           18225000      13350      13461.6444023        -111.6444    -0.02631484
   205           18225000           18432000      12412      12375.9420143        36.057986    0.008446323
   206           18432000           18750000      19004      18996.1896537        7.8103463    0.001819215
   207           18750000           19200000      26820      26848.6600334       -28.660033   -0.006618751
   208           19200000           19440000      14342      14303.9054582        38.094542     0.00869385
   209           19440000           19683000      14366      14471.9990537       -105.99905    -0.02404107
   210           19683000           20000000      18946      18863.1630087        82.836991     0.01867148
   211           20000000           20250000      14849        14863.77026        -14.77026   -0.003302731
   212           20250000           20480000      13613      13665.0444266       -52.044427    -0.01156543
   213           20480000           20736000      15267      15199.0876473        67.912353     0.01500665
   214           20736000           21600000      51175      51215.6786571       -40.678657   -0.008933139
   215           21600000           21870000      16014       15979.815521        34.184479    0.007355329
   216           21870000           22500000      37115      37241.1735467       -126.17355    -0.02698012
   217           22500000           23040000      31984      31871.9882928        112.01171     0.02361414
   218           23040000           23328000      16992      16980.3311772        11.668823    0.002431005
   219           23328000           24000000      39506      39573.0693266       -67.069327    -0.01388626
   220           24000000           24300000      17709       17645.409812        63.590188     0.01298029
   221           24300000           24576000      16233      16222.4732885        10.526711    0.002135451
   222           24576000           25000000      24863      24900.6958011       -37.695801   -0.007603917
   223           25000000           25600000      35122      35194.6356976       -72.635698    -0.01452714
   224           25600000           25920000      18781      18750.6490793        30.350921    0.005998627
   225           25920000           26244000      18951      18971.2336931       -20.233693   -0.003974273
   226           26244000           27000000      44284      44213.2799946        70.720005     0.01380471
   227           27000000           27648000      37846      37839.5180824        6.4819176    0.001247446
   228           27648000           28125000      27800      27820.9898434       -20.989843   -0.003991879
   229           28125000           28800000      39354      39322.4997254        31.500275    0.005939749
   230           28800000           29160000      20891      20950.0023815       -59.002382    -0.01099444
   231           29160000           30000000      48903      48825.2415273        77.758473     0.01439972
   232           30000000           30375000      21866      21771.2372461        94.762754     0.01730123
   233           30375000           30720000      20062      20015.7708773        46.229123    0.008387982
   234           30720000           31104000      22147      22263.1151064       -116.11511    -0.02094971
   235           31104000           31250000       8463       8460.4348161        2.5651839   0.0004599497
   236           31250000           32000000      43418      43425.3242003       -7.3242003   -0.001310193
   237           32000000           32400000      23143      23136.0273906        6.9726094    0.001232595
   238           32400000           32768000      21300      21270.5690014        29.430999    0.005170499
   239           32768000           32805000       2133      2137.85124029       -4.8512403  -0.0008474768
   240           32805000           33750000      54575      54555.1709045        19.829096    0.003462046
   241           33750000           34560000      46524      46691.4358999        -167.4359    -0.02882118
   242           34560000           34992000      24825      24876.2519611       -51.251961   -0.008718136
   243           34992000           36000000      57947       57976.321351       -29.321351   -0.004956779
   244           36000000           36450000      25875      25852.0336702         22.96633    0.003827722
   245           36450000           36864000      23733      23767.6931106       -34.693111   -0.005746382
   246           36864000           37500000      36480      36482.9396192       -2.9396192   -0.000484161
   247           37500000           38400000      51655       51566.402788        88.597212     0.01446786
   248           38400000           38880000      27558      27473.7067985        84.293201     0.01360276
   249           38880000           39366000      27868      27797.3763754        70.623625     0.01132627
   250           39366000           40000000      36223      36232.9962989       -9.9962989    -0.00159323
   251           40000000           40500000      28619      28551.7759758        67.224024     0.01062905
   252           40500000           40960000      26192       26249.873378       -57.873378   -0.009093924
   253           40960000           41472000      29193       29197.501785        -4.501785  -0.0007034039
   254           41472000           43200000      98249      98391.6213044        -142.6213    -0.02214659
   255           43200000           43740000      30687      30701.0798402        -14.07984   -0.002142179
   256           43740000           45000000      71566      71552.6630433        13.336957    0.002016589
   257           45000000           46080000      61440       61240.354127        199.64587     0.02976145
   258           46080000           46656000      32577      32628.1705031       -51.170503   -0.007538127
   259           46656000           46875000      12417      12399.5059519        17.494048    0.002561159
   260           46875000           48000000      63550      63644.8012444       -94.801244    -0.01384661
   261           48000000           48600000      33833      33909.3123781       -76.312378    -0.01101474
   262           48600000           49152000      31123      31175.6902573       -52.690257   -0.007558092
   263           49152000           50000000      48034      47854.6989334        179.30107      0.0255748
   264           50000000           50625000      35245      35240.9446369        4.0553631   0.0005735149
   265           50625000           51200000      32333      32400.0217309       -67.021731   -0.009419614
   266           51200000           51840000      36158       36038.561999          119.438     0.01669197
   267           51840000           52488000      36364      36463.5518742       -99.551874    -0.01382665
   268           52488000           54000000      84969      84983.8237471       -14.823747   -0.002046105
   269           54000000           54675000      37822      37895.8657322       -73.865732    -0.01005185
   270           54675000           55296000      34787      34841.0183116       -54.018312   -0.007305444
   271           55296000           56250000      53580      53481.2610224        98.738978     0.01327828
   272           56250000           57600000      75685      75594.4894074        90.510593     0.01206808
   273           57600000           58320000      40153      40276.4033289       -123.40333    -0.01625982
   274           58320000           59049000      40861      40751.5551964         109.4448     0.01433133
   275           59049000           60000000      53024      53119.3283517       -95.328352    -0.01240554
   276           60000000           60750000      41907      41859.0509582        47.949042    0.006190195
   277           60750000           61440000      38385      38484.8744407       -99.874441     -0.0128139
   278           61440000           62208000      42824      42807.0361318        16.963868    0.002164209
   279           62208000           62500000      16256       16267.850289       -11.850289    -0.00150247
   280           62500000           64000000      83599      83501.5036716        97.496328     0.01233242
   281           64000000           64800000      44346       44489.486805       -143.48681    -0.01793585
   282           64800000           65536000      40934      40903.3725491        30.627451    0.003804726
   283           65536000           65610000       4085      4111.15121685       -26.151217   -0.003230368
   284           65610000           67500000     105141      104914.645319        226.35468     0.02794502
   285           67500000           69120000      89708      89797.1103456       -89.110346    -0.01084617
   286           69120000           69984000      47850      47843.9811157        6.0188843   0.0007239593
   287           69984000           72000000     111508       111509.66752       -1.6675203  -0.0001993296
   288           72000000           72900000      49865      49725.1319877        139.86801      0.0164836
   289           72900000           73728000      45741      45717.1889749        23.811025     0.00278878
   290           73728000           75000000      70040      70177.1594399       -137.15944    -0.01597385
   291           75000000           76800000      99159      99195.5362097        -36.53621   -0.004218838
   292           76800000           77760000      52850      52851.7758792       -1.7758792  -0.0002026436
   293           77760000           78125000      20143      20085.2443151        57.755685    0.006549628
   294           78125000           78732000      33271      33390.6237042        -119.6237    -0.01353388
   295           78732000           80000000      69655      69706.2400268       -51.240027   -0.005774757
   296           80000000           81000000      55027      54930.5405433        96.459457      0.0107845
   297           81000000           81920000      50586      50503.2218163        82.778184    0.009197576
   298           81920000           82944000      56241      56175.7243302         65.27567    0.007212011
   299           82944000           84375000      78324      78439.8316174       -115.83162    -0.01271846
   300           84375000           86400000     110791      110875.639733       -84.639733   -0.009214407
   301           86400000           87480000      59035      59075.3580091       -40.358009    -0.00434183
   302           87480000           90000000     137568      137688.460073       -120.46007     -0.0128792
   303           90000000           91125000      61507      61399.7912991         107.2087     0.01130079
   304           91125000           92160000      56502      56451.2958008        50.704199    0.005311597
   305           92160000           93312000      62667      62792.1449477       -125.14495    -0.01303593
   306           93312000           93750000      23853      23862.9907097       -9.9907097   -0.001034255
   307           93750000           96000000     122718       122488.85341        229.14659     0.02366616
   308           96000000           97200000      65148      65263.3315319       -115.33153    -0.01177098
   309           97200000           98304000      60098      60003.5908945        94.409106    0.009575925
   310           98304000           98415000       6013      6030.93790212       -17.937902   -0.001809198
   311           98415000          100000000      85995      86077.3706682       -82.370668   -0.008303132
   312          100000000          101250000      67818      67832.1045937       -14.104594   -0.001410459
   313          101250000          102400000      62520      62365.4285281        154.57147     0.01536144
   314          102400000          103680000      69292      69370.8332685       -78.833268   -0.007790396
   315          103680000          104976000      70309      70190.7326829        118.26732     0.01161495
   316          104976000          108000000     163569      163597.148216       -28.148216   -0.002747299
   317          108000000          109350000      73101      72954.1195771        146.88042     0.01413358
   318          109350000          110592000      67057      67074.8323682       -17.832368   -0.001705295
   319          110592000          112500000     102943      102963.497131       -20.497131   -0.001949087
   320          112500000          115200000     145377      145542.650522       -165.65052    -0.01561768
   321          115200000          116640000      77641      77547.3782403         93.62176    0.008722692
   322          116640000          118098000      78431       78464.250323       -33.250323   -0.003078734
   323          118098000          120000000     102135      102280.540135       -145.54013     -0.0133925
   324          120000000          121500000      80549      80601.3985822       -52.398582   -0.004783314
   325          121500000          122880000      74080      74106.0936241       -26.093624   -0.002367262
   326          122880000          124416000      82551      82430.8243077        120.17569     0.01084117
   327          124416000          125000000      31314      31326.5309002         -12.5309   -0.001123425
   328          125000000          128000000     160893      160801.158872        91.841128     0.00821452
   329          128000000          129600000      85832      85677.8159294        154.18407     0.01362808
   330          129600000          131072000      78730      78773.5979156       -43.597916   -0.003829687
   331          131072000          131220000       7881      7917.54500902       -36.545009   -0.003192075
   332          131220000          135000000     201983      202058.162063       -75.162063   -0.006561433
   333          135000000          138240000     172787      172952.070499        -165.0705    -0.01420701
   334          138240000          139968000      92258      92152.4094664        105.59053    0.008980657
   335          139968000          140625000      34921      35021.1659736       -100.16597   -0.008466538
   336          140625000          144000000     179977      179766.823609        210.17639     0.01772363
   337          144000000          145800000      95707      95783.6492447       -76.649245   -0.006387437
   338          145800000          147456000      88144      88065.4166998          78.5833    0.006508059
   339          147456000          150000000     135141       135186.75976        -45.75976   -0.003768361

  ehat: n = 340  min = -0.06713880519  max = 0.05620298413  mean = 2.316853653e-05  RMS = 0.01714630369

------------------------------------------------------------------------------
BLOCKS — L_irr — one row per disjoint interval (x_j, x_{j+1}]
------------------------------------------------------------------------------
  C2 gap-structure control: same rung count and same first/last x as L23, interior rungs a sorted uniform random sample in log x at the fixed seed
     j                x_j            x_{j+1}        c_j                L_j              e_j         ehat_j
     0               1000      1021.68203614          4      3.07231936206       0.92768064     0.02933584
     1      1021.68203614      1165.11319051         20      20.1149525895      -0.11495259   -0.003596341
     2      1165.11319051      1165.35456448          0    0.0335631667425     -0.033563167  -0.0009832838
     3      1165.35456448      1324.79306694         24      21.9805139524         2.019486     0.05915777
     4      1324.79306694      2011.78938909         89      91.3038187294       -2.3038187    -0.06329571
     5      2011.78938909      2238.68336923         27      29.2254083171       -2.2254083    -0.04961562
     6      2238.68336923      3020.71362085        101      98.1935327925        2.8064672     0.05931488
     7      3020.71362085      3040.81842045          2      2.48049517454      -0.48049517   -0.008742472
     8      3040.81842045      4972.06107285        230      230.928197506      -0.92819751    -0.01683237
     9      4972.06107285      6736.02703269        203      201.877074119        1.1229259     0.01592513
    10      6736.02703269      8254.27212953        167      169.054506581       -2.0545066    -0.02503258
    11      8254.27212953      8411.11657569         16      17.2620317721       -1.2620318    -0.01389092
    12      8411.11657569      9398.04930852        111      107.858058562        3.1419414     0.03425873
    13      9398.04930852      9470.94323934         11      7.91693538257        3.0830646     0.03180268
    14      9470.94323934      10231.6161093         81      82.2412344594       -1.2412345    -0.01275432
    15      10231.6161093       12089.302425        192      198.254160248       -6.2541602    -0.06182966
    16       12089.302425      14785.6074529        287      282.294000396        4.7059996     0.04280074
    17      14785.6074529      15062.4879938         26      28.6737690733       -2.6737691    -0.02198894
    18      15062.4879938      16056.7917415        106      102.537678326        3.4623217     0.02821104
    19      16056.7917415      22484.3019429        650      649.131400612       0.86859939    0.006854727
    20      22484.3019429      27312.8638409        474       475.37513589       -1.3751359   -0.009170772
    21      27312.8638409      28547.3031446        116      120.172131494       -4.1721315    -0.02524494
    22      28547.3031446      34574.8009115        587      580.067700808        6.9322992     0.04102936
    23      34574.8009115      34819.8031847         25      23.3641957772        1.6358042    0.008797342
    24      34819.8031847      35526.6960473         64      67.3253751682       -3.3253752    -0.01782081
    25      35526.6960473      41882.3788745        596      600.002428957        -4.002429     -0.0212347
    26      41882.3788745      42091.1536084         25      19.5583918456        5.4416082     0.02658959
    27      42091.1536084      44727.0227268        246      246.178309212      -0.17830921  -0.0008691172
    28      44727.0227268      48730.3063536        360      371.370093684       -11.370094    -0.05376245
    29      48730.3063536      56390.6635029        708      703.086685855        4.9133141     0.02225743
    30      56390.6635029      60772.6818717        410      398.244721419        11.755279     0.04950275
    31      60772.6818717      68304.2769304        670      678.598728315       -8.5987283    -0.03488029
    32      68304.2769304      71051.9902441        240      245.876739625       -5.8767396    -0.02248602
    33      71051.9902441      77178.4929288        546      545.255259426       0.74474057    0.002793939
    34      77178.4929288      82222.7809955        458      446.076920296         11.92308     0.04291808
    35      82222.7809955        83847.15973        138      143.131161814       -5.1311618     -0.0178945
    36        83847.15973      120812.051209       3190       3200.5373799        -10.53738    -0.03639054
    37      120812.051209      141762.851717       1795      1775.20975509        19.790245     0.05693719
    38      141762.851717      142270.445076         45      42.7229142394        2.2770858     0.00604781
    39      142270.445076      148537.846683        510      526.479319327       -16.479319    -0.04368999
    40      148537.846683      168748.136962       1676      1685.57090651       -9.5709065     -0.0248333
    41      168748.136962      172506.125695        315      311.523904166        3.4760958    0.008461985
    42      172506.125695      177822.520849        434      439.760921788       -5.7609218    -0.01387042
    43      177822.520849      206072.484281       2329      2319.53150293        9.4684971     0.02245369
    44      206072.484281      207743.616498        143      136.365845579        6.6341544     0.01461422
    45      207743.616498      260107.358383       4230      4231.64475415       -1.6447541   -0.003608587
    46      260107.358383      268609.276421        682      680.247822628        1.7521774    0.003435593
    47      268609.276421      330381.087591       4909        4894.614233        14.385767       0.027757
    48      330381.087591       346985.59379       1300      1302.86557011       -2.8655701   -0.004985439
    49       346985.59379      353769.843523        536        530.9124081        5.0875919    0.008636873
    50      353769.843523      361083.442901        558      571.451400816       -13.451401    -0.02261555
    51      361083.442901       383794.50322       1755      1768.90282605       -13.902826    -0.02313659
    52       383794.50322      459891.693532       5868      5870.95304781       -2.9530478   -0.004766736
    53      459891.693532      483639.451873       1835      1816.35383568        18.646164     0.02749551
    54      483639.451873      522119.331287       2938      2928.93542183        9.0645782     0.01303427
    55      522119.331287      664356.219413      10667       10694.573287       -27.573287    -0.03815959
    56      664356.219413      683791.692053       1448      1447.18336333       0.81663667    0.001001909
    57      683791.692053       816408.42923       9811      9798.15038624        12.849614     0.01553918
    58       816408.42923      822714.147116        471      462.818419969          8.18158    0.009054896
    59      822714.147116      852881.693373       2207      2210.64742944       -3.6474294   -0.004021262
    60      852881.693373      962134.291717       7954      7959.82798264       -5.8279826   -0.006310647
    61      962134.291717      995339.603038       2373      2405.93092073       -32.930921    -0.03357268
    62      995339.603038      1187574.57054      13888      13821.2273712        66.772629     0.06692877
    63      1187574.57054      1252166.45248       4571      4606.82573097       -35.825731    -0.03287491
    64      1252166.45248       1283338.3956       2232       2217.1603424        14.839658     0.01326151
    65       1283338.3956      1328936.12606       3229      3236.38074046       -7.3807405   -0.006515224
    66      1328936.12606      1367343.16222       2702      2719.91184784       -17.911848    -0.01553776
    67      1367343.16222      1518289.20622      10693      10639.0753137        53.924686     0.04611571
    68      1518289.20622      1619592.74275       7036        7098.167159       -62.167159    -0.05045263
    69      1619592.74275      1630574.17537        786      767.554050058         18.44595     0.01449433
    70      1630574.17537      1934646.16869      21143      21119.1147245        23.885275      0.0187051
    71      1934646.16869      2008681.10175       5110      5105.92333833        4.0766617     0.00293092
    72      2008681.10175      2029995.85007       1473      1467.58300224        5.4169978     0.00382211
    73      2029995.85007      2366052.06332      22961      23006.2071335       -45.207134    -0.03172922
    74      2366052.06332      2566181.17287      13570      13593.1246985       -23.124699    -0.01503363
    75      2566181.17287      2677668.25443       7566      7540.97407584        25.025924     0.01562235
    76      2677668.25443       2967848.4734      19536      19531.0067565        4.9932435    0.003051437
    77       2967848.4734      3105639.77354       9216      9228.70117353       -12.701174   -0.007372639
    78      3105639.77354      3956968.10598      56497      56459.1023658        37.897634     0.02150486
    79      3956968.10598      4191891.06523      15424       15431.024835        -7.024835   -0.003531465
    80      4191891.06523      5935500.80913     112962      112960.266291        1.7337091   0.0008467813
    81      5935500.80913      6019163.38239       5343      5360.63688425       -17.636884   -0.007239243
    82      6019163.38239      7773527.22879     111417      111412.191831        4.8081693      0.0019598
    83      7773527.22879      9107166.41508      83620      83612.4637812        7.5362188     0.00270299
    84      9107166.41508      10037863.9824      57809      57891.1269473       -82.126947     -0.0272141
    85      10037863.9824      11789436.1128     108187      108075.787171        111.21283     0.03510219
    86      11789436.1128      12187706.0855      24419      24430.9286293       -11.928629   -0.003474114
    87      12187706.0855      12708038.6485      31855      31845.2654555        9.7345445    0.002788397
    88      12708038.6485      13237730.1723      32304      32336.3729315       -32.372932    -0.00908119
    89      13237730.1723      16163951.4765     177247      177305.803558       -58.803558    -0.01616206
    90      16163951.4765      18568371.1592     144279      144225.719054        53.280946     0.01325251
    91      18568371.1592      33161679.7703     855744      855663.889348        80.110652     0.01859103
    92      33161679.7703      39067541.2725     339272      339369.194226       -97.194226    -0.01687805
    93      39067541.2725      40038938.5115      55613       55525.631162        87.368838     0.01397811
    94      40038938.5115      45094131.7488     287697      287761.195655       -64.195655    -0.01014529
    95      45094131.7488      47436208.2533     132768      132687.084807        80.915193     0.01204953
    96      47436208.2533      47685128.7246      14033      14080.1327715       -47.132771   -0.006843338
    97      47685128.7246      55083860.8424     416622      416708.644001       -86.644001    -0.01254721
    98      55083860.8424      55832021.4684      41939      41955.2057706       -16.205771   -0.002183522
    99      55832021.4684      56806101.2092      54706       54577.139069        128.86093     0.01724565
   100      56806101.2092      74046538.3477     958177       958102.48128         74.51872    0.009887076
   101      74046538.3477      78305433.7147     234528      234656.513334       -128.51333    -0.01493468
   102      78305433.7147      78531560.3614      12357      12439.1461847       -82.146185   -0.009283066
   103      78531560.3614      89945400.0436     625280      625438.487155       -158.48715     -0.0178843
   104      89945400.0436      99517902.3482     521252      521177.680649        74.319351    0.007836325
   105      99517902.3482      130500496.368    1669683      1669496.37732        186.62268     0.01870742
   106      130500496.368          147456000     904352      904295.423038        56.576962    0.004952603

  ehat: n = 107  min = -0.06329571081  max = 0.06692876821  mean = 0.0002201201471  RMS = 0.02582890188

------------------------------------------------------------------------------
PROJECTION  P(gamma) = |sum_j w_j ehat_j exp(-i gamma log x_j)|  (NON-UNIFORM DFT,
            a direct sum valid for arbitrary x_j; an inner product, NOT a fit)
------------------------------------------------------------------------------
  gamma grid : 0 to 40 step 0.01  (4001 points)   window: hann
  band half-width per ladder = max(0.6, that ladder's frequency resolution)
  threshold : P > 5 x median(P)

   ladder   n_blk   log-x span    2pi/span    band hw      median(P)   argmax g    P_max/med   verdict
       L2      17    11.090355    0.566545   0.600000    0.050178369    32.1200     3.529784      NULL
       L3      10     9.887511    0.635467   0.635467    0.031767582    24.5100     2.406226      NULL
      L23     107    11.849169    0.530264   0.600000    0.066812512    31.3500     5.345105      NULL
     L235     340    11.901285    0.527942   0.600000    0.051115505    24.9500     5.338780    DETECT
    L_irr     107    11.779132    0.533417   0.600000     0.10920696    14.1000     3.033860      NULL

  P/median AT THE SIX gamma_n
   ladder          g1          g2          g3          g4          g5          g6
       L2     3.44371     0.71662     1.68912     1.81793     1.99750     0.33211
       L3     1.21609     2.14085     1.16660     2.21295     2.09285     0.46512
      L23     3.94455     1.29071     4.38836     3.62049     3.52503     2.04067
     L235     5.22966     4.46532     5.30820     4.52900     2.95390     5.29972
    L_irr     3.03109     2.15451     0.57824     1.75350     1.44175     1.95021

  gamma_n = 14.134725, 21.022040, 25.010858, 30.424876, 32.935062, 37.586178

  TEN LARGEST LOCAL PEAKS — L2  (strict interior maxima; band hw 0.600000)
   rank        gamma                  P       P/median   nearest gamma_n       dist   in band
      1      32.1200       0.1771188216       3.529784         32.935062     0.8151        no
      2      13.9900       0.1771187076       3.529782         14.134725     0.1447       yes
      3       4.1400       0.1771184657       3.529777         14.134725     9.9947        no
      4      22.2700       0.1771180959       3.529770         21.022040     1.2480        no
      5      31.3300       0.1771171909       3.529752         30.424876     0.9051        no
      6      13.2000       0.1771164755       3.529738         14.134725     0.9347        no
      7       4.9300       0.1771156306       3.529721         14.134725     9.2047        no
      8      23.0600       0.1771146559       3.529701         25.010858     1.9509        no
      9      29.4000      0.08488944125       1.691754         30.424876     1.0249        no
     10      11.2700      0.08488941335       1.691753         14.134725     2.8647        no

  TEN LARGEST LOCAL PEAKS — L3  (strict interior maxima; band hw 0.635467)
   rank        gamma                  P       P/median   nearest gamma_n       dist   in band
      1      24.5100      0.07643999291       2.406226         25.010858     0.5009       yes
      2      30.2300      0.07643998832       2.406226         30.424876     0.1949       yes
      3      38.4000      0.07643990095       2.406223         37.586178     0.8138        no
      4      18.7900      0.07643978656       2.406220         21.022040     2.2320        no
      5      35.9500      0.07643977267       2.406219         37.586178     1.6362        no
      6      32.6800      0.07643957398       2.406213         32.935062     0.2551       yes
      7      13.0700      0.07643936939       2.406207         14.134725     1.0647        no
      8      26.9600      0.07643903576       2.406196         25.010858     1.9491        no
      9       7.3500      0.07643874152       2.406187         14.134725     6.7847        no
     10      21.2400      0.07643828618       2.406173         21.022040     0.2180       yes

  TEN LARGEST LOCAL PEAKS — L23  (strict interior maxima; band hw 0.600000)
   rank        gamma                  P       P/median   nearest gamma_n       dist   in band
      1      31.3500       0.3571198885       5.345105         30.424876     0.9251        no
      2      24.8800       0.3028538607       4.532891         25.010858     0.1309       yes
      3      20.3500       0.2807041944       4.201372         21.022040     0.6720        no
      4      14.1300       0.2635455014       3.944553         14.134725     0.0047       yes
      5      32.7500       0.2404601624       3.599029         32.935062     0.1851       yes
      6      38.8300       0.1955795735       2.927290         37.586178     1.2438        no
      7      26.2500        0.176115348       2.635964         25.010858     1.2391        no
      8      37.2500       0.1646869518       2.464912         37.586178     0.3362       yes
      9      15.2200        0.159260658       2.383695         14.134725     1.0853        no
     10      23.1100        0.103336771       1.546668         25.010858     1.9009        no

  TEN LARGEST LOCAL PEAKS — L235  (strict interior maxima; band hw 0.600000)
   rank        gamma                  P       P/median   nearest gamma_n       dist   in band
      1      24.9500       0.2728944171       5.338780         25.010858     0.0609       yes
      2      37.5500       0.2712849952       5.307294         37.586178     0.0362       yes
      3      14.0900       0.2678637243       5.240362         14.134725     0.0447       yes
      4      30.1600        0.251425974       4.918781         30.424876     0.2649       yes
      5      20.8800       0.2336137487       4.570311         21.022040     0.1420       yes
      6      32.5300       0.1808872635       3.538794         32.935062     0.4051       yes
      7      28.5300      0.07965968275       1.558425         30.424876     1.8949        no
      8      23.7500      0.07656492219       1.497881         25.010858     1.2609        no
      9      35.6400      0.06549231165       1.281261         37.586178     1.9462        no
     10       9.7700      0.05396785404       1.055802         14.134725     4.3647        no

  TEN LARGEST LOCAL PEAKS — L_irr  (strict interior maxima; band hw 0.600000)
   rank        gamma                  P       P/median   nearest gamma_n       dist   in band
      1      14.1000       0.3313186815       3.033860         14.134725     0.0347       yes
      2      23.8600       0.3287039635       3.009918         25.010858     1.1509        no
      3      39.0300       0.3019515724       2.764948         37.586178     1.4438        no
      4      21.3800        0.295597631       2.706765         21.022040     0.3580       yes
      5      26.7000        0.226624698       2.075185         25.010858     1.6891        no
      6      37.4900       0.2174063219       1.990773         37.586178     0.0962       yes
      7      30.6100       0.2035219028       1.863635         30.424876     0.1851       yes
      8      35.3200       0.2006739791       1.837557         37.586178     2.2662        no
      9      17.8900       0.1805489694       1.653273         21.022040     3.1320        no
     10       9.4600       0.1799937178       1.648189         14.134725     4.6747        no

------------------------------------------------------------------------------
C1 — PHASE-RANDOMISED NULL (amplitude-preserving permutation of ehat across j)
------------------------------------------------------------------------------
  200 surrogates per ladder, numpy default_rng(seed=2026), identical projection.
  THIS IS THE CRITICAL CONTROL: combining irregular samples can manufacture peaks.
  If the real value is not beyond the surrogate 95th percentile the detection is not
  established.

  SURROGATE P_max/median
   ladder     surr min     surr med     surr p95     surr max         REAL   real pct   > p95
       L2     1.180728     1.789178     2.743412     3.051364     3.529784    100.000    True
       L3     1.078463     1.684259     3.455488     7.024267     2.406226     88.500   False
      L23     1.813772     2.592058     3.308625     4.082420     5.345105    100.000    True
     L235     1.706167     2.512417     3.264581     3.994885     5.338780    100.000    True
    L_irr     1.743348     2.471915     3.313079     3.922720     3.033860     89.000   False

  SURROGATE P/median AT gamma_1 = 14.134725
   ladder     surr min     surr med     surr p95     surr max         REAL   real pct   > p95
       L2     0.146459     1.023205     1.966504     2.868910     3.443705    100.000    True
       L3     0.062697     0.960552     2.465020     6.656241     1.216086     68.000   False
      L23     0.132671     1.026554     2.146269     2.670288     3.944553    100.000    True
     L235     0.108400     0.959584     2.013984     2.735051     5.229656    100.000    True
    L_irr     0.092942     1.043009     2.099829     3.762678     3.031089     99.500    True

------------------------------------------------------------------------------
C2 — GAP-STRUCTURE CONTROL: L_irr vs L23
------------------------------------------------------------------------------
  L_irr has the SAME rung count and the SAME first and last x as L23, with the
  interior rungs a sorted uniform random sample in log x at the fixed seed. This
  separates 'irregular sampling helps' from 'the multiplicative structure specifically
  helps'.

   ladder   rungs     gap min     gap med     gap max   argmax g    P_max/med   verdict
      L23     108   0.0521160   0.1177830   0.6931472    31.3500     5.345105      NULL
    L_irr     108   0.0002071   0.0765565   0.5799353    14.1000     3.033860      NULL

  P/median AT THE SIX gamma_n — L23 against L_irr
   ladder          g1          g2          g3          g4          g5          g6
      L23     3.94455     1.29071     4.38836     3.62049     3.52503     2.04067
    L_irr     3.03109     2.15451     0.57824     1.75350     1.44175     1.95021

------------------------------------------------------------------------------
GATE A — EXACT TILING, per ladder: sum_j c_j == pi(x_last) - pi(x_0)
------------------------------------------------------------------------------
   ladder      pi(x_0)   pi(x_last)     expected      sum c_j     diff    gate A
       L2          168      7435597      7435429      7435429        0    PASSED
       L3          168      3509091      3508923      3508923        0    PASSED
      L23          168      8309255      8309087      8309087        0    PASSED
     L235          168      8444396      8444228      8444228        0    PASSED
    L_irr          168      8309255      8309087      8309087        0    PASSED
  GATE A overall: PASSED

------------------------------------------------------------------------------
GATE B — TIES TO THE TABLE: L2's c_j vs N(r) = pi(2^r) - pi(2^(r-1))
         from pi2n_cache.json (READ ONLY)
------------------------------------------------------------------------------
  source : /Users/juliansambrano/GitHub/Primebeat_081426/pi2n_cache.json   (READ ONLY)
  not applicable: x0 = 1000 is not a power of two, so no L2 ladder point lands on a power of two and there is nothing in pi2n_cache.json to compare against. Run with --x0 2 to exercise this gate
  r values compared : 0
  mismatches        : 0
  GATE B: NOT APPLICABLE / NOT RUN

------------------------------------------------------------------------------
GATE C — SANITY ON R: R(10^6) vs pi(10^6) = 78498, against |li(10^6) - 78498| = 129.549
------------------------------------------------------------------------------
  R implementation      : mpmath.riemannr
  R(10^6) at dps 30    : 78527.399429
  pi(10^6) from sieve   : 78498   (from this run's sieve)
  pi(10^6) known        : 78498
  |R(10^6) - 78498|     : 29.399429
  |li(10^6) - 78498|    : 129.549   (li(10^6) = 78627.549)
  GATE C: PASSED

------------------------------------------------------------------------------
BAND VERDICTS + HEADLINE PREDICTION — pre-registered, applied mechanically
------------------------------------------------------------------------------
       L2 : NULL
       L3 : NULL
      L23 : NULL
     L235 : DETECT
    L_irr : NULL

  H-JOINT   : L2 = NULL and L3 = NULL and L23 = DETECT
  H-NONE    : L2 = NULL and L3 = NULL and L23 = NULL
  H-SINGLE  : either L2 or L3 alone comes out DETECT
  precedence: H-SINGLE > H-JOINT > H-NONE > UNCLASSIFIED

  HEADLINE: H-NONE

==============================================================================
READ THE RESULT
==============================================================================
  c_j are EXACT INTEGER prime counts by binary search; no float approximation to
  pi(x) is used anywhere. L_j is an mpmath R difference at dps 30, cast to float
  only after the cancellation. The projection is float64 and is a NON-UNIFORM DFT.
  P(gamma) is an INNER PRODUCT, not a fit. The bands and the headline prediction were
  fixed before the run.
  gate A (exact tiling, all ladders) : PASSED
  gate B (ties to table, L2)         : NOT APPLICABLE / NOT RUN
  gate C (R sanity)                  : PASSED
  verdicts : L2 NULL / L3 NULL / L23 NULL / L235 DETECT / L_irr NULL
  headline : H-NONE
  Interpretation of these numbers is NOT this script's job.

  results written to results/O18_joint_multiplicative_ladder_run2.json
