==============================================================================
O20 — Connes cutoff sweep  (measures an accuracy curve and a spectral gap;
      proves nothing, interprets nothing)
==============================================================================
  Connes, arXiv:2602.04022v1, §5, verbatim:
    "What we do not know is that, when we increase the upper limit, which was
     x = 13 here, the corresponding set of zeros will converge towards the
     zeros of zeta. This is something which at this point is not proved."
  §6.6, verbatim:
    "one needs to show that the smallest eigenvalue of the Weil quadratic form
     QW_lambda is simple with even eigenvector"

  cutoffs        : [13, 17, 19, 23, 29]
  N              : 100   (matrix is 201 square)
  T              : 400
  dps            : 150
  n_zeros        : 5
  budget-minutes : 45.0
  connes_cvs     : 0.3.1
  mpmath         : 1.3.0

------------------------------------------------------------------------------
GATE A — is flint actually in use?
------------------------------------------------------------------------------
  import flint                      : OK
  flint.__version__                 : 0.9.0
  connes_cvs.operator.HAS_FLINT     : True
  connes_cvs reported flint version : 0.9.0
  GATE A: PASS — flint is in use.

==============================================================================
CUTOFF c = 13
==============================================================================
  primes <= 13 : [2, 3, 5, 7, 11, 13]   (n = 6)
  bridge coordinate d = 2*log2(c) - 1 = 6.4008794363   (O19's axis)
  N = 100, T = 400, dps = 150

  building the CvS Galerkin matrix Q(c)...
  Q is 201 x 201   (build: 329.18 s)
  GATE C — ||Q - Q^T|| / ||Q|| = 0.0   -> PASS
  computing ground state (cc.compute_ground_state)...
  smallest even-sector eigenvalue: 2.076962658e-59   (13.83 s)
  log10 |lambda_1| = -58.682571
  computing the FULL even-sector spectrum (mp.eigsy on the package's own
  projected matrix, operator.py:684-697) for the spectral gap...
  even sector has 101 eigenvalues   (13.75 s)
  replication check: |min(replicated) - lambda_pkg| / |lambda_pkg| = 0
  lambda_1 = 2.0769626582e-59
  lambda_2 = 9.12073758878e-52
  gap  lambda_2 - lambda_1 = 9.12073738108e-52
  ratio lambda_2 / lambda_1 = 43913825.5701
  five smallest even-sector eigenvalues:
    lambda_1 = 2.0769626581978318931e-59
    lambda_2 = 9.1207375887788421785e-52
    lambda_3 = 7.2830888054811849708e-45
    lambda_4 = 1.5067833621732672289e-38
    lambda_5 = 7.6599964349997772909e-33

  extracting 5 zeros from the ground-state eigenvector...
  (0.38 s; 5 of 5 converged)

    k                 gamma_true             gamma_detected                |error|  converged
  --- -------------------------- -------------------------- ---------------------- ----------
    1 14.13472514173469379045725 14.13472514173469379045725      1.45495241244e-55       True
    2 21.02203963877155499262848 21.02203963877155499262848      2.69103494637e-52       True
    3 25.01085758014568876321379 25.01085758014568876321379      2.49199642553e-50       True
    4  30.4248761258595132103119  30.4248761258595132103119      2.19612720873e-47       True
    5 32.93506158773918969066237 32.93506158773918969066237      4.28443232933e-46       True

  cutoff c = 13 total wall: 357.13 s

  CONNES COMPARISON at c = 13 (arXiv:2602.04022v1, §6):
    his first-zero error : 2.60179e-55
    ours                 : 1.45495241244e-55
    Both numbers are STATED. This script does not interpret them.

==============================================================================
CUTOFF c = 17
==============================================================================
  primes <= 17 : [2, 3, 5, 7, 11, 13, 17]   (n = 7)
  bridge coordinate d = 2*log2(c) - 1 = 7.1749256825   (O19's axis)
  N = 100, T = 400, dps = 150

  building the CvS Galerkin matrix Q(c)...
  Q is 201 x 201   (build: 350.40 s)
  GATE C — ||Q - Q^T|| / ||Q|| = 0.0   -> PASS
  computing ground state (cc.compute_ground_state)...
  smallest even-sector eigenvalue: 1.401078219e-80   (13.56 s)
  log10 |lambda_1| = -79.853538
  computing the FULL even-sector spectrum (mp.eigsy on the package's own
  projected matrix, operator.py:684-697) for the spectral gap...
  even sector has 101 eigenvalues   (13.42 s)
  replication check: |min(replicated) - lambda_pkg| / |lambda_pkg| = 0
  lambda_1 = 1.40107821891e-80
  lambda_2 = 1.91283446081e-72
  gap  lambda_2 - lambda_1 = 1.9128344468e-72
  ratio lambda_2 / lambda_1 = 136525886.635
  five smallest even-sector eigenvalues:
    lambda_1 = 1.4010782189077702043e-80
    lambda_2 = 1.9128344608084409815e-72
    lambda_3 = 4.8101586233366798995e-65
    lambda_4 = 3.7040885797232904504e-58
    lambda_5 = 6.5200630660910665458e-52

  extracting 5 zeros from the ground-state eigenvector...
  (0.36 s; 5 of 5 converged)

    k                 gamma_true             gamma_detected                |error|  converged
  --- -------------------------- -------------------------- ---------------------- ----------
    1 14.13472514173469379045725 14.13472514173469379045725      1.12815275785e-76       True
    2 21.02203963877155499262848 21.02203963877155499262848      2.50097724238e-73       True
    3 25.01085758014568876321379 25.01085758014568876321379      2.65718392783e-71       True
    4  30.4248761258595132103119  30.4248761258595132103119      2.93367401354e-68       True
    5 32.93506158773918969066237 32.93506158773918969066237      6.45205076042e-67       True

  cutoff c = 17 total wall: 377.74 s

==============================================================================
CUTOFF c = 19
==============================================================================
  primes <= 19 : [2, 3, 5, 7, 11, 13, 17, 19]   (n = 8)
  bridge coordinate d = 2*log2(c) - 1 = 7.4958550269   (O19's axis)
  N = 100, T = 400, dps = 150

  building the CvS Galerkin matrix Q(c)...
  Q is 201 x 201   (build: 364.93 s)
  GATE C — ||Q - Q^T|| / ||Q|| = 0.0   -> PASS
  computing ground state (cc.compute_ground_state)...
  smallest even-sector eigenvalue: 8.77722906e-91   (13.86 s)
  log10 |lambda_1| = -90.056643
  computing the FULL even-sector spectrum (mp.eigsy on the package's own
  projected matrix, operator.py:684-697) for the spectral gap...
  even sector has 101 eigenvalues   (13.47 s)
  replication check: |min(replicated) - lambda_pkg| / |lambda_pkg| = 0
  lambda_1 = 8.77722906013e-91
  lambda_2 = 1.48746475503e-82
  gap  lambda_2 - lambda_1 = 1.48746474625e-82
  ratio lambda_2 / lambda_1 = 169468603.911
  five smallest even-sector eigenvalues:
    lambda_1 = 8.7772290601290122794e-91
    lambda_2 = 1.4874647550274007242e-82
    lambda_3 = 4.612477062143090509e-75
    lambda_4 = 4.9568186844591312563e-68
    lambda_5 = 1.2717333265310288019e-61

  extracting 5 zeros from the ground-state eigenvector...
  (0.37 s; 5 of 5 converged)

    k                 gamma_true             gamma_detected                |error|  converged
  --- -------------------------- -------------------------- ---------------------- ----------
    1 14.13472514173469379045725 14.13472514173469379045725      7.42641866595e-87       True
    2 21.02203963877155499262848 21.02203963877155499262848        1.755727828e-83       True
    3 25.01085758014568876321379 25.01085758014568876321379      1.95859160003e-81       True
    4  30.4248761258595132103119  30.4248761258595132103119      2.34219325202e-78       True
    5 32.93506158773918969066237 32.93506158773918969066237      5.37447197421e-77       True

  cutoff c = 19 total wall: 392.63 s

==============================================================================
CUTOFF c = 23
==============================================================================
  primes <= 23 : [2, 3, 5, 7, 11, 13, 17, 19, 23]   (n = 9)
  bridge coordinate d = 2*log2(c) - 1 = 8.0471239121   (O19's axis)
  N = 100, T = 400, dps = 150

  building the CvS Galerkin matrix Q(c)...
  Q is 201 x 201   (build: 356.07 s)
  GATE C — ||Q - Q^T|| / ||Q|| = 0.0   -> PASS
  computing ground state (cc.compute_ground_state)...
  smallest even-sector eigenvalue: 4.181758505e-107   (12.82 s)
  log10 |lambda_1| = -106.37864
  computing the FULL even-sector spectrum (mp.eigsy on the package's own
  projected matrix, operator.py:684-697) for the spectral gap...
  even sector has 101 eigenvalues   (12.73 s)
  replication check: |min(replicated) - lambda_pkg| / |lambda_pkg| = 0
  lambda_1 = 4.18175850469e-107
  lambda_2 = 5.23663664203e-99
  gap  lambda_2 - lambda_1 = 5.23663660021e-99
  ratio lambda_2 / lambda_1 = 125225706.749
  five smallest even-sector eigenvalues:
    lambda_1 = 4.1817585046861936368e-107
    lambda_2 = 5.2366366420252843845e-99
    lambda_3 = 1.843120295825327481e-91
    lambda_4 = 1.5969731650056803528e-84
    lambda_5 = 3.2744355195599533569e-78

  extracting 5 zeros from the ground-state eigenvector...
  (0.37 s; 5 of 5 converged)

    k                 gamma_true             gamma_detected                |error|  converged
  --- -------------------------- -------------------------- ---------------------- ----------
    1 14.13472514173469379045725 14.13472514173469379045725     3.87554692016e-103       True
    2 21.02203963877155499262848 21.02203963877155499262848      1.03121545288e-99       True
    3 25.01085758014568876321379 25.01085758014568876321379      1.25824393851e-97       True
    4  30.4248761258595132103119  30.4248761258595132103119      1.74277847963e-94       True
    5 32.93506158773918969066237 32.93506158773918969066237      4.32373285579e-93       True

  cutoff c = 23 total wall: 381.98 s

==============================================================================
CUTOFF c = 29
==============================================================================
  primes <= 29 : [2, 3, 5, 7, 11, 13, 17, 19, 23, 29]   (n = 10)
  bridge coordinate d = 2*log2(c) - 1 = 8.7159619903   (O19's axis)
  N = 100, T = 400, dps = 150

  building the CvS Galerkin matrix Q(c)...
  Q is 201 x 201   (build: 357.31 s)
  GATE C — ||Q - Q^T|| / ||Q|| = 0.0   -> PASS
  computing ground state (cc.compute_ground_state)...
  smallest even-sector eigenvalue: 3.070080249e-124   (12.45 s)
  log10 |lambda_1| = -123.51285
  computing the FULL even-sector spectrum (mp.eigsy on the package's own
  projected matrix, operator.py:684-697) for the spectral gap...
  even sector has 101 eigenvalues   (12.36 s)
  replication check: |min(replicated) - lambda_pkg| / |lambda_pkg| = 0
  lambda_1 = 3.07008024863e-124
  lambda_2 = 3.31126490726e-116
  gap  lambda_2 - lambda_1 = 3.31126487655e-116
  ratio lambda_2 / lambda_1 = 107855972.453
  five smallest even-sector eigenvalues:
    lambda_1 = 3.0700802486278361442e-124
    lambda_2 = 3.3112649072555017768e-116
    lambda_3 = 8.3043274494851718005e-109
    lambda_4 = 7.8413620710510340036e-102
    lambda_5 = 1.3349572763905892042e-95

  extracting 5 zeros from the ground-state eigenvector...
  (0.37 s; 5 of 5 converged)

    k                 gamma_true             gamma_detected                |error|  converged
  --- -------------------------- -------------------------- ---------------------- ----------
    1 14.13472514173469379045725 14.13472514173469379045725     3.22781240607e-120       True
    2 21.02203963877155499262848 21.02203963877155499262848     1.01162838097e-116       True
    3 25.01085758014568876321379 25.01085758014568876321379     1.39762261572e-114       True
    4  30.4248761258595132103119  30.4248761258595132103119      2.3733602222e-111       True
    5 32.93506158773918969066237 32.93506158773918969066237     6.56215444082e-110       True

  cutoff c = 29 total wall: 382.50 s

------------------------------------------------------------------------------
GATE B — reproduce O8's recorded eigenvalue at c = 13
------------------------------------------------------------------------------
  expected read from : /Users/juliansambrano/GitHub/Primebeat_081426/O8_run_dps150.log:15
  that line reads    : '  smallest even-sector eigenvalue: 2.865453615e-59'
  O8 recorded  : 2.865453615e-59
  ours         : 2.0769626582e-59
  |ours - O8| / |O8| = 0.275171   (tolerance 5e-07)
  GATE B: MISMATCH
    O8 runs : N = 100, T = 800, dps in (150, 300)
    this run: N = 100, T = 400, dps = 150
    STATED, not adjudicated: a different T is a parameter difference,
    not a failure of the package.

------------------------------------------------------------------------------
GATE C — Q symmetric at every cutoff (||Q - Q^T|| / ||Q|| == 0 exactly)
------------------------------------------------------------------------------
  c =   13   ratio =            0   -> PASS
  c =   17   ratio =            0   -> PASS
  c =   19   ratio =            0   -> PASS
  c =   23   ratio =            0   -> PASS
  c =   29   ratio =            0   -> PASS
  GATE C overall: PASS

==============================================================================
SWEEP SUMMARY — one row per cutoff
==============================================================================
     c  n_p         d  Qrows        lambda_1   log10|l1|        lambda_2             gap         l2/l1  first-zero err    wall s
  ---- ---- --------- ------ --------------- ----------- --------------- --------------- ------------- --------------- ---------
    13    6   6.40088    201   2.0769627e-59  -58.682571   9.1207376e-52   9.1207374e-52   4.39138e+07     1.45495e-55    357.13
    17    7   7.17493    201   1.4010782e-80  -79.853538   1.9128345e-72   1.9128344e-72   1.36526e+08     1.12815e-76    377.74
    19    8   7.49586    201   8.7772291e-91  -90.056643   1.4874648e-82   1.4874647e-82   1.69469e+08     7.42642e-87    392.63
    23    9   8.04712    201  4.1817585e-107  -106.37864   5.2366366e-99   5.2366366e-99   1.25226e+08    3.87555e-103    381.98
    29   10   8.71596    201  3.0700802e-124  -123.51285  3.3112649e-116  3.3112649e-116   1.07856e+08    3.22781e-120    382.50

  no cutoff was skipped by the budget.

------------------------------------------------------------------------------
STATED FACTS (mechanical; NOT interpreted here)
------------------------------------------------------------------------------
  first-zero error, cutoff-ordered : [(13, '1.45495e-55'), (17, '1.12815e-76'), (19, '7.42642e-87'), (23, '3.87555e-103'), (29, '3.22781e-120')]
  strictly decreasing in c?        : True
  gap ratio lambda_2/lambda_1      : [(13, '4.39138e+07'), (17, '1.36526e+08'), (19, '1.69469e+08'), (23, '1.25226e+08'), (29, '1.07856e+08')]
  smallest ratio over the sweep    : 4.39138e+07

  total wall: 1893.01 s (31.55 min)

  results written to /Users/juliansambrano/GitHub/Primebeat_081426/results/O20_connes_cutoff_sweep_results.json
