==============================================================================
O24 — prime-generator orbit  (fit-free; exact counts; projection, not fit)
==============================================================================
  O18 showed the integer bases are blind to the zeros SINGLY but not JOINTLY: at
  x0 = 2 the pure dyadic and pure triadic ladders returned NULL, while the joint
  orbit {2^m 3^n} detected gamma_2 at P/median 6.95 and {2^m 3^n 5^k} detected
  gamma_4 at 16.37. Only PRIME bases add generators: 4, 8 and 9 lie inside the
  semigroup 2 and 3 already generate, so they do not densify the orbit. This script
  makes the generator set a PARAMETER and sweeps the NESTED family on identical
  settings, to measure how detection scales with the number of prime generators and
  whether it saturates. Interpretation of the numbers below is NOT this script's job.

  x0 = 2   xmax = 150000000   dps = 30   surrogates = 200   seed = 2026
  generators = 2,3,5,7,11,13,17,19   nested family:
    G1 = {2}
    G2 = {2, 3}
    G3 = {2, 3, 5}
    G4 = {2, 3, 5, 7}
    G5 = {2, 3, 5, 7, 11}
    G6 = {2, 3, 5, 7, 11, 13}
    G7 = {2, 3, 5, 7, 11, 13, 17}
    G8 = {2, 3, 5, 7, 11, 13, 17, 19}
  pi/log2 = 4.532360     pi/log3 = 2.859601

  sieving primes to 150000000...
  8444396 primes, largest = 149999957

  building ladders (multipliers as EXACT Python integers; sort and dedup exact)...

    set       generators   rungs          first x           last x     gap min     gap med     gap max   pi/gap_med
     G1                2      27                2        134217728   0.6931472   0.6931472   0.6931472     4.532360
     G2              2,3     237                2        143327232   0.0135510   0.0521160   0.6931472    60.280770
     G3            2,3,5    1058                2        150000000   0.0011285   0.0112940   0.6931472   278.164584
     G4          2,3,5,7    3243                2        150000000   0.0001880   0.0033258   0.6931472   944.602120
     G5       2,3,5,7,11    7341                2        150000000   0.0000161   0.0011416   0.6931472  2751.835944
     G6    2,3,5,7,11,13   14402                2        150000000   0.0000075   0.0003870   0.6931472  8118.522114
     G7 2,3,5,7,11,13,17   24676                2        150000000   0.0000012   0.0002286   0.6931472 13742.897003
     G8 2,3,5,7,11,13,17,19   39242                2        150000000   0.0000001   0.0001442   0.6931472 21785.627573

  reference: log 2 = 0.6931472   log 3 = 1.0986123   log 5 = 1.6094379   log 7 = 1.9459101
  For a SINGLE generator the log-gaps are CONSTANT, so pi/gap IS the uniform Nyquist
  limit. For every multi-generator set the gaps are IRREGULAR and pi/median_gap is a
  DESCRIPTIVE NUMBER ONLY, NOT A BOUND.

  NESTING CHECK (each ladder must be a superset of the previous)
        G1 subset G2 :  True   27 -> 237 rungs (+210)
        G2 subset G3 :  True   237 -> 1058 rungs (+821)
        G3 subset G4 :  True   1058 -> 3243 rungs (+2185)
        G4 subset G5 :  True   3243 -> 7341 rungs (+4098)
        G5 subset G6 :  True   7341 -> 14402 rungs (+7061)
        G6 subset G7 :  True   14402 -> 24676 rungs (+10274)
        G7 subset G8 :  True   24676 -> 39242 rungs (+14566)

  running pipeline on G1 = {2} (27 rungs, 26 blocks); computing R at mp.dps = 30 (mpmath.riemannr) ...
  G1: total primes counted = 7603552, block size 1..3645744
  G1: resolution = 0.362589, band hw = 0.600000, median(P) = 0.063908274
  G1: argmax gamma = 23.3600 (nearest gamma_n = 25.010858, dist 1.6509), P_max/median = 4.775250
  G1: P/median at the six gamma_n = 4.18390, 1.04170, 1.64245, 2.35854, 2.74738, 0.42310
  G1: surrogate P_max/median min 1.195047 med 1.901198 p95 2.717041 max 3.420714; real 4.775250 at pct 100.000, > p95 True
  G1: gate A PASSED   VERDICT NULL

  running pipeline on G2 = {2,3} (237 rungs, 236 blocks); computing R at mp.dps = 30 (mpmath.riemannr) ...
  G2: total primes counted = 8089543, block size 0..388218
  G2: resolution = 0.348381, band hw = 0.600000, median(P) = 0.1006782
  G2: argmax gamma = 20.9700 (nearest gamma_n = 21.022040, dist 0.0520), P_max/median = 6.951184
  G2: P/median at the six gamma_n = 5.95388, 6.87325, 5.28944, 2.00303, 4.03090, 1.93874
  G2: surrogate P_max/median min 1.930432 med 2.588901 p95 3.303940 max 4.265912; real 6.951184 at pct 100.000, > p95 True
  G2: gate A PASSED   VERDICT DETECT

  running pipeline on G3 = {2,3,5} (1058 rungs, 1057 blocks); computing R at mp.dps = 30 (mpmath.riemannr) ...
  G3: total primes counted = 8444395, block size 0..95707
  G3: resolution = 0.346595, band hw = 0.600000, median(P) = 0.028543471
  G3: argmax gamma = 30.3600 (nearest gamma_n = 30.424876, dist 0.0649), P_max/median = 16.373229
  G3: P/median at the six gamma_n = 15.37928, 12.96506, 16.19280, 16.17747, 13.46188, 15.71418
  G3: surrogate P_max/median min 1.819294 med 2.507211 p95 3.315864 max 3.805496; real 16.373229 at pct 100.000, > p95 True
  G3: gate A PASSED   VERDICT DETECT

  running pipeline on G4 = {2,3,5,7} (3243 rungs, 3242 blocks); computing R at mp.dps = 30 (mpmath.riemannr) ...
  G4: total primes counted = 8444395, block size 0..33904
  G4: resolution = 0.346587, band hw = 0.600000, median(P) = 0.013066837
  G4: argmax gamma = 14.1500 (nearest gamma_n = 14.134725, dist 0.0153), P_max/median = 26.733822
  G4: P/median at the six gamma_n = 26.70758, 25.61731, 26.24047, 25.11348, 25.51523, 25.48434
  G4: surrogate P_max/median min 1.773420 med 2.618406 p95 3.311830 max 4.260513; real 26.733822 at pct 100.000, > p95 True
  G4: gate A PASSED   VERDICT DETECT

  running pipeline on G5 = {2,3,5,7,11} (7341 rungs, 7340 blocks); computing R at mp.dps = 30 (mpmath.riemannr) ...
  G5: total primes counted = 8444395, block size 0..15726
  G5: resolution = 0.346515, band hw = 0.600000, median(P) = 0.015188005
  G5: argmax gamma = 25.0000 (nearest gamma_n = 25.010858, dist 0.0109), P_max/median = 19.814296
  G5: P/median at the six gamma_n = 19.41485, 19.23944, 19.80784, 19.35104, 19.69678, 18.95308
  G5: surrogate P_max/median min 1.692213 med 2.524484 p95 3.210082 max 4.928430; real 19.814296 at pct 100.000, > p95 True
  G5: gate A PASSED   VERDICT DETECT

  running pipeline on G6 = {2,3,5,7,11,13} (14402 rungs, 14401 blocks); computing R at mp.dps = 30 (mpmath.riemannr) ...
  G6: total primes counted = 8444395, block size 0..9506
  G6: resolution = 0.346512, band hw = 0.600000, median(P) = 0.01978611
  G6: argmax gamma = 32.9600 (nearest gamma_n = 32.935062, dist 0.0249), P_max/median = 13.312191
  G6: P/median at the six gamma_n = 13.05047, 13.04539, 12.99632, 13.13607, 13.30716, 13.12137
  G6: surrogate P_max/median min 1.783539 med 2.500604 p95 3.257190 max 4.093073; real 13.312191 at pct 100.000, > p95 True
  G6: gate A PASSED   VERDICT DETECT

  running pipeline on G7 = {2,3,5,7,11,13,17} (24676 rungs, 24675 blocks); computing R at mp.dps = 30 (mpmath.riemannr) ...
  G7: total primes counted = 8444395, block size 0..6814
  G7: resolution = 0.346511, band hw = 0.600000, median(P) = 0.023955458
  G7: argmax gamma = 32.9600 (nearest gamma_n = 32.935062, dist 0.0249), P_max/median = 10.003237
  G7: P/median at the six gamma_n = 9.77006, 9.73573, 9.72059, 9.86127, 9.99836, 9.82922
  G7: surrogate P_max/median min 1.589430 med 2.409776 p95 3.221880 max 3.925801; real 10.003237 at pct 100.000, > p95 True
  G7: gate A PASSED   VERDICT DETECT

  running pipeline on G8 = {2,3,5,7,11,13,17,19} (39242 rungs, 39241 blocks); computing R at mp.dps = 30 (mpmath.riemannr) ...
  G8: total primes counted = 8444395, block size 0..3418
  G8: resolution = 0.346511, band hw = 0.600000, median(P) = 0.028859775
  G8: argmax gamma = 32.9600 (nearest gamma_n = 32.935062, dist 0.0249), P_max/median = 7.719920
  G8: P/median at the six gamma_n = 7.44426, 7.48462, 7.47481, 7.58207, 7.71624, 7.42299
  G8: surrogate P_max/median min 1.676207 med 2.399826 p95 3.463323 max 4.194651; real 7.719920 at pct 100.000, > p95 True
  G8: gate A PASSED   VERDICT DETECT

  distinct R(x) evaluations : 39242

------------------------------------------------------------------------------
LADDERS — rung count, endpoints, log-gap spread
------------------------------------------------------------------------------
    set         gens   rungs  blocks        first x           last x     gap min     gap med     gap max
     G1            2      27      26              2        134217728   0.6931472   0.6931472   0.6931472
     G2          2,3     237     236              2        143327232   0.0135510   0.0521160   0.6931472
     G3        2,3,5    1058    1057              2        150000000   0.0011285   0.0112940   0.6931472
     G4      2,3,5,7    3243    3242              2        150000000   0.0001880   0.0033258   0.6931472
     G5   2,3,5,7,11    7341    7340              2        150000000   0.0000161   0.0011416   0.6931472
     G6 2,3,5,7,11,13   14402   14401              2        150000000   0.0000075   0.0003870   0.6931472
     G7 2,3,5,7,11,13,17   24676   24675              2        150000000   0.0000012   0.0002286   0.6931472
     G8 2,3,5,7,11,13,17,19   39242   39241              2        150000000   0.0000001   0.0001442   0.6931472

------------------------------------------------------------------------------
PROJECTION  P(gamma) = |sum_j w_j ehat_j exp(-i gamma log x_j)|  (NON-UNIFORM DFT,
            a direct sum valid for arbitrary x_j; an inner product, NOT a fit)
------------------------------------------------------------------------------
  gamma grid : 0 to 40 step 0.01  (4001 points)   window: hann
  band half-width per set = max(0.6, that set's frequency resolution)
  threshold : P > 5 x median(P)

    set   n_blk   log-x span    2pi/span    band hw      median(P)   argmax g    P_max/med   verdict
     G1      26    17.328680    0.362589   0.600000    0.063908274    23.3600     4.775250      NULL
     G2     236    18.035378    0.348381   0.600000      0.1006782    20.9700     6.951184    DETECT
     G3    1057    18.128316    0.346595   0.600000    0.028543471    30.3600    16.373229    DETECT
     G4    3242    18.128732    0.346587   0.600000    0.013066837    14.1500    26.733822    DETECT
     G5    7340    18.132491    0.346515   0.600000    0.015188005    25.0000    19.814296    DETECT
     G6   14401    18.132641    0.346512   0.600000     0.01978611    32.9600    13.312191    DETECT
     G7   24675    18.132701    0.346511   0.600000    0.023955458    32.9600    10.003237    DETECT
     G8   39241    18.132701    0.346511   0.600000    0.028859775    32.9600     7.719920    DETECT

  P/median AT THE SIX gamma_n
    set          g1          g2          g3          g4          g5          g6
     G1     4.18390     1.04170     1.64245     2.35854     2.74738     0.42310
     G2     5.95388     6.87325     5.28944     2.00303     4.03090     1.93874
     G3    15.37928    12.96506    16.19280    16.17747    13.46188    15.71418
     G4    26.70758    25.61731    26.24047    25.11348    25.51523    25.48434
     G5    19.41485    19.23944    19.80784    19.35104    19.69678    18.95308
     G6    13.05047    13.04539    12.99632    13.13607    13.30716    13.12137
     G7     9.77006     9.73573     9.72059     9.86127     9.99836     9.82922
     G8     7.44426     7.48462     7.47481     7.58207     7.71624     7.42299

  gamma_n = 14.134725, 21.022040, 25.010858, 30.424876, 32.935062, 37.586178

  TEN LARGEST LOCAL PEAKS — G1  (strict interior maxima; band hw 0.600000)
   rank        gamma                  P       P/median   nearest gamma_n       dist   in band
      1      23.3600       0.3051780072       4.775250         25.010858     1.6509        no
      2       5.2300       0.3051765625       4.775228         14.134725     8.9047        no
      3      12.9000       0.3051743203       4.775193         14.134725     1.2347        no
      4      31.0300       0.3051712795       4.775145         30.424876     0.6051        no
      5      21.9600       0.3051682902       4.775098         21.022040     0.9380        no
      6       3.8300       0.3051638385       4.775029         14.134725    10.3047        no
      7      14.3000       0.3051585987       4.774947         14.134725     0.1653       yes
      8      32.4300       0.3051525722       4.774852         32.935062     0.5051       yes
      9      38.3900       0.1064006361       1.664896         37.586178     0.8038        no
     10      25.0600       0.1063998486       1.664884         25.010858     0.0491       yes

  TEN LARGEST LOCAL PEAKS — G2  (strict interior maxima; band hw 0.600000)
   rank        gamma                  P       P/median   nearest gamma_n       dist   in band
      1      20.9700       0.6998327011       6.951184         21.022040     0.0520       yes
      2      14.1600       0.6008513449       5.968038         14.134725     0.0253       yes
      3      24.9500       0.5415699634       5.379218         25.010858     0.0609       yes
      4      32.6700         0.49762111       4.942690         32.935062     0.2651       yes
      5      36.6100       0.3033684119       3.013248         37.586178     0.9762        no
      6      31.3600       0.2946802635       2.926952         30.424876     0.9351        no
      7      30.2500        0.239339544       2.377273         30.424876     0.1749       yes
      8      35.2300       0.2266333316       2.251067         32.935062     2.2949        no
      9      19.9200       0.2183869892       2.169159         21.022040     1.1020        no
     10      15.5700       0.1786730874       1.774695         14.134725     1.4353        no

  TEN LARGEST LOCAL PEAKS — G3  (strict interior maxima; band hw 0.600000)
   rank        gamma                  P       P/median   nearest gamma_n       dist   in band
      1      30.3600       0.4673487887      16.373229         30.424876     0.0649       yes
      2      24.9700       0.4646255396      16.277822         25.010858     0.0409       yes
      3      37.5200       0.4560663225      15.977956         37.586178     0.0662       yes
      4      14.1400       0.4390628166      15.382251         14.134725     0.0053       yes
      5      32.8900       0.3869106559      13.555137         32.935062     0.0451       yes
      6      20.9600        0.374524488      13.121197         21.022040     0.0620       yes
      7      39.9100       0.1118191729       3.917504         37.586178     2.3238        no
      8      33.9700      0.09767602958       3.422010         32.935062     1.0349        no
      9      26.0200      0.08752141297       3.066250         25.010858     1.0091        no
     10      35.8400      0.05928493255       2.077005         37.586178     1.7462        no

  TEN LARGEST LOCAL PEAKS — G4  (strict interior maxima; band hw 0.600000)
   rank        gamma                  P       P/median   nearest gamma_n       dist   in band
      1      14.1500       0.3493264937      26.733822         14.134725     0.0153       yes
      2      25.0100       0.3428798817      26.240466         25.010858     0.0009       yes
      3      21.0000       0.3349078293      25.630367         21.022040     0.0220       yes
      4      37.5500       0.3342930284      25.583317         37.586178     0.0362       yes
      5      32.9200       0.3335986061      25.530173         32.935062     0.0151       yes
      6      30.3800       0.3292237401      25.195366         30.424876     0.0449       yes
      7      19.1000      0.01442090673       1.103626         21.022040     1.9220        no
      8      28.1800      0.01425301688       1.090778         30.424876     2.2449        no
      9      34.6200      0.01409956684       1.079034         32.935062     1.6849        no
     10      12.4500      0.01390653633       1.064262         14.134725     1.6847        no

  TEN LARGEST LOCAL PEAKS — G5  (strict interior maxima; band hw 0.600000)
   rank        gamma                  P       P/median   nearest gamma_n       dist   in band
      1      25.0000       0.3009396401      19.814296         25.010858     0.0109       yes
      2      32.9500       0.2991692899      19.697734         32.935062     0.0149       yes
      3      14.1300       0.2948728513      19.414850         14.134725     0.0047       yes
      4      30.4000       0.2940874565      19.363139         30.424876     0.0249       yes
      5      21.0100       0.2922179154      19.240045         21.022040     0.0120       yes
      6      37.5700       0.2880197917      18.963635         37.586178     0.0162       yes
      7      27.9500     0.009850419557       0.648566         30.424876     2.4749        no
      8      35.1100     0.007874342052       0.518458         32.935062     2.1749        no
      9      16.6000     0.007355782228       0.484315         14.134725     2.4653        no
     10      18.3800      0.00559061167       0.368094         21.022040     2.6420        no

  TEN LARGEST LOCAL PEAKS — G6  (strict interior maxima; band hw 0.600000)
   rank        gamma                  P       P/median   nearest gamma_n       dist   in band
      1      32.9600       0.2633964638      13.312191         32.935062     0.0249       yes
      2      30.4100       0.2600047924      13.140774         30.424876     0.0149       yes
      3      37.5800       0.2596357374      13.122122         37.586178     0.0062       yes
      4      14.1400       0.2582221897      13.050680         14.134725     0.0053       yes
      5      21.0200       0.2581174744      13.045388         21.022040     0.0020       yes
      6      24.9900       0.2573449558      13.006344         25.010858     0.0209       yes
      7      27.8700      0.01174677299       0.593688         30.424876     2.5549        no
      8      16.4800     0.009317829521       0.470928         14.134725     2.3453        no
      9      35.0500     0.008278374502       0.418393         32.935062     2.1149        no
     10      10.2300     0.004229662476       0.213769         14.134725     3.9047        no

  TEN LARGEST LOCAL PEAKS — G7  (strict interior maxima; band hw 0.600000)
   rank        gamma                  P       P/median   nearest gamma_n       dist   in band
      1      32.9600       0.2396321394      10.003237         32.935062     0.0249       yes
      2      30.4100       0.2362674802       9.862783         30.424876     0.0149       yes
      3      37.5900       0.2354634564       9.829219         37.586178     0.0038       yes
      4      14.1300       0.2340463564       9.770064         14.134725     0.0047       yes
      5      21.0300       0.2332559156       9.737068         21.022040     0.0080       yes
      6      24.9900       0.2330461702       9.728312         25.010858     0.0209       yes
      7      27.7500      0.01167285932       0.487273         30.424876     2.6749        no
      8      18.3300     0.006809236806       0.284246         21.022040     2.6920        no
      9      10.1000     0.003752670422       0.156652         14.134725     4.0347        no
     10       7.0500      0.00293946817       0.122706         14.134725     7.0847        no

  TEN LARGEST LOCAL PEAKS — G8  (strict interior maxima; band hw 0.600000)
   rank        gamma                  P       P/median   nearest gamma_n       dist   in band
      1      32.9600       0.2227951613       7.719920         32.935062     0.0249       yes
      2      30.4200       0.2188169177       7.582073         30.424876     0.0049       yes
      3      21.0300       0.2160435331       7.485974         21.022040     0.0080       yes
      4      24.9900       0.2158414928       7.478973         25.010858     0.0209       yes
      5      14.1300       0.2148395485       7.444256         14.134725     0.0047       yes
      6      37.5900       0.2142257181       7.422986         37.586178     0.0038       yes
      7      10.1800     0.003406254833       0.118028         14.134725     3.9547        no
      8       7.0500     0.002678948144       0.092826         14.134725     7.0847        no
      9       4.6100     0.000687302767       0.023815         14.134725     9.5247        no
     10       2.2200    0.0003172489731       0.010993         14.134725    11.9147        no

------------------------------------------------------------------------------
SURROGATE CONTROL (amplitude-preserving permutation of ehat across j)
------------------------------------------------------------------------------
  200 surrogates per generator set, numpy default_rng(seed=2026), identical projection.
  THIS IS THE CONTROL THAT MATTERS: combining irregular samples can manufacture peaks.
  If the real value is not beyond the surrogate 95th percentile the detection is not
  established.

  SURROGATE P_max/median
    set     surr min     surr med     surr p95     surr max         REAL   real pct   > p95
     G1     1.195047     1.901198     2.717041     3.420714     4.775250    100.000    True
     G2     1.930432     2.588901     3.303940     4.265912     6.951184    100.000    True
     G3     1.819294     2.507211     3.315864     3.805496    16.373229    100.000    True
     G4     1.773420     2.618406     3.311830     4.260513    26.733822    100.000    True
     G5     1.692213     2.524484     3.210082     4.928430    19.814296    100.000    True
     G6     1.783539     2.500604     3.257190     4.093073    13.312191    100.000    True
     G7     1.589430     2.409776     3.221880     3.925801    10.003237    100.000    True
     G8     1.676207     2.399826     3.463323     4.194651     7.719920    100.000    True

  SURROGATE P/median AT gamma_1 = 14.134725
    set     surr min     surr med     surr p95     surr max         REAL   real pct   > p95
     G1     0.038896     1.061921     1.871668     2.649124     4.183898    100.000    True
     G2     0.030419     1.029225     1.916079     2.520712     5.953878    100.000    True
     G3     0.093288     1.018312     2.001909     2.785889    15.379279    100.000    True
     G4     0.112950     1.063343     1.959847     2.966270    26.707584    100.000    True
     G5     0.122478     0.948113     2.146187     4.599380    19.414850    100.000    True
     G6     0.069165     1.000694     2.030260     2.701485    13.050474    100.000    True
     G7     0.056507     0.983499     2.005773     3.008292     9.770064    100.000    True
     G8     0.025266     1.091310     2.117148     3.665002     7.444256    100.000    True

------------------------------------------------------------------------------
GATE A — EXACT TILING, per generator set: sum_j c_j == pi(x_last) - pi(x_0)
------------------------------------------------------------------------------
    set      pi(x_0)   pi(x_last)     expected      sum c_j     diff    gate A
     G1            1      7603553      7603552      7603552        0    PASSED
     G2            1      8089544      8089543      8089543        0    PASSED
     G3            1      8444396      8444395      8444395        0    PASSED
     G4            1      8444396      8444395      8444395        0    PASSED
     G5            1      8444396      8444395      8444395        0    PASSED
     G6            1      8444396      8444395      8444395        0    PASSED
     G7            1      8444396      8444395      8444395        0    PASSED
     G8            1      8444396      8444395      8444395        0    PASSED
  GATE A overall: PASSED

------------------------------------------------------------------------------
GATE B — TIES TO THE TABLE: G1's c_j vs N(r) = pi(2^r) - pi(2^(r-1))
         from pi2n_cache.json (READ ONLY; read, not hardcoded)
------------------------------------------------------------------------------
  source : /Users/juliansambrano/GitHub/Primebeat_081426/pi2n_cache.json   (READ ONLY)
  G1 generators : [2]
  cache entries : 63  n range 0..62
  compared 26 r values against pi2n_cache.json
  cells compared : 26   (r = 2..27)
  mismatches     : 0
  GATE B: PASSED

------------------------------------------------------------------------------
GATE C — SANITY ON R: R(10^6) vs pi(10^6) = 78498, against |li(10^6) - 78498| = 129.549
------------------------------------------------------------------------------
  R implementation      : mpmath.riemannr
  R(10^6) at dps 30    : 78527.399429
  pi(10^6) from sieve   : 78498   (from this run's sieve)
  pi(10^6) known        : 78498
  |R(10^6) - 78498|     : 29.399429
  |li(10^6) - 78498|    : 129.549   (li(10^6) = 78627.549)
  GATE C: PASSED

------------------------------------------------------------------------------
PRE-REGISTERED SCALING BAND on P_max/median across the nested chain
------------------------------------------------------------------------------
  GROWS     : increases at every step, AND the final step gains >= 10%
  SATURATES : increases at every step, BUT the final step gains < 10%
  FALLS     : decreases at any step
  precedence: FALLS > GROWS > SATURATES > UNCLASSIFIED

    set       generators     P_max/median
     G1                2         4.775250
     G2              2,3         6.951184
     G3            2,3,5        16.373229
     G4          2,3,5,7        26.733822
     G5       2,3,5,7,11        19.814296
     G6    2,3,5,7,11,13        13.312191
     G7 2,3,5,7,11,13,17        10.003237
     G8 2,3,5,7,11,13,17,19         7.719920

              step           from             to     abs change    pct change   direction
          G1 -> G2       4.775250       6.951184       2.175934       45.5669    increase
          G2 -> G3       6.951184      16.373229       9.422045      135.5459    increase
          G3 -> G4      16.373229      26.733822      10.360593       63.2776    increase
          G4 -> G5      26.733822      19.814296      -6.919526      -25.8830    decrease
          G5 -> G6      19.814296      13.312191      -6.502106      -32.8152    decrease
          G6 -> G7      13.312191      10.003237      -3.308953      -24.8566    decrease
          G7 -> G8      10.003237       7.719920      -2.283317      -22.8258    decrease

  increases at every step  : False
  decreases at any step    : True
  final step pct change    : -22.8258%
  final step gain >= 10%   : False

  SCALING BAND: FALLS

------------------------------------------------------------------------------
DETECT ONSET — mechanical, reported separately from the scaling band
------------------------------------------------------------------------------
     G1 : NULL
     G2 : DETECT
     G3 : DETECT
     G4 : DETECT
     G5 : DETECT
     G6 : DETECT
     G7 : DETECT
     G8 : DETECT

  first DETECT at          : G2  (2 generators)
  stays DETECT thereafter  : True

==============================================================================
READ THE RESULT
==============================================================================
  c_j are EXACT INTEGER prime counts by binary search; no float approximation to
  pi(x) is used anywhere. L_j is an mpmath R difference at dps 30, cast to float
  only after the cancellation. The projection is float64 and is a NON-UNIFORM DFT.
  P(gamma) is an INNER PRODUCT, not a fit. The bands were fixed before the run.
  gate A (exact tiling, all sets)     : PASSED
  gate B (ties to table, G1)          : PASSED
  gate C (R sanity)                   : PASSED
  verdicts : G1 NULL / G2 DETECT / G3 DETECT / G4 DETECT / G5 DETECT / G6 DETECT / G7 DETECT / G8 DETECT
  P_max/median : G1 4.775250 / G2 6.951184 / G3 16.373229 / G4 26.733822 / G5 19.814296 / G6 13.312191 / G7 10.003237 / G8 7.719920
  scaling band : FALLS
  first DETECT : G2   stays DETECT : True
  Interpretation of these numbers is NOT this script's job.

  results written to results/O24_gen_to19_results.json
