   curve rank    p   a_p  |a_p|<=2sqrt p         |x|      p^-1/2    Re(s)
    11a1    0    2    -2             yes    0.707107    0.707107   0.5000
    11a1    0    3    -1             yes    0.577350    0.577350   0.5000
    11a1    0    5     1             yes    0.447214    0.447214   0.5000
    11a1    0    7    -2             yes    0.377964    0.377964   0.5000
    11a1    0   13     4             yes    0.277350    0.277350   0.5000
    11a1    0   17    -2             yes    0.242536    0.242536   0.5000
    11a1    0   19     0             yes    0.229416    0.229416   0.5000
    11a1    0   23    -1             yes    0.208514    0.208514   0.5000
    11a1    0   29     0             yes    0.185695    0.185695   0.5000
    11a1    0   31     7             yes    0.179605    0.179605   0.5000
    11a1    0   37     3             yes    0.164399    0.164399   0.5000
    11a1    0   41    -8             yes    0.156174    0.156174   0.5000
    11a1    0   43    -6             yes    0.152499    0.152499   0.5000
    11a1    0   47     8             yes    0.145865    0.145865   0.5000
    37a1    1    2    -2             yes    0.707107    0.707107   0.5000
    37a1    1    3    -3             yes    0.577350    0.577350   0.5000
    37a1    1    5    -2             yes    0.447214    0.447214   0.5000
    37a1    1    7    -1             yes    0.377964    0.377964   0.5000
    37a1    1   11    -5             yes    0.301511    0.301511   0.5000
    37a1    1   13    -2             yes    0.277350    0.277350   0.5000
    37a1    1   17     0             yes    0.242536    0.242536   0.5000
    37a1    1   19     0             yes    0.229416    0.229416   0.5000
    37a1    1   23     2             yes    0.208514    0.208514   0.5000
    37a1    1   29     6             yes    0.185695    0.185695   0.5000
    37a1    1   31    -4             yes    0.179605    0.179605   0.5000
    37a1    1   41    -9             yes    0.156174    0.156174   0.5000
    37a1    1   43     2             yes    0.152499    0.152499   0.5000
    37a1    1   47    -9             yes    0.145865    0.145865   0.5000
   389a1    2    2    -2             yes    0.707107    0.707107   0.5000
   389a1    2    3    -2             yes    0.577350    0.577350   0.5000
   389a1    2    5    -3             yes    0.447214    0.447214   0.5000
   389a1    2    7    -5             yes    0.377964    0.377964   0.5000
   389a1    2   11    -4             yes    0.301511    0.301511   0.5000
   389a1    2   13    -3             yes    0.277350    0.277350   0.5000
   389a1    2   17    -6             yes    0.242536    0.242536   0.5000
   389a1    2   19     5             yes    0.229416    0.229416   0.5000
   389a1    2   23    -4             yes    0.208514    0.208514   0.5000
   389a1    2   29    -6             yes    0.185695    0.185695   0.5000
   389a1    2   31     4             yes    0.179605    0.179605   0.5000
   389a1    2   37    -8             yes    0.164399    0.164399   0.5000
   389a1    2   41    -3             yes    0.156174    0.156174   0.5000
   389a1    2   43    12             yes    0.152499    0.152499   0.5000
   389a1    2   47    -2             yes    0.145865    0.145865   0.5000

max |Re(s) - 1/2| over 43 curve-prime pairs: 2.220e-16
Hasse holds at every pair: True
results written to /Users/juliansambrano/GitHub/Primebeat_081426/results/elliptic_symbol_zeros.json
