O49 — gain vs depth, per base.  EXPLORATORY, no prereg, no verdict.

predictions:  smooth |1-b^-1/2|    gamma1 |1-b^-rho1|    plateau ~1.771

b=1.1500    log b=0.1398   smooth=0.0675  gamma1=1.6137   d*(t2)=None   plateau entry d=1
   d :       1      2      3      4      5      6      7      8      9     10     11     12
   g :   1.653  1.762  1.834  1.821  1.822  1.836  1.907  1.861  1.886  1.954  1.944  1.941

b=1.2294    log b=0.2065   smooth=0.0981  gamma1=1.8902   d*(t2)=None   plateau entry d=1
   d :       1      2      3      4      5      6      7      8      9     10     11     12
   g :   1.468  1.841  1.803  1.840  1.809  1.889  1.824  1.915  1.872  1.910  1.913  1.951

b=1.2560    log b=0.2279   smooth=0.1077  gamma1=1.8908   d*(t2)=None   plateau entry d=2
   d :       1      2      3      4      5      6      7      8      9     10     11     12
   g :   1.374  1.515  1.839  1.817  1.822  1.816  1.853  1.858  1.820  1.848  1.850  1.892

b=1.2856    log b=0.2512   smooth=0.1180  gamma1=1.8428   d*(t2)=None   plateau entry d=1
   d :       1      2      3      4      5      6      7      8      9     10     11     12
   g :   1.486  1.705  1.961  1.832  1.929  1.827  1.919  1.850  1.868  1.875  1.813  1.828

b=1.3160    log b=0.2746   smooth=0.1283  gamma1=1.7457   d*(t2)=None   plateau entry d=1
   d :       1      2      3      4      5      6      7      8      9     10     11     12
   g :   1.436  1.676  1.645  1.643  1.723  1.724  1.735  1.730  1.794  1.751  1.829  1.780

b=1.3484    log b=0.2989   smooth=0.1388  gamma1=1.5965   d*(t2)=None   plateau entry d=2
   d :       1      2      3      4      5      6      7      8      9     10     11     12
   g :   1.378  1.787  1.927  1.693  1.874  1.707  1.817  1.897  1.792  1.832  1.820  1.808

b=1.4200    log b=0.3507   smooth=0.1608  gamma1=1.1396   d*(t2)=None   plateau entry d=1
   d :       1      2      3      4      5      6      7      8      9     10     11     12
   g :   1.565  1.598  1.793  1.734  1.701  1.626  1.781  1.664  1.939  1.699  1.902  1.713

b=1.5000    log b=0.4055   smooth=0.1835  gamma1=0.5256   d*(t2)=None   plateau entry d=2
   d :       1      2      3      4      5      6      7      8      9     10     11     12
   g :   1.147  1.572  1.573  1.724  1.690  1.726  1.760  1.591  1.724  1.636  1.779  1.718

b=1.5597    log b=0.4445   smooth=0.1993  gamma1=0.1993   d*(t2)=5   plateau entry d=2
   d :       1      2      3      4      5      6      7      8      9     10     11     12
   g :   1.147  1.561  1.750  1.483  1.597  1.796  1.890  1.739  1.940  1.835  1.820  1.860

b=1.6200    log b=0.4824   smooth=0.2143  gamma1=0.5159   d*(t2)=None   plateau entry d=2
   d :       1      2      3      4      5      6      7      8      9     10     11     12
   g :   1.170  1.651  1.523  1.729  1.727  1.790  1.709  1.808  1.724  1.774  1.779  1.869

b=1.7500    log b=0.5596   smooth=0.2441  gamma1=1.2869   d*(t2)=None   plateau entry d=2
   d :       1      2      3      4      5      6      7      8      9     10     11     12
   g :   0.919  1.465  1.635  1.768  1.798  1.755  1.821  1.798  1.849  1.832  1.775  1.722

b=2.0000    log b=0.6931   smooth=0.2929  gamma1=1.6784   d*(t2)=7   plateau entry d=2
   d :       1      2      3      4      5      6      7      8      9     10     11
   g :   1.039  1.545  1.584  1.583  1.567  1.680  1.656  1.716  1.810  1.671  1.955

b=3.0000    log b=1.0986   smooth=0.4226  gamma1=1.5715   d*(t2)=10   plateau entry d=2
   d :       1      2      3      4
   g :   0.695  1.403  1.643  1.710

wrote /Users/juliansambrano/GitHub/Primebeat_081426/results/gain_vs_depth.json
