O51 - twin lattice census.  EXPLORATORY, no prereg, no verdict.
ceiling 2^30 = 1,073,741,824

1. CENSUS  (partition self-check in the last column)
  r      sites      twin        lo        hi       bare  ok
  3          1         1         0         0          0  True
  4          1         1         0         0          0  True
  5          3         2         1         0          0  True
  6          5         2         2         1          0  True
  7         11         3         3         4          1  True
  8         21         7         5         4          5  True
  9         43         7        16        13          7  True
 10         85        12        26        25         22  True
 11        171        26        42        43         60  True
 12        341        45        84        81        131  True
 13        683        70       166       158        289  True
 14      1,365       113       325       321        606  True
 15      2,731       215       591       591      1,334  True
 16      5,461       355     1,161     1,159      2,786  True
 17     10,923       666     2,198     2,179      5,880  True
 18     21,845     1,153     4,235     4,208     12,249  True
 19     43,691     2,071     8,107     8,141     25,372  True
 20     87,381     3,785    15,542    15,523     52,531  True
 21    174,763     6,965    29,874    29,782    108,142  True
 22    349,525    12,495    57,706    57,640    221,684  True
 23    699,051    22,643   111,508   111,422    453,478  True
 24  1,398,101    41,608   215,276   215,216    926,001  True
 25  2,796,203    76,371   416,576   416,500  1,886,756  True
 26  5,592,405   140,944   806,296   805,936  3,839,229  True
 27 11,184,811   261,752 1,561,079 1,561,161  7,800,819  True
 28 22,369,621   484,968 3,028,585 3,028,769 15,827,299  True
 29 44,739,243   904,799 5,876,680 5,875,629 32,082,135  True
 30 89,478,485 1,689,477 11,414,236 11,414,088 64,960,684  True
   partition exact at every rung: True

2. IS THE SITE COUNT EXACTLY GEOMETRIC?
   pair_identity needs a geometric total; floor() may break it.
  r    n_sites      2^(r-1)/6  difference
  3          1         0.6667      0.3333
  4          1         1.3333     -0.3333
  5          3         2.6667      0.3333
  6          5         5.3333     -0.3333
  7         11        10.6667      0.3333
  8         21        21.3333     -0.3333
  9         43        42.6667      0.3333
 10         85        85.3333     -0.3333
 11        171       170.6667      0.3333
 12        341       341.3333     -0.3333
 13        683       682.6667      0.3333
 14      1,365      1365.3333     -0.3333
 15      2,731      2730.6667      0.3333
 16      5,461      5461.3333     -0.3333
 17     10,923     10922.6667      0.3333
 18     21,845     21845.3333     -0.3333
 19     43,691     43690.6667      0.3333
 20     87,381     87381.3333     -0.3333
 21    174,763    174762.6667      0.3333
 22    349,525    349525.3333     -0.3333
 23    699,051    699050.6667      0.3333
 24  1,398,101   1398101.3333     -0.3333
 25  2,796,203   2796202.6667      0.3333
 26  5,592,405   5592405.3333     -0.3333
 27 11,184,811  11184810.6667      0.3333
 28 22,369,621  22369621.3333     -0.3333
 29 44,739,243  44739242.6667      0.3333
 30 89,478,485  89478485.3333     -0.3333
   exactly geometric: False

3. CHEBYSHEV ON THE LATTICE  (lo = 6k-1 only, hi = 6k+1 only)
  r        lo        hi    lo-hi  (lo-hi)/sqrt(sites)
 19     8,107     8,141      -34              -0.1627
 20    15,542    15,523       19               0.0643
 21    29,874    29,782       92               0.2201
 22    57,706    57,640       66               0.1116
 23   111,508   111,422       86               0.1029
 24   215,276   215,216       60               0.0507
 25   416,576   416,500       76               0.0454
 26   806,296   805,936      360               0.1522
 27 1,561,079 1,561,161      -82              -0.0245
 28 3,028,585 3,028,769     -184              -0.0389
 29 5,876,680 5,875,629    1,051               0.1571
 30 11,414,236 11,414,088      148               0.0156

4. DOES THE TWIN ARM'S DIFFERENCE TABLE HAVE EXACT ZEROS?
   same recurrence as Construction.tableFrom, on the twin row
   cells examined at d >= 1: 377
   EXACT ZEROS: [(4, 1), (6, 1), (9, 1), (8, 4)]
   (prime table for comparison: (2,1) (4,1) (8,3) (20,6), r <= 92 -- O43)

wrote /Users/juliansambrano/GitHub/Primebeat_081426/results/twin_lattice_census.json
