O53 run 2 - tau vs the alias comb.  EXPLORATORY, no prereg, no verdict.
ceiling 1e15, floor 1e4.  Sweeping how many zeros are folded, with
the chance level reported beside every observation.

 base  rungs      tau | nz=6    nz=10   nz=20   nz=40   nz=60 
                      | obs/chance  obs/chance  obs/chance  obs/chance  obs/chance
    2     36   9.0647 | 0.33     0.18     0.38     0.49     0.23   
    3     23   5.7192 | 0.94     0.85     0.88     1.05     1.41   
    4     18   4.5324 | 0.54     0.89     1.00     1.03     0.51   
    6     14   3.5067 | 0.78     1.00     0.62     0.45     0.50   
    8     12   3.0216 | 0.53     0.69     1.41     0.26     0.33   
    9     11   2.8596 | 0.66     1.05     0.68     1.17     1.45   

  ratio below 1: peaks sit closer to folded zeros than chance.
  ratio near 1:  the fold explains nothing at that setting.

  detail at nz = 6, the sparsest target:
    base 2  domain [0,4.532] 6 folded pts  obs 0.1075  chance 0.3216  ratio 0.33
    base 3  domain [0,2.860] 6 folded pts  obs 0.3469  chance 0.3689  ratio 0.94
    base 4  domain [0,2.266] 6 folded pts  obs 0.0845  chance 0.1564  ratio 0.54
    base 6  domain [0,1.753] 6 folded pts  obs 0.0873  chance 0.1118  ratio 0.78
    base 8  domain [0,1.511] 6 folded pts  obs 0.0477  chance 0.0901  ratio 0.53
    base 9  domain [0,1.430] 6 folded pts  obs 0.0478  chance 0.0722  ratio 0.66
wrote /Users/juliansambrano/GitHub/Primebeat_081426/results/alias_tau_run2.json
