O55 - the arm involution's fixed set.  EXPLORATORY, no prereg, no verdict.
base 2, r <= 62, every cell at d >= 0

1. PAIR IDENTITY  prime + composite == 2^(r-1-d)
   holds at every one of 1953 cells: True

2. FIXED SET  prime(r,d) == composite(r,d)   i.e. sigma == 1/2
   3 cells: [(2, 0), (3, 0), (3, 1)]
     (r=2,d=0)  prime=1  composite=1  S=2^1=2
     (r=3,d=0)  prime=2  composite=2  S=2^2=4
     (r=3,d=1)  prime=1  composite=1  S=2^1=2

3. SIGMA = prime/S   along d = 0
     r= 2  sigma = 0.50000000
     r= 3  sigma = 0.50000000
     r= 4  sigma = 0.25000000
     r= 8  sigma = 0.17968750
     r=16  sigma = 0.09246826
     r=32  sigma = 0.04571986
     r=48  sigma = 0.03033702
     r=62  sigma = 0.02343712
   closest approaches to 1/2:
     (r= 2,d= 0)  sigma = +0.50000000   |sigma-1/2| = 0.00000000
     (r= 3,d= 0)  sigma = +0.50000000   |sigma-1/2| = 0.00000000
     (r= 3,d= 1)  sigma = +0.50000000   |sigma-1/2| = 0.00000000
     (r=21,d= 8)  sigma = +0.50195312   |sigma-1/2| = 0.00195312
     (r=14,d= 6)  sigma = +0.49218750   |sigma-1/2| = 0.00781250
     (r=31,d=12)  sigma = +0.52659988   |sigma-1/2| = 0.02659988
     (r=14,d= 8)  sigma = +0.53125000   |sigma-1/2| = 0.03125000
     (r=29,d=11)  sigma = +0.53328705   |sigma-1/2| = 0.03328705

4. THREE CONDITIONS, SEPARATED
   (1) cell_prime = 0      : [(2, 1), (4, 1), (8, 3), (20, 6)]
       (the four of record : [(2, 1), (4, 1), (8, 3), (20, 6)])
   (2) prime = composite   : [(2, 0), (3, 0), (3, 1)]
   (3) rho = 0             : exactly 0 cells; smallest |rho| at d >= 1:
       (r= 7,d= 1)  rho = +0.221696
       (r= 8,d= 1)  rho = -0.362637
       (r= 8,d= 2)  rho = -0.584333
       (r= 3,d= 1)  rho = +0.636288
       (r=11,d= 1)  rho = -0.679453
       (r= 4,d= 1)  rho = -0.979865
       (r= 5,d= 1)  rho = +1.180622
       (r= 6,d= 1)  rho = -1.244200

   overlap (1) & (2): []

wrote /Users/juliansambrano/GitHub/Primebeat_081426/results/arm_involution_fixed_set.json
