O63 — value refraction across bases.  EXPLORATORY, no prereg, no verdict.
ceiling 1e+12, values [1, 2, 3, 5, 7, 11, 13], small = |v| <= 20

=== unsilenced
    b  rungs   cells     v=1     v=2     v=3     v=5     v=7    v=11    v=13
    2     39     780       0       0       1       0       0       5       0
    3     25     325       -       0       1       0       7       9       0
    4     19     190       -       0       -       -       -       -       -
    5     17     153       -       -       0       -       -       -       -
    6     15     120       -       -       0       1       -       -       -
    7     14     105       -       -       -       -       1       0       -
    8     13      91       -       -       -       -       -       -       -
    9     12      78       -       -       -       -       -       -       -

=== silenced 2,3
    b  rungs   cells     v=1     v=2     v=3     v=5     v=7    v=11    v=13
    2     39     780       5       0       1       0       0       5       0
    3     25     325       2       0       1       0       -       5       0
    4     19     190       -       -       -       -       -       -       -
    5     17     153       0       -       -       1       -       -       -
    6     15     120       0       -       -       -       1       -       -
    7     14     105       -       0       -       -       -       0       -
    8     13      91       -       0       -       -       -       -       -
    9     12      78       -       0       -       -       -       -       -

=== BACKGROUND, base 2 unsilenced: cells with |v| <= 20, per depth
     d  cells  small    frac
     0     39      7   0.179
     1     38      8   0.211
     2     37      8   0.216
     3     36      8   0.222
     4     35      9   0.257
     5     34      8   0.235
     6     33      2   0.061
     7     32      0   0.000
     8     31      1   0.032
     9     30      0   0.000
    10     29      0   0.000
    11     28      0   0.000
    12     27      0   0.000
    13     26      0   0.000
    14     25      0   0.000
    15     24      0   0.000

=== POISSON CONTROL, same length, base 2's per-rung means
     d  real frac  poisson frac
     0      0.179         0.205
     1      0.211         0.184
     2      0.216         0.243
     3      0.222         0.167
     4      0.257         0.057
     5      0.235         0.000
     6      0.061         0.000
     7      0.000         0.000
     8      0.032         0.032
     9      0.000         0.000
    10      0.000         0.000
    11      0.000         0.000
    12      0.000         0.000
    13      0.000         0.000
    14      0.000         0.000
    15      0.000         0.000

wrote /Users/juliansambrano/GitHub/Primebeat_081426/results/value_refraction.json
