O72 — twin rigidity and correlations, v2: heights x windows x null distributions.  EXPLORATORY.
  heights K = 1e+06, 1e+07, 1e+08, 1e+09, 1e+10, 1e+11, 1e+12   windows/height = 8   bern reps = 32   seed = 2026

=== K = 1e+06   x ~ 6.0e+06   M = 2^20   twins/window 28439   total 227512
   F( 256): twin 0.8297 ± 0.0267   null 0.9766 ± 0.0216   z = -14.44
   F(1024): twin 0.7819 ± 0.0402   null 0.9698 ± 0.0579   z = -10.74
   F(4096): twin 0.7784 ± 0.0569   null 0.9823 ± 0.0958   z = -7.76
   low-freq: twin 0.9517 ± 0.0053   null 1.0005 ± 0.0038   z = -24.59
   mean|R-HL| twin 0.0258 ± 0.0047   (bernoulli windows vs 1: 0.0264 ± 0.0042)

=== K = 1e+07   x ~ 6.0e+07   M = 2^20   twins/window 24982   total 199853
   F( 256): twin 0.8535 ± 0.0213   null 0.9755 ± 0.0220   z = -14.39
   F(1024): twin 0.8067 ± 0.0281   null 0.9817 ± 0.0476   z = -13.45
   F(4096): twin 0.7681 ± 0.0609   null 0.9875 ± 0.0899   z = -8.19
   low-freq: twin 0.9581 ± 0.0028   null 1.0001 ± 0.0040   z = -34.79
   mean|R-HL| twin 0.0278 ± 0.0029   (bernoulli windows vs 1: 0.0319 ± 0.0047)

=== K = 1e+08   x ~ 6.0e+08   M = 2^20   twins/window 20242   total 161937
   F( 256): twin 0.8984 ± 0.0209   null 0.9790 ± 0.0233   z = -9.54
   F(1024): twin 0.8585 ± 0.0515   null 0.9770 ± 0.0431   z = -6.00
   F(4096): twin 0.8107 ± 0.0920   null 1.0016 ± 0.0832   z = -5.35
   low-freq: twin 0.9656 ± 0.0052   null 1.0002 ± 0.0049   z = -17.01
   mean|R-HL| twin 0.0410 ± 0.0050   (bernoulli windows vs 1: 0.0376 ± 0.0050)

=== K = 1e+09   x ~ 6.0e+09   M = 2^21   twins/window 32720   total 261758
   F( 256): twin 0.8956 ± 0.0172   null 0.9801 ± 0.0148   z = -12.78
   F(1024): twin 0.8558 ± 0.0330   null 0.9843 ± 0.0333   z = -9.84
   F(4096): twin 0.8009 ± 0.0457   null 0.9743 ± 0.0551   z = -9.19
   low-freq: twin 0.9728 ± 0.0015   null 0.9998 ± 0.0028   z = -37.44
   mean|R-HL| twin 0.0283 ± 0.0030   (bernoulli windows vs 1: 0.0336 ± 0.0038)

=== K = 1e+10   x ~ 6.0e+10   M = 2^21   twins/window 26912   total 215295
   F( 256): twin 0.9261 ± 0.0149   null 0.9908 ± 0.0134   z = -11.20
   F(1024): twin 0.8990 ± 0.0394   null 0.9935 ± 0.0299   z = -6.34
   F(4096): twin 0.8431 ± 0.0643   null 1.0035 ± 0.0549   z = -6.49
   low-freq: twin 0.9778 ± 0.0027   null 1.0005 ± 0.0029   z = -20.73
   mean|R-HL| twin 0.0409 ± 0.0063   (bernoulli windows vs 1: 0.0443 ± 0.0054)

=== K = 1e+11   x ~ 6.0e+11   M = 2^22   twins/window 45170   total 361364
   F( 256): twin 0.9345 ± 0.0064   null 0.9877 ± 0.0120   z = -17.17
   F(1024): twin 0.9155 ± 0.0135   null 0.9835 ± 0.0159   z = -12.26
   F(4096): twin 0.8862 ± 0.0275   null 0.9998 ± 0.0434   z = -9.17
   low-freq: twin 0.9824 ± 0.0021   null 0.9993 ± 0.0021   z = -20.66
   mean|R-HL| twin 0.0325 ± 0.0045   (bernoulli windows vs 1: 0.0361 ± 0.0070)

=== K = 1e+12   x ~ 6.0e+12   M = 2^22   twins/window 38372   total 306978
   F( 256): twin 0.9469 ± 0.0080   null 0.9900 ± 0.0106   z = -12.66
   F(1024): twin 0.9239 ± 0.0172   null 0.9893 ± 0.0225   z = -8.98
   F(4096): twin 0.9162 ± 0.0237   null 0.9783 ± 0.0465   z = -5.29
   low-freq: twin 0.9848 ± 0.0019   null 0.9997 ± 0.0019   z = -19.92
   mean|R-HL| twin 0.0413 ± 0.0046   (bernoulli windows vs 1: 0.0390 ± 0.0048)

HL prediction is lag-dependent and nontrivial: R(1)=0.397, R(2)=1.058, R(3)=0.794, R(5)=1.588

  results written to /Users/juliansambrano/GitHub/Primebeat_081426/results/twin_spectral_v2.json
