O73 — Weil-form balance across the mollifier grid.  EXPLORATORY.
  b = 2   N = 7   Tc = 3000   dps = 20   zeros = 600 pairs to 939.0243
  grid: W in 0.02,0.05,0.1,0.2   K in 2,3

SANITY GATE — anchor (W=0.05, K=2) against entry 40's recorded numbers:
       prime term: got -1435.9137987828   recorded -1435.9137987828   rel 2.73e-14   ok
       ARITHMETIC: got 2644.2756560191   recorded 2644.2756560191   rel 1.2e-14   ok
    SPECTRAL(600): got 2644.2585543549   recorded 2644.2585543549   rel 1.33e-14   ok
   gate PASSED

PER-PRIME BREAKDOWN — anchor setting, corrected implementation (contribution to the prime term, grouped by p over prime powers):
        p       contribution  share of total
        2     -1431.42113069          0.9969
       17      211.049763004          -0.147
        7     -76.5053926566         0.05328
        3     -72.2626133426         0.05033
       31     -64.3924020364         0.04484
       29     -19.5876765448         0.01364
       67      6.80793534249       -0.004741
       61      6.79090076904       -0.004729
       59      3.81942187674        -0.00266
       37      -2.9243266492        0.002037
       71      1.97060800167       -0.001372
       19      1.87876292478       -0.001308
       73      0.70378335689      -0.0004901
      127    -0.502094438722       0.0003497
      131    -0.466252557522       0.0003247
      137    -0.268850262909       0.0001872
      139    -0.197660552568       0.0001377
       11    -0.169293426635       0.0001179
        5    -0.157033468122       0.0001094
      113   -0.0560707240823        3.905e-5
      149   -0.0134274608217        9.351e-6
      109  -0.00804673607546        5.604e-6
      151  -0.00504817092593        3.516e-6
       53   0.00354312039882       -2.468e-6
      107  -0.00119746328704        8.339e-7
   25 primes contribute; support |log x| <= 5.05203

THE SWEEP:
        W   K   n_p       prime term       ARITHMETIC    SPECTRAL+tail     rel diff
     0.02   2    10   -3629.38874086    11909.1321568    11909.0808048     4.312e-6
     0.05   2    25   -1435.91379878    2644.27565602     2644.2741567      5.67e-7
      0.1   2    42   -776.938690364    694.238491564    694.238396427      1.37e-7
      0.2   2    61   -232.283404408    1.86369031013    1.86368756791     1.471e-6
     0.02   3    15    -2953.8061192    8843.47306243    8843.47300967     5.966e-9
     0.05   3    36    -1296.8308885    1956.96884827    1956.96884795    1.635e-10
      0.1   3    51   -525.894340818    329.915488971    329.915488966    1.675e-11
      0.2   3    82   -186.934051153  0.0432902958634  0.0432902958547    2.019e-10

  results written to /Users/juliansambrano/GitHub/Primebeat_081426/results/weil_mollifier_sweep.json
