O74 — interleaved row sums, machine-verified.  EXPLORATORY.
  construction: O27's; counts from pi2n/pi3n caches; rmax = 41

GATE — r = 1..6 against entry 31's hand computation:
     dyadic: got [1, 1, 4, -1, 21, -18]   recorded [1, 1, 4, -1, 21, -18]   ok
    triadic: got [2, 2, 11, 28, 67, 186]   recorded [2, 2, 11, 28, 67, 186]   ok
      total: got [3, 3, 15, 27, 88, 168]   recorded [3, 3, 15, 27, 88, 168]   ok
   gate PASSED

     r      dyadic S2       triadic S3          total T
     1              1                2                3
     2              1                2                3
     3              4               11               15
     4             -1               28               27
     5             21               67               88
     6            -18              186              168
     7             85              513              598
     8            -75             1304             1229
     9            295             3734             4029
    10           -282            10125             9843
    11           1079            26468            27547
    12          -1175            81737            80562
    13           4018           193767           197785
    14          -3847           655636           651789
    15          10556          1500826          1511382
    16           1601          5182558          5184159
    17         -11355         12193796         12182441
    18         139184         40705123         40844307
    19        -363450        101772571        101409121
    20        1199535        321402673        322602208
    21       -2644942        856256551        853611609
    22        6472194       2575927707       2582399901
    23      -11874761       7189720698       7177845937
    24       22436549      21013115212      21035551761
    25      -26822434      60214031437      60187209003
    26       17029780     173815417697     173832447477
    27       97971649     504736256987     504834228636
    28     -453833784    1450534266040    1450080432256
    29     1605476135    4245497933632    4247103409767
    30    -4483255979   12177461592516   12172978336537
    31    11977694627   35844294040981   35856271735608
    32   -29145930875  102764893788646  102735747857771
    33    69919395121  303517939913695  303587859308816
    34  -159460311414  871550062428528  871390602117114
    35   362410439118 2576370806431168 2576733216870286
    36  -796392700789 7422964564555136 7422168171854347
    37  1741897479547 21927195987884244 21928937885363791
    38 -3679718350819 63419193616330616 63415513897979797
    39  7623467290171 187183326771312581 187190950238602752
    40 -14953136533899 543086474541999861 543071521405465962
    41 27745758974446 1602671261995703034 1602699007754677480

   dyadic component changes sign over r <= 41: True
   triadic component changes sign over r <= 41: False

  results written to /Users/juliansambrano/GitHub/Primebeat_081426/results/interleaved_row_sums.json
