O87 — the character sweep.  EXPLORATORY.
  moduli [5, 7]   orbit 2,3 to 2^30   307 blocks

  sieving once for q = 5 ...
     q=5 k=0 (principal): 6 zeros, 14.1347 .. 37.5862
     q=5 k=1: 15 zeros, 6.1836 .. 37.2720
     q=5 k=2: 16 zeros, 6.6485 .. 39.5606
     q=5 k=3: 16 zeros, 4.1329 .. 39.0916
  sieving once for q = 7 ...
     q=7 k=0 (principal): 6 zeros, 14.1347 .. 37.5862
     q=7 k=1: 18 zeros, 5.1981 .. 39.5747
     q=7 k=2: 18 zeros, 4.3564 .. 39.3385
     q=7 k=3: 18 zeros, 4.4757 .. 39.4826
     q=7 k=4: 17 zeros, 6.2012 .. 37.7869
     q=7 k=5: 18 zeros, 2.5094 .. 38.5890

  10 characters carried forward

SCORE MATRIX — rows are the WEIGHTING applied to the primes,
columns are the TARGET zero list. Cell = mean P/median.
Range-matched one-sided p in brackets.

         weighting         q=5 k=0         q=5 k=1         q=5 k=2         q=5 k=3         q=7 k=0         q=7 k=1         q=7 k=2         q=7 k=3         q=7 k=4         q=7 k=5
q=5 k=0 (principal)   5.520*[0.000]   1.391 [0.804]   1.369 [0.825]   1.782 [0.364]   5.520*[0.000]   1.906 [0.318]   1.826 [0.328]   1.534 [0.609]   1.288 [0.881]   1.875 [0.228]
           q=5 k=1   1.464 [0.649]   3.014*[0.000]   1.376 [0.615]   1.185 [0.820]   1.464 [0.674]   1.504 [0.425]   1.239 [0.784]   1.263 [0.779]   1.571 [0.347]   1.648 [0.169]
           q=5 k=2   0.986 [0.882]   1.241 [0.714]   2.689*[0.000]   1.299 [0.485]   0.986 [0.906]   1.380 [0.422]   1.392 [0.324]   1.401 [0.329]   1.333 [0.496]   1.258 [0.474]
           q=5 k=3   1.561 [0.500]   1.135 [0.855]   1.288 [0.755]   3.095*[0.000]   1.561 [0.484]   1.495 [0.403]   1.491 [0.350]   1.429 [0.456]   1.491 [0.379]   1.445 [0.336]
q=7 k=0 (principal)   5.544*[0.000]   1.387 [0.820]   1.368 [0.844]   1.789 [0.390]   5.544*[0.000]   1.908 [0.302]   1.833 [0.352]   1.540 [0.630]   1.289 [0.894]   1.883 [0.235]
           q=7 k=1   1.375 [0.522]   1.341 [0.420]   1.391 [0.399]   1.377 [0.344]   1.375 [0.529]   2.633*[0.000]   1.289 [0.530]   1.370 [0.378]   1.106 [0.824]   1.132 [0.670]
           q=7 k=2   1.414 [0.482]   1.293 [0.522]   1.179 [0.743]   1.503 [0.164]   1.414 [0.492]   1.413 [0.279]   2.606*[0.000]   1.665:[0.036]   1.257 [0.608]   1.064 [0.785]
           q=7 k=3   1.115 [0.756]   1.251 [0.559]   1.232 [0.595]   1.302 [0.485]   1.115 [0.772]   1.268 [0.470]   1.361 [0.339]   2.622*[0.000]   1.130 [0.772]   0.972 [0.909]
           q=7 k=4   0.964 [0.920]   1.691 [0.166]   1.290 [0.695]   1.241 [0.716]   0.964 [0.927]   1.455 [0.450]   1.296 [0.670]   1.275 [0.709]   2.830*[0.000]   1.615 [0.104]
           q=7 k=5   1.612 [0.130]   1.290 [0.351]   1.376 [0.399]   1.249 [0.471]   1.612 [0.114]   1.054 [0.880]   1.152 [0.672]   1.088 [0.830]   1.364 [0.284]   2.547*[0.000]

  * p < 0.01   : p < 0.05

  READ. The diagonal is the claim, the off-diagonal is the
  control, and the principal rows are the calibration — for
  prime q, L(s,chi_0) = zeta(s)(1-q^-s), so those targets are
  zeta's own zeros. Everything but the weight vector is
  identical across every cell.
  prior run archived to /Users/juliansambrano/GitHub/Primebeat_081426/results/archive/character_sweep_20260826T104405Z_22c6f618.json

  results written to /Users/juliansambrano/GitHub/Primebeat_081426/results/character_sweep.json
