==============================================================================
O92 - CERTIFICATION COST AT THE TABLE'S CELLS
EXPLORATORY. No prereg, no decision rule, NO VERDICT. Nothing
printed below may be described as a verdict.
==============================================================================

==============================================================================
0. STENCIL-INDEX GATE - printed FIRST, before any model number
==============================================================================
Entry 192's correction: cell (r,d) = Delta^(d+1) of pi(2^.) at r.
The Delta^(d+1) column must reproduce all six kernel-proved values
(lean/Zeros.lean); the Delta^d column is shown to reproduce none.

     cell   Delta^d  Delta^(d+1)   Lean   gate
   (2, 1)         1            0      0   PASS
   (4, 1)         2            0      0   PASS
   (8, 3)         4            0      0   PASS
  (20, 6)       623            0      0   PASS
   (7, 3)         4            5      5   PASS
  (19, 6)       623          343    343   PASS

GATE PASSED: all six kernel values reproduced under Delta^(d+1).
pi2n_cache.json holds n = 0..62 (63 entries); this run needs m <= 20, entirely inside the cache. No cell is out of scope for cache reasons.

  zeros        600 pairs from zeros600.json, gamma_1 = 14.1347251417 .. gamma_600 = 939.024300899
  dps          50 working; ~25-digit data floor in the zero strings
  threshold    |model - cell| < 0.5 certifies the integer
  model        M(r,d) + S_K(r,d), pi form (O34's object; see docstring)
  taper        gaussian: S_K = sum over ALL 600 pairs of exp(-(gamma_k/G)^2) c_k;
               G(K) solves sum of weights = K -- the weight sum is the effective
               pair count, so K keeps run 1's meaning; K = 600 is the G -> inf
               limit, all weights 1, equal to the sharp K = 600 sum
  solving the K -> G table (599 float64 bisections, dps-independent) ...
  G at checkpoints: G(25)=97.290, G(50)=156.115, G(100)=257.351, G(200)=435.127, G(400)=857.831
  building per-K weight rows at dps 50 ...
  building pi-form modes (O90.PiModes, rmax 20) ...

==============================================================================
1. MAIN-TERM CONVENTION AND SANITY GATES
==============================================================================
Convention ADOPTED: M(r,d) = Delta^(d+1) of R(2^.) at r, R =
Riemann's function (mpmath riemannr). O34's TRUE_RES_R20 literals
are R-stencil residuals -- the gate below shows the R column
matching every literal to its printed precision while the li
column misses depths 0-2 by 23.8 / 5.9 / 1.5 -- and R is the
smooth part of the J-expansion whose oscillating part IS the Ei
mode sum, so li would leave an unmodeled li - R floor no number
of zeros removes. The li-stencil (unoffset; the offset constant
is annihilated by the stencil) is carried as a comparison column
at every headline cell.

(a) d = 0: M(r,0) vs the true block count, both conventions
    r= 15  true=    1612  M_R=   1618.3526687  resid_R=  -6.352669  M_li=   1624.3556614  resid_li=  -12.35566
    r= 20  true=   38635  M_R=   38659.886479  resid_R=  -24.88648  M_li=   38683.716252  resid_li=  -48.71625
    scale check: both residuals are the differenced |pi - smooth|
    gap, O(sqrt(x)/log x); li overestimates pi on this range.

(b) r = 20 residual ladder vs O34's TRUE_RES_R20 literals (dps 40)
   d      true - M_R  O34 literal       diff     true - M_li   li - R gap
   0     -24.8864789      -24.886  -0.000479     -48.7162517        23.83
   1     -48.1900915      -48.190   -9.15e-5     -54.0979638        5.908
   2     -82.0861475      -82.086  -0.000148      -83.605663         1.52
   3     -133.760547     -133.761   0.000453     -134.158966       0.3984
   4      -212.31418     -212.314   -0.00018     -212.420204        0.106
   5     -322.410263     -322.410  -0.000263     -322.438759       0.0285
   6      -453.42419     -453.424   -0.00019     -453.431918     0.007728
    O34's literals are 7-significant-digit transcriptions at dps
    40; the R column matching them to printed precision is the
    gate that identifies O34's convention as R.

==============================================================================
2. K_cert - THE FOUR ZEROS AND THE TWO CONTROLS (pi form)
==============================================================================
K_first = first K with |err| < 0.5; K_stable = smallest K certified
for ALL larger K' <= 600. A transient dip is not certification.

     cell  lean     role    true            M  K_first  K_stable   |err(600)|
-----------------------------------------------------------------------------
   (2, 1)     0     zero       0    undefined        -         -            -
   (4, 1)     0     zero       0    1.0192245        4         4   4.0879e-01
   (8, 3)     0     zero       0    2.0443917        2    UNCERT   1.8964e+00
  (20, 6)     0     zero       0    453.42419        -    UNCERT   1.0430e+02
   (7, 3)     5  control       5    1.1121188        4    UNCERT   1.5730e+00
  (19, 6)   343  control     343    235.55341      500    UNCERT   2.3968e+00

  (2,1)  OUTSIDE - x = 4; the explicit formula is nowhere near pi(x)
  (4,1)  OUTSIDE - x = 16; the explicit formula is nowhere near pi(x)
  (8,3)  OUTSIDE - x = 256; the explicit formula is nowhere near pi(x)
  (20,6)  INSIDE - O34/O35 measured 80% of the row-20 residual at d=6
  (7,3)  OUTSIDE - x = 128; control for (8,3), same regime caveat
  (19,6)  adjacent to measured row 20, same depth
  (2,1)  model undefined: the Delta^(d+1) stencil reaches m = 0, x = 1, where Ei(rho*log 1) = -inf for every zero (and li(1) = -inf); the true cell is exact but no explicit-formula model value exists
  (8,3)  first touch K=2 differs from stable K=None: the dip popped back out 1 more time(s) before settling
  (7,3)  first touch K=4 differs from stable K=None: the dip popped back out 1 more time(s) before settling
  (19,6)  first touch K=500 differs from stable K=None: the dip popped back out 1 more time(s) before settling

==============================================================================
3. K_cert(d) AT r = 20, d = 0..6 - the direct test of
   'certification cost blows up with depth' (entry 201)
==============================================================================
   d     true              M  K_first  K_stable    |err(0)|  |err(200)|  |err(600)|
-----------------------------------------------------------------------------------
   0    38635     38659.8865       24    UNCERT  2.4886e+01  2.1952e+00  8.3100e+00
   1    18245     18293.1901        -    UNCERT  4.8190e+01  4.7448e+00  1.4598e+01
   2     8604     8686.08615        -    UNCERT  8.2086e+01  9.3506e+00  2.2999e+01
   3     4003     4136.76055        -    UNCERT  1.3376e+02  1.9506e+01  3.6222e+01
   4     1763     1975.31418        -    UNCERT  2.1231e+02  3.9197e+01  5.6415e+01
   5      623     945.410263        -    UNCERT  3.2241e+02  6.9704e+01  8.2102e+01
   6        0      453.42419        -    UNCERT  4.5342e+02  1.0596e+02  1.0430e+02

  d=0: first touch 24 vs stable None (4 threshold crossings)
  certified at 600: depths []; uncertified: [(0, 8.31), (1, 14.598), (2, 22.999), (3, 36.222), (4, 56.415), (5, 82.102), (6, 104.303)]

  li-stencil comparison (same modes, main term Delta^(d+1) li):
   d    li-R gap  K_stable(R)  K_stable(li)  |err600|(li)
   0  2.3830e+01       UNCERT        UNCERT    3.2140e+01
   1  5.9079e+00       UNCERT        UNCERT    2.0506e+01
   2  1.5195e+00       UNCERT        UNCERT    2.4519e+01
   3  3.9842e-01       UNCERT        UNCERT    3.6621e+01
   4  1.0602e-01       UNCERT        UNCERT    5.6521e+01
   5  2.8496e-02       UNCERT        UNCERT    8.2130e+01
   6  7.7285e-03       UNCERT        UNCERT    1.0431e+02
  where the gap exceeds the 0.5 criterion (low d), the li
  convention decides certification by itself; where it is far
  below (deep d), the two conventions agree cell by cell.

==============================================================================
4. BACKGROUND - d in [1, 3, 6], r = d+1 .. 20 (pi form)
==============================================================================
--- depth 1 ----------------------------------------------------------------
   r      true  K_first  K_stable   |err(600)|  note
   2         0        -         -            -  model undefined (stencil reaches m = 0)
   3         1        0         0   2.1854e-01  
   4         0        4         4   4.0879e-01  [kernel cell, lean = 0]
   5         3        2         2   2.2688e-01  
   6         2        2         2   4.7102e-01  
   7         6        0         0   4.0408e-01  
   8        10        0    UNCERT   6.1723e-01  transient touch at 0
   9        20       77        77   4.7459e-01  
  10        32       82        82   3.5383e-01  
  11        62        0    UNCERT   7.6259e-01  transient touch at 0
  12       118        5       145   3.4830e-01  transient touch at 5
  13       209      146       146   6.2653e-02  
  14       408      177    UNCERT   7.4381e-01  transient touch at 177
  15       740        -    UNCERT   3.8832e+00  
  16      1418        -    UNCERT   3.6221e+00  
  17      2679        -    UNCERT   2.1473e+00  
  18      5040        -    UNCERT   4.8220e+00  
  19      9641        -    UNCERT   8.4011e+00  
  20     18245        -    UNCERT   1.4598e+01  
  depth 1: 9/18 defined cells certify at 600; median stable K among certified = 4; 1 model-undefined

--- depth 3 ----------------------------------------------------------------
   r      true  K_first  K_stable   |err(600)|  note
   4        -2        -         -            -  model undefined (stencil reaches m = 0)
   5         4        -    UNCERT   8.0925e-01  
   6        -4        6    UNCERT   5.1600e-01  transient touch at 6
   7         5        4    UNCERT   1.5730e+00  transient touch at 4 [kernel cell, lean = 5]
   8         0        2    UNCERT   1.8964e+00  transient touch at 2 [kernel cell, lean = 0]
   9         6       58    UNCERT   2.1131e+00  transient touch at 58
  10         2      120    UNCERT   1.2126e+00  transient touch at 120
  11        18      145    UNCERT   9.9566e-01  transient touch at 145
  12        26       18    UNCERT   2.2273e+00  transient touch at 18
  13        35      266    UNCERT   1.5218e+00  transient touch at 266
  14       108      373       373   2.7021e-01  
  15       133        -    UNCERT   5.3082e+00  
  16       346        -    UNCERT   1.2132e+01  
  17       583        5    UNCERT   8.9801e+00  transient touch at 5
  18      1100        -    UNCERT   5.4945e+00  
  19      2240        -    UNCERT   2.0192e+01  
  20      4003        -    UNCERT   3.6222e+01  
  depth 3: 1/16 defined cells certify at 600; median stable K among certified = 373; 1 model-undefined

--- depth 6 ----------------------------------------------------------------
   r      true  K_first  K_stable   |err(600)|  note
   7        31        -         -            -  model undefined (stencil reaches m = 0)
   8       -31        9    UNCERT   7.3542e+00  transient touch at 9
   9        25       10    UNCERT   1.3037e+01  transient touch at 10
  10       -21       50    UNCERT   1.4814e+01  transient touch at 50
  11        30      104    UNCERT   1.0878e+01  transient touch at 104
  12       -28      142    UNCERT   5.3662e-01  transient touch at 142
  13         9      100    UNCERT   9.9781e+00  transient touch at 100
  14        63      288    UNCERT   1.1973e+01  transient touch at 288
  15      -112      518    UNCERT   6.7393e-01  transient touch at 518
  16       236        -    UNCERT   2.7346e+01  
  17      -164        -    UNCERT   6.1572e+01  
  18       256       12    UNCERT   6.3151e+01  transient touch at 12
  19       343      500    UNCERT   2.3968e+00  transient touch at 500 [kernel cell, lean = 343]
  20         0        -    UNCERT   1.0430e+02  [kernel cell, lean = 0]
  depth 6: 0/13 defined cells certify at 600; median stable K among certified = None; 1 model-undefined

==============================================================================
5. PSI-FORM CROSS-CHECK - same cells, psi's OWN table
==============================================================================
The psi modes target Delta^(d+1) psi(2^.), not the pi integer;
certifying the pi count with psi modes would need the mu-sum /
1/log conversion O34 never implements. So the cross-check asks
the SAME +-0.5 question of the psi table itself: true values
are exact prime-power sums of log p; main term is
Delta^(d+1)[x - (1/2)log(1-x^-2)] (-log 2pi annihilated by the
stencil; the ln2/2 jump-midpoint offset at x = 2^m likewise).
psi cells are NOT integers, so +-0.5 has no integer meaning
here -- this column is a parallel-behaviour check only.

  computing psi(2^m) exactly from prime powers ...
  building psi-form modes (O90.PsiModes) ...

     cell      true(psi)  K_first  K_stable   |err(600)|
--------------------------------------------------------
   (2, 1)      undefined        -         -            -
   (4, 1)    2.506108857        2         2   1.6420e-02
   (8, 3)   0.8643605826      243       243   2.9309e-02
  (20, 6)    2206.785705        -    UNCERT   1.6403e+03
   (7, 3)    25.98564355       85        85   2.0064e-02
  (19, 6)    6152.252674        -    UNCERT   5.8632e+02
  (20, 0)    523956.0957       24    UNCERT   1.0764e+02
  (20, 1)     261516.699        -    UNCERT   1.8402e+02
  (20, 2)    130021.7112        -    UNCERT   2.8197e+02
  (20, 3)    63847.01254        -    UNCERT   4.3911e+02
  (20, 4)    30097.96412        -    UNCERT   7.0245e+02
  (20, 5)    12281.00355        -    UNCERT   1.1055e+03

  Read against section 2/3's pi column: agreement in which
  cells are cheap and which resist is the cross-check; the
  absolute K values are not comparable across forms.

==============================================================================
6. PRECISION CHECK - headline cells recomputed at dps 80
==============================================================================
  rebuilding per-K weight rows at dps 80 (same K -> G table) ...
     cell  K_stable lo  K_stable hi     |errN| lo     |errN| hi       shift
   (4, 1)            4            4    4.0879e-01    4.0879e-01    0.00e+00
   (8, 3)       UNCERT       UNCERT    1.8964e+00    1.8964e+00    0.00e+00
  (20, 6)       UNCERT       UNCERT    1.0430e+02    1.0430e+02    0.00e+00
   (7, 3)       UNCERT       UNCERT    1.5730e+00    1.5730e+00    0.00e+00
  (19, 6)       UNCERT       UNCERT    2.3968e+00    2.3968e+00    0.00e+00
  (20, 0)       UNCERT       UNCERT    8.3100e+00    8.3100e+00    0.00e+00
  (20, 1)       UNCERT       UNCERT    1.4598e+01    1.4598e+01    0.00e+00
  (20, 2)       UNCERT       UNCERT    2.2999e+01    2.2999e+01    0.00e+00
  (20, 3)       UNCERT       UNCERT    3.6222e+01    3.6222e+01    0.00e+00
  (20, 4)       UNCERT       UNCERT    5.6415e+01    5.6415e+01    0.00e+00
  (20, 5)       UNCERT       UNCERT    8.2102e+01    8.2102e+01    0.00e+00

  K_first/K_stable moved on 0 of 11 defined headline cells; max terminal-error shift 0.00e+00

==============================================================================
EXPLORATORY. Nothing above is a verdict. No decision rule was
pre-registered and none fired. The reading is Julian's.
==============================================================================

  results written to /Users/juliansambrano/GitHub/Primebeat_081426/results/certification_cost_gaussian.json
