==============================================================================
O95 — MULTIBASE SYNTHESIS — REAL
EXPLORATORY — CEILING RAMP, OUTSIDE THE LOCKED PREREG.
  This run: ceiling 2^44, x0 = 1000.
  preregs/multibase_synthesis_v1_20260827.md fixes ceiling 2^40 and x0 = 1000 (199
  union rungs) in its locked-parameter table, so it DOES
  NOT govern this run: no decision rule fires, no
  mechanical output of the locked rule is produced, no
  verdict is written. Clearing the locked gate of 5 here
  would justify a v2 prereg AT THE NEW CEILING — never a
  retroactive pass of v1.
==============================================================================
  started (UTC)   : 2026-08-27T16:55:19Z
  code_version    : e93dbbbfb1e376aa34c8206d24ec0de8215df9ce8ac0a96e780102df0e0743c8
  seed            : 2026
  ceiling         : 2^44
  band            : [2, 45] step 0.01
  sigma (synth)   : 0.042  (O18 dyadic ehat rms 0.04194, placeholder)

==============================================================================
THE MASTER LATTICE — s = pi/(4 gamma_1), exact floors at dps 50
==============================================================================
  s               : 0.05556515287859780964040927757448598184101
  i range         : 1..548  (union members with x > 2: 306 lattice records, 301 unique sites)
  first sites     : [3, 4, 5, 6, 7, 9]
  last site       : 16754764432283  (2^44 = 17592186044416)
  GATE A (x_i = floor(exp(i s)), x_i <= ceiling) : PASS
  GATE B (entry 211 geometry at 2^40, x0=1000)   : N/A (off-design ceiling/x0 — this gate tests the LOCKED geometry only)  union 224 (design 199), arm-sum 317 (design 281), pair 94 (design 84)

==============================================================================
THE CACHE — pi at every union site (arms {4..9}, x > 2)
==============================================================================
  path            : results/pi_master_lattice_cache_p44.json
  status          : found
  backend         : primecountpy.prime_pi
  lattice records : 306   unique x: 301
  pi calls (run)  : 0
  x range         : 3 .. 16754764432283
  wall            : 0.0 s
  GATE C spot audit (i = [20, 35, 116, 215, 356, 470, 548]) : PASS

  results written to results/multibase_ramp_p44.json
