info: EulerFactorChain: no previous manifest, creating one from scratch
info: leanprover-community/mathlib: cloning https://github.com/leanprover-community/mathlib4
info: leanprover-community/mathlib: checking out revision '8f9d9cff6bd728b17a24e163c9402775d9e6a365'
info: toolchain not updated; already up-to-date
info: plausible: cloning https://github.com/leanprover-community/plausible
info: plausible: checking out revision '55c8532eb21ec9f6d565d51d96b8ca50bd1fbef3'
info: LeanSearchClient: cloning https://github.com/leanprover-community/LeanSearchClient
info: LeanSearchClient: checking out revision 'c5d5b8fe6e5158def25cd28eb94e4141ad97c843'
info: importGraph: cloning https://github.com/leanprover-community/import-graph
info: importGraph: checking out revision '85b59af46828c029a9168f2f9c35119bd0721e6e'
info: proofwidgets: cloning https://github.com/leanprover-community/ProofWidgets4
info: proofwidgets: checking out revision 'be3b2e63b1bbf496c478cef98b86972a37c1417d'
info: aesop: cloning https://github.com/leanprover-community/aesop
info: aesop: checking out revision 'f642a64c76df8ba9cb53dba3b919425a0c2aeaf1'
info: Qq: cloning https://github.com/leanprover-community/quote4
info: Qq: checking out revision 'b8f98e9087e02c8553945a2c5abf07cec8e798c3'
info: batteries: cloning https://github.com/leanprover-community/batteries
info: batteries: checking out revision '495c008c3e3f4fb4256ff5582ddb3abf3198026f'
info: Cli: cloning https://github.com/leanprover/lean4-cli
info: Cli: checking out revision '4f10f47646cb7d5748d6f423f4a07f98f7bbcc9e'
info: mathlib: running post-update hooks
✔ [3/23] Built Batteries.Data.String.Basic (197ms)
✔ [4/23] Built Batteries.Data.Array.Match (338ms)
✔ [5/23] Built Batteries.Data.String.Matcher (138ms)
✔ [8/23] Built Cache.Lean (192ms)
✔ [9/23] Built Cache.Init (158ms)
✔ [10/23] Built Batteries.Data.Array.Match:c.o (852ms)
✔ [11/23] Built Batteries.Data.String.Basic:c.o (942ms)
✔ [12/23] Built Batteries.Data.String.Matcher:c.o (701ms)
✔ [13/23] Built Cache.Lean:c.o (159ms)
✔ [14/23] Built Cache.Init:c.o (178ms)
✔ [15/23] Built Cache.IO (504ms)
✔ [16/23] Built Cache.Hashing (289ms)
✔ [17/23] Built Cache.Hashing:c.o (203ms)
✔ [18/23] Built Cache.IO:c.o (602ms)
✔ [19/23] Built Cache.Requests (537ms)
✔ [20/23] Built Cache.Main (315ms)
✔ [21/23] Built Cache.Main:c.o (237ms)
✔ [22/23] Built Cache.Requests:c.o (599ms)
✔ [23/23] Built cache:exe (829ms)
Fetching ProofWidgets cloud release... done!
Current branch: HEAD
Using cache (Azure) from origin: leanprover-community/mathlib4
No files to download
Decompressing 8007 file(s) (3 already decompressed)
Decompressed in 6813 ms
Completed successfully!
Current branch: HEAD
Using cache (Azure) from origin: leanprover-community/mathlib4
No files to download
Already decompressed 8010 file(s)
⚠ [8026/8027] Built EulerFactorChain (2.8s)
warning: EulerFactorChain.lean:86:30: This simp argument is unused:
  Complex.neg_re

Hint: Omit it from the simp argument list.
  simp only [Complex.ext_iff, C̵o̵m̵p̵l̵e̵x̵.̵n̵e̵g̵_̵r̵e̵,̵ ̵Complex.neg_im, Complex.add_re, Complex.add_im, Complex.sub_re,
  ̲  ̲ ̲ ̲Complex.sub_im, Complex.mul_re, Complex.mul_im, Complex.ofReal_re, Complex.ofReal_im,
  ̲  ̲ ̲ ̲Complex.I_re, Complex.I_im, Complex.one_re, Complex.one_im, Complex.div_re, Complex.div_im]

Note: This linter can be disabled with `set_option linter.unusedSimpArgs false`
warning: EulerFactorChain.lean:86:46: This simp argument is unused:
  Complex.neg_im

Hint: Omit it from the simp argument list.
  simp only [Complex.ext_iff, Complex.neg_re, C̵o̵m̵p̵l̵e̵x̵.̵n̵e̵g̵_̵i̵m̵,̵ ̵Complex.add_re, Complex.add_im, Complex.sub_re,
  ̲  ̲ ̲ ̲Complex.sub_im, Complex.mul_re, Complex.mul_im, Complex.ofReal_re, Complex.ofReal_im,
  ̲  ̲ ̲ ̲Complex.I_re, Complex.I_im, Complex.one_re, Complex.one_im, Complex.div_re, Complex.div_im]

Note: This linter can be disabled with `set_option linter.unusedSimpArgs false`
Build completed successfully (8027 jobs).
