weil_Lc_height  EXPLORATORY - no prereg, no decision rule, no verdict.
  k=[1, 2, 5, 10, 30, 100, 300, 1000]  eps=[0.001, 0.01, 0.1]  M=[32, 64] (+96 where the h_c gamma_k/pi check fails at M=64)  dps=40
  L grid 0.300..12.060 (28 pts, ratio 1.1466; the first 25 = weil_Lc_eps's grid), bisect to 1.02
  primary w=1/2: T = 2 Re[Ghat(g_k - i eps) conj Ghat(g_k + i eps)] (pair -> pair); secondary w=1: 2T (four points, multiplicity one)
  zeros1.txt: 100000 zeros, gamma_N 74920.827
      k           gamma_k (mp)  |file-mp|  log gamma_k  local gap
      1   14.13472514173469379    2.7e-10       2.6486     6.8873
      2  21.022039638771554993    2.3e-10       3.0456     3.9888
      5  32.935061587739189691    2.6e-10       3.4945     2.5102
     10  49.773832477672302182    3.3e-10       3.9075     1.7687
     30  101.31785100573139123    2.7e-10       4.6183     2.4077
    100   236.5242296658162058    1.8e-10       5.4661     1.2456
    300  541.84743712120128155    2.0e-10       6.2950     1.2160
   1000  1419.4224809459956865    4.3e-12       7.2580     0.7255

===== unit tests =====
  [H1] k=1    h=0.75 eps=0     (h gamma_k = 10.6): |A_bessel - A_quad| 5.74e-41, |B ...| 0.0
  [H1] k=1    h=0.75 eps=0.01  (h gamma_k = 10.6): |A_bessel - A_quad| 5.17e-41, |B ...| 3.14e-43
  [H1] k=1    h=0.75 eps=0.1   (h gamma_k = 10.6): |A_bessel - A_quad| 5.17e-41, |B ...| 4.3e-42
  [H1] k=2    h=2.0 eps=0     (h gamma_k = 42.0): |A_bessel - A_quad| 6.03e-41, |B ...| 0.0
  [H1] k=2    h=2.0 eps=0.01  (h gamma_k = 42.0): |A_bessel - A_quad| 9.18e-41, |B ...| 1.43e-42
  [H1] k=2    h=2.0 eps=0.1   (h gamma_k = 42.0): |A_bessel - A_quad| 9.18e-41, |B ...| 1.01e-41
  [H1] k=10   h=3.0 eps=0     (h gamma_k = 149.3): |A_bessel - A_quad| 2.79e-40, |B ...| 0.0
  [H1] k=10   h=3.0 eps=0.01  (h gamma_k = 149.3): |A_bessel - A_quad| 2.91e-40, |B ...| 7.0e-42
  [H1] k=10   h=3.0 eps=0.1   (h gamma_k = 149.3): |A_bessel - A_quad| 2.91e-40, |B ...| 7.53e-41
  [H1] k=30   h=1.5 eps=0     (h gamma_k = 152.0): |A_bessel - A_quad| 2.56e-40, |B ...| 0.0
  [H1] k=30   h=1.5 eps=0.01  (h gamma_k = 152.0): |A_bessel - A_quad| 2.58e-40, |B ...| 3.29e-42
  [H1] k=30   h=1.5 eps=0.1   (h gamma_k = 152.0): |A_bessel - A_quad| 2.6e-40, |B ...| 3.32e-41
  [H2] k=1000 eps=0.01 h=0.5 (h gamma = 710): indicator closed form 3.21770333250647e-7; Bessel matrix el diff 1.1e-47; mp.quad (911 panels) diff 1.1e-47
  [H2] k=1000 eps=0.01 h=2.0 (h gamma = 2839): indicator closed form 3.32334908383089e-6; Bessel matrix el diff 1.3e-46; mp.quad (3622 panels) diff 1.3e-46
  [H3] h=0.75 k=1   : max |(Z_all - P_k) - Z'_{k removed}| = 7.55e-31  (entries up to 3.795)
  [H3] h=0.75 k=10  : max |(Z_all - P_k) - Z'_{k removed}| = 1.48e-30  (entries up to 3.795)
  [H3] h=0.75 k=1000: max |(Z_all - P_k) - Z'_{k removed}| = 1.35e-31  (entries up to 3.795)
  [H4] k=1000 eps=0 h=0.75: max |T_0(w=1/2) - 2 Re[Ghat Ghat^H]| = 0.0

===== ladders: lam_min(Q_{eps,k}; L) =====
  '-' entries beyond the floor are detections; parity e/o of the minimiser; h_c g_k/pi is the brief's resolution criterion (needs M above it), h_c g_k the Bessel one
  k=1|eps=0.001|M=32|w=1/2       L_c=1.2835 X_c=3.609 [1.2618,1.2835] lam(1.5Lc)=-2.54e-07 lam(2Lc)=-6.14e-07 pos-above=0/17 h_c g_k/pi=2.9 h_c g_k=9   [59.8s]
      grid: +2.2e-01e +1.5e-01e +1.0e-01e +5.7e-02e +2.6e-02e +8.3e-03e +1.6e-03e +2.7e-04e +1.8e-05e +4.7e-07e +3.4e-09e -9.8e-11e -9.0e-09e -1.1e-07e -2.9e-07e -5.0e-07o -6.6e-07o -1.3e-06e -1.6e-06e -7.2e-07o -1.1e-06o -2.0e-06e -9.4e-08e -1.9e-07o -1.1e-09e -8.8e-09e -5.1e-09o -1.7e-09e
  k=1|eps=0.001|M=32|w=1         L_c=1.2618 X_c=3.532 [1.2404,1.2618] lam(1.5Lc)=-5.13e-07 lam(2Lc)=-1.22e-06 pos-above=0/17 h_c g_k/pi=2.8 h_c g_k=9   [10.1s]
      grid: +3.6e-01e +2.5e-01e +1.5e-01e +8.0e-02e +3.2e-02e +9.1e-03e +1.6e-03e +2.7e-04e +1.8e-05e +4.7e-07e +3.3e-09e -8.2e-10o -5.1e-08o -2.7e-07o -6.8e-07e -1.0e-06o -1.5e-06o -2.6e-06e -3.4e-06e -1.8e-06o -4.1e-06o -5.4e-06e -1.1e-06o -4.6e-07e -6.8e-09o -3.7e-08e -2.5e-08o -1.9e-08o
  k=1|eps=0.001|M=64|w=1/2       L_c=1.2835 X_c=3.609 [1.2618,1.2835] lam(1.5Lc)=-3.33e-07 lam(2Lc)=-1.12e-06 pos-above=0/17 h_c g_k/pi=2.9 h_c g_k=9   [17.6s]
      grid: +2.2e-01e +1.5e-01e +1.0e-01e +5.7e-02e +2.6e-02e +8.3e-03e +1.6e-03e +2.7e-04e +1.8e-05e +4.7e-07e +3.4e-09e -9.9e-11e -1.4e-08o -2.7e-07o -4.1e-07e -8.5e-07e -1.2e-06e -1.9e-06o -3.0e-06o -4.3e-06o -7.0e-06e -1.1e-05o -1.6e-05o -2.4e-05o -3.7e-05o -5.4e-05e -6.9e-05o -8.6e-05o
  k=1|eps=0.001|M=64|w=1         L_c=1.2618 X_c=3.532 [1.2404,1.2618] lam(1.5Lc)=-6.50e-07 lam(2Lc)=-2.10e-06 pos-above=0/17 h_c g_k/pi=2.8 h_c g_k=9   [17.6s]
      grid: +3.6e-01e +2.5e-01e +1.5e-01e +8.0e-02e +3.2e-02e +9.1e-03e +1.6e-03e +2.7e-04e +1.8e-05e +4.7e-07e +3.2e-09e -9.3e-10o -6.0e-08o -5.6e-07o -8.9e-07o -1.7e-06e -2.4e-06e -3.8e-06o -6.0e-06o -8.6e-06o -1.4e-05e -2.2e-05o -3.3e-05o -5.0e-05o -7.5e-05o -1.1e-04e -1.4e-04o -1.8e-04o
  k=1|eps=0.01|M=32|w=1/2        L_c=1.1387 X_c=3.123 [1.1194,1.1387] lam(1.5Lc)=-2.75e-05 lam(2Lc)=-5.50e-05 pos-above=0/18 h_c g_k/pi=2.6 h_c g_k=8   [13.9s]
      grid: +2.2e-01e +1.5e-01e +1.0e-01e +5.7e-02e +2.6e-02e +8.3e-03e +1.6e-03e +2.7e-04e +1.8e-05e +4.4e-07e -1.2e-08e -6.3e-07e -1.0e-05e -2.8e-05o -3.9e-05e -7.2e-05e -1.1e-04o -1.7e-04o -2.8e-04o -3.7e-04o -3.6e-04o -6.5e-04o -4.2e-04e -2.4e-04o -3.7e-05e -5.1e-05o -4.4e-05o -5.1e-05e
  k=1|eps=0.01|M=32|w=1          L_c=1.1194 X_c=3.063 [1.1004,1.1194] lam(1.5Lc)=-5.43e-05 lam(2Lc)=-1.10e-04 pos-above=0/18 h_c g_k/pi=2.5 h_c g_k=8   [6.6s]
      grid: +3.6e-01e +2.5e-01e +1.5e-01e +8.0e-02e +3.2e-02e +9.1e-03e +1.6e-03e +2.7e-04e +1.8e-05e +4.2e-07e -2.9e-08e -1.9e-06e -2.6e-05e -5.6e-05o -7.9e-05e -1.6e-04e -2.2e-04o -3.5e-04o -5.8e-04o -7.6e-04o -7.8e-04e -1.5e-03o -9.6e-04e -9.8e-04o -2.7e-04o -1.1e-04o -2.2e-04o -1.3e-04e
  k=1|eps=0.01|M=64|w=1/2        L_c=1.1387 X_c=3.123 [1.1194,1.1387] lam(1.5Lc)=-2.81e-05 lam(2Lc)=-8.54e-05 pos-above=0/18 h_c g_k/pi=2.6 h_c g_k=8   [17.8s]
      grid: +2.2e-01e +1.5e-01e +1.0e-01e +5.7e-02e +2.6e-02e +8.3e-03e +1.6e-03e +2.7e-04e +1.8e-05e +4.4e-07e -1.3e-08e -6.4e-07e -1.1e-05e -3.0e-05e -5.3e-05o -8.8e-05e -1.4e-04e -2.1e-04e -3.2e-04e -5.1e-04e -7.3e-04o -1.1e-03e -1.7e-03o -2.7e-03o -4.1e-03e -5.9e-03o -7.7e-03o -9.4e-03e
  k=1|eps=0.01|M=64|w=1          L_c=1.1194 X_c=3.063 [1.1004,1.1194] lam(1.5Lc)=-5.54e-05 lam(2Lc)=-1.65e-04 pos-above=0/18 h_c g_k/pi=2.5 h_c g_k=8   [17.6s]
      grid: +3.6e-01e +2.5e-01e +1.5e-01e +8.0e-02e +3.2e-02e +9.1e-03e +1.6e-03e +2.7e-04e +1.8e-05e +4.1e-07e -2.9e-08e -1.9e-06e -2.7e-05e -6.0e-05e -1.1e-04o -1.8e-04e -2.9e-04e -4.3e-04e -6.5e-04e -1.0e-03e -1.5e-03o -2.3e-03e -3.5e-03o -5.4e-03o -8.3e-03e -1.2e-02o -1.6e-02o -1.9e-02e
  k=1|eps=0.1|M=32|w=1/2         L_c=0.9597 X_c=2.611 [0.9435,0.9597] lam(1.5Lc)=-1.30e-03 lam(2Lc)=-4.08e-03 pos-above=0/19 h_c g_k/pi=2.2 h_c g_k=7   [13.9s]
      grid: +2.2e-01e +1.5e-01e +1.0e-01e +5.7e-02e +2.6e-02e +8.3e-03e +1.5e-03e +2.6e-04e +1.3e-05e -2.3e-06e -2.6e-05o -5.7e-04o -2.4e-03o -3.3e-03e -5.9e-03o -8.8e-03e -1.5e-02e -1.8e-02e -3.3e-02e -4.7e-02e -6.8e-02o -9.9e-02o -1.2e-01o -1.3e-01e -1.2e-01e -1.3e-01o -1.5e-01o -2.2e-01e
  k=1|eps=0.1|M=32|w=1           L_c=0.9275 X_c=2.528 [0.9117,0.9275] lam(1.5Lc)=-1.66e-03 lam(2Lc)=-8.24e-03 pos-above=0/19 h_c g_k/pi=2.1 h_c g_k=7   [8.3s]
      grid: +3.6e-01e +2.5e-01e +1.5e-01e +8.0e-02e +3.2e-02e +9.1e-03e +1.6e-03e +2.5e-04e +8.8e-06e -5.3e-06e -2.1e-04e -1.2e-03o -5.2e-03o -7.0e-03e -1.2e-02o -1.8e-02o -3.0e-02e -4.0e-02e -6.7e-02e -9.8e-02e -1.4e-01o -2.0e-01o -2.5e-01o -2.8e-01e -2.8e-01e -3.2e-01o -3.6e-01o -5.0e-01e
  k=1|eps=0.1|M=64|w=1/2         L_c=0.9597 X_c=2.611 [0.9435,0.9597] lam(1.5Lc)=-1.32e-03 lam(2Lc)=-4.65e-03 pos-above=0/19 h_c g_k/pi=2.2 h_c g_k=7   [17.8s]
      grid: +2.2e-01e +1.5e-01e +1.0e-01e +5.7e-02e +2.6e-02e +8.3e-03e +1.5e-03e +2.6e-04e +1.3e-05e -2.3e-06e -2.6e-05o -5.7e-04o -2.4e-03o -3.4e-03e -6.2e-03o -9.5e-03o -1.5e-02e -2.3e-02e -3.5e-02e -5.3e-02e -8.1e-02o -1.3e-01e -1.9e-01e -2.8e-01e -4.3e-01e -6.4e-01o -8.8e-01e -1.1e+00o
  k=1|eps=0.1|M=64|w=1           L_c=0.9275 X_c=2.528 [0.9117,0.9275] lam(1.5Lc)=-1.75e-03 lam(2Lc)=-8.50e-03 pos-above=0/19 h_c g_k/pi=2.1 h_c g_k=7   [17.8s]
      grid: +3.6e-01e +2.5e-01e +1.5e-01e +8.0e-02e +3.2e-02e +9.1e-03e +1.6e-03e +2.5e-04e +8.8e-06e -5.3e-06e -2.1e-04e -1.2e-03o -5.2e-03o -7.2e-03e -1.3e-02o -1.9e-02o -3.0e-02e -4.7e-02e -7.1e-02e -1.1e-01e -1.6e-01o -2.5e-01e -3.8e-01e -5.7e-01e -8.7e-01e -1.3e+00o -1.8e+00e -2.2e+00o
  k=2|eps=0.001|M=32|w=1/2       L_c=1.4468 X_c=4.249 [1.4222,1.4468] lam(1.5Lc)=-8.76e-09 lam(2Lc)=-1.19e-12 pos-above=0/16 h_c g_k/pi=4.8 h_c g_k=15   [15.6s]
      grid: +2.2e-01e +1.5e-01e +1.0e-01e +5.7e-02e +2.6e-02e +8.3e-03e +1.6e-03e +2.7e-04e +1.8e-05e +4.7e-07e +3.6e-09e +3.6e-12e -3.5e-12o -2.0e-10o -2.5e-09o -2.1e-08o -2.9e-14o -1.2e-11e -4.1e-10o -1.1e-15o -8.5e-15o -1.4e-12e -8.8e-18o -1.7e-18e -8.2e-17o -5.3e-18o -4.3e-21o -1.1e-18o
  k=2|eps=0.001|M=32|w=1         L_c=1.4222 X_c=4.146 [1.3981,1.4222] lam(1.5Lc)=-1.89e-08 lam(2Lc)=-8.70e-10 pos-above=0/16 h_c g_k/pi=4.8 h_c g_k=15   [6.7s]
      grid: +2.3e-01e +1.6e-01e +1.0e-01e +6.1e-02e +3.1e-02e +1.0e-02e +1.9e-03e +2.9e-04e +1.8e-05e +4.7e-07e +3.6e-09e +3.4e-12e -7.7e-12o -5.1e-10o -8.1e-09o -5.3e-08o -4.9e-11o -8.6e-11o -2.2e-09o -6.5e-15o -5.7e-14o -4.1e-12e -2.5e-17o -2.8e-15o -2.5e-15e -6.8e-17o -1.3e-20o -9.4e-18e
  k=2|eps=0.001|M=64|w=1/2       L_c=1.4222 X_c=4.146 [1.3981,1.4222] lam(1.5Lc)=-4.44e-07 lam(2Lc)=-1.37e-06 pos-above=0/16 h_c g_k/pi=4.8 h_c g_k=15   [17.6s]
      grid: +2.2e-01e +1.5e-01e +1.0e-01e +5.7e-02e +2.6e-02e +8.3e-03e +1.6e-03e +2.7e-04e +1.8e-05e +4.7e-07e +3.5e-09e +3.4e-12e -3.9e-12o -1.9e-08o -3.0e-07e -7.6e-07o -1.2e-06o -1.6e-06o -2.5e-06e -3.6e-06o -6.1e-06e -9.6e-06e -1.3e-05o -4.8e-06e -2.5e-06e -7.8e-07e -1.6e-06o -8.3e-09o
  k=2|eps=0.001|M=64|w=1         L_c=1.4222 X_c=4.146 [1.3981,1.4222] lam(1.5Lc)=-8.90e-07 lam(2Lc)=-2.75e-06 pos-above=0/16 h_c g_k/pi=4.8 h_c g_k=15   [17.5s]
      grid: +2.3e-01e +1.6e-01e +1.0e-01e +6.1e-02e +3.1e-02e +1.0e-02e +1.9e-03e +2.9e-04e +1.8e-05e +4.7e-07e +3.5e-09e +3.1e-12e -4.1e-11e -5.2e-08o -6.0e-07o -1.6e-06o -2.4e-06o -3.2e-06o -5.1e-06e -7.3e-06e -1.3e-05e -2.0e-05e -2.8e-05o -1.0e-05e -5.4e-06e -2.0e-06e -4.7e-06o -2.1e-08e
  k=2|eps=0.01|M=32|w=1/2        L_c=1.3057 X_c=3.690 [1.2835,1.3057] lam(1.5Lc)=-9.07e-06 lam(2Lc)=-2.49e-06 pos-above=0/17 h_c g_k/pi=4.4 h_c g_k=14   [9.5s]
      grid: +2.2e-01e +1.5e-01e +1.0e-01e +5.7e-02e +2.6e-02e +8.3e-03e +1.6e-03e +2.7e-04e +1.8e-05e +4.7e-07e +3.5e-09e -2.4e-11e -7.2e-08o -2.7e-06o -9.7e-06o -1.6e-05e -2.8e-06o -3.2e-06o -1.5e-06e -7.7e-10e -8.5e-10o -3.0e-07o -1.5e-10o -3.1e-11e -4.4e-10e -1.1e-10o -9.1e-14o -1.9e-12o
  k=2|eps=0.01|M=32|w=1          L_c=1.2835 X_c=3.609 [1.2618,1.2835] lam(1.5Lc)=-1.74e-05 lam(2Lc)=-6.07e-05 pos-above=0/17 h_c g_k/pi=4.3 h_c g_k=13   [3.7s]
      grid: +2.3e-01e +1.6e-01e +1.0e-01e +6.1e-02e +3.1e-02e +1.0e-02e +1.9e-03e +2.9e-04e +1.8e-05e +4.7e-07e +3.4e-09e -5.5e-11e -1.9e-07o -6.3e-06e -2.2e-05o -5.1e-05e -8.0e-06o -1.4e-05o -1.4e-05o -2.0e-09e -5.9e-09o -1.8e-06e -7.5e-10e -8.5e-09o -2.3e-09e -3.4e-10o -1.9e-12e -1.0e-10e
  k=2|eps=0.01|M=64|w=1/2        L_c=1.3057 X_c=3.690 [1.2835,1.3057] lam(1.5Lc)=-3.14e-05 lam(2Lc)=-1.22e-04 pos-above=0/17 h_c g_k/pi=4.4 h_c g_k=14   [17.6s]
      grid: +2.2e-01e +1.5e-01e +1.0e-01e +5.7e-02e +2.6e-02e +8.3e-03e +1.6e-03e +2.7e-04e +1.8e-05e +4.7e-07e +3.4e-09e -2.5e-11e -8.2e-08o -9.2e-06e -4.3e-05o -8.6e-05o -1.2e-04o -1.9e-04e -2.9e-04o -4.5e-04e -7.0e-04e -1.1e-03o -1.5e-03e -1.4e-03o -1.3e-03o -9.6e-04o -7.5e-04e -1.4e-04o
  k=2|eps=0.01|M=64|w=1          L_c=1.2835 X_c=3.609 [1.2618,1.2835] lam(1.5Lc)=-6.15e-05 lam(2Lc)=-2.32e-04 pos-above=0/17 h_c g_k/pi=4.3 h_c g_k=13   [17.5s]
      grid: +2.3e-01e +1.6e-01e +1.0e-01e +6.1e-02e +3.1e-02e +1.0e-02e +1.9e-03e +2.9e-04e +1.8e-05e +4.7e-07e +3.4e-09e -5.5e-11e -2.0e-07o -2.0e-05e -8.7e-05o -1.7e-04o -2.5e-04e -3.9e-04e -5.9e-04o -9.1e-04e -1.4e-03o -2.3e-03o -3.1e-03e -2.9e-03o -2.8e-03e -2.1e-03o -1.9e-03o -5.6e-04o
  k=2|eps=0.1|M=32|w=1/2         L_c=1.1584 X_c=3.185 [1.1387,1.1584] lam(1.5Lc)=-1.45e-03 lam(2Lc)=-6.54e-03 pos-above=0/18 h_c g_k/pi=3.9 h_c g_k=12   [11.0s]
      grid: +2.2e-01e +1.5e-01e +1.0e-01e +5.7e-02e +2.6e-02e +8.3e-03e +1.6e-03e +2.6e-04e +1.8e-05e +4.4e-07e -5.3e-09e -1.7e-06e -1.4e-04o -1.9e-03o -4.2e-03o -7.4e-03o -1.0e-02o -4.1e-03o -1.1e-02o -3.0e-03e -1.5e-04o -8.3e-03e -3.9e-04e -2.9e-03o -1.3e-03o -2.8e-05o -4.2e-04o -1.3e-03o
  k=2|eps=0.1|M=32|w=1           L_c=1.1387 X_c=3.123 [1.1194,1.1387] lam(1.5Lc)=-2.52e-03 lam(2Lc)=-1.11e-02 pos-above=0/18 h_c g_k/pi=3.8 h_c g_k=12   [3.7s]
      grid: +2.3e-01e +1.6e-01e +1.0e-01e +6.1e-02e +3.1e-02e +1.0e-02e +1.9e-03e +2.9e-04e +1.8e-05e +4.0e-07e -1.5e-08e -4.4e-06e -7.6e-04o -4.1e-03o -8.8e-03o -1.6e-02o -2.2e-02o -1.0e-02o -2.9e-02o -9.3e-03e -1.8e-03o -2.6e-02e -5.4e-03o -1.9e-02e -5.3e-03o -7.2e-04e -2.4e-03o -3.1e-02e
  k=2|eps=0.1|M=64|w=1/2         L_c=1.1584 X_c=3.185 [1.1387,1.1584] lam(1.5Lc)=-1.73e-03 lam(2Lc)=-9.03e-03 pos-above=0/18 h_c g_k/pi=3.9 h_c g_k=12   [17.7s]
      grid: +2.2e-01e +1.5e-01e +1.0e-01e +5.7e-02e +2.6e-02e +8.3e-03e +1.6e-03e +2.6e-04e +1.8e-05e +4.3e-07e -5.3e-09e -1.8e-06e -1.7e-04o -2.1e-03o -4.6e-03o -9.4e-03e -1.4e-02e -2.0e-02o -3.1e-02o -5.4e-02o -7.6e-02o -1.2e-01e -1.7e-01o -2.3e-01o -2.4e-01o -3.1e-01o -3.8e-01e -4.3e-01o
  k=2|eps=0.1|M=64|w=1           L_c=1.1387 X_c=3.123 [1.1194,1.1387] lam(1.5Lc)=-2.88e-03 lam(2Lc)=-1.79e-02 pos-above=0/18 h_c g_k/pi=3.8 h_c g_k=12   [17.7s]
      grid: +2.3e-01e +1.6e-01e +1.0e-01e +6.1e-02e +3.1e-02e +1.0e-02e +1.9e-03e +2.9e-04e +1.8e-05e +4.0e-07e -1.5e-08e -4.4e-06e -8.0e-04o -4.3e-03o -9.2e-03o -1.9e-02e -2.8e-02e -4.1e-02o -6.4e-02e -1.1e-01o -1.5e-01o -2.4e-01e -3.6e-01o -4.8e-01o -5.0e-01e -6.7e-01o -8.2e-01e -1.0e+00o
  k=5|eps=0.001|M=32|w=1/2       L_c=None  no sign change beyond the floor up to L = 12.060 (there: lam_min -5.34e-32, floor 6.5e-31, Z'(G*) -5.3e-32); min lam on grid -7.09e-32   [6.7s]
      grid: +2.2e-01e +1.5e-01e +1.0e-01e +5.7e-02e +2.6e-02e +8.3e-03e +1.6e-03e +2.7e-04e +1.8e-05e +4.7e-07e +3.6e-09e +3.9e-12e +6.3e-16e +2.5e-18e +5.6e-21e +3.5e-22e +8.3e-27e +1.7e-25o +2.1e-28e +2.9e-31e +1.4e-31e -5.4e-32o +1.6e-33e -7.1e-32o -3.6e-32o -4.8e-32e -2.2e-32e -5.3e-32o
  k=5|eps=0.001|M=32|w=1         L_c=2.6777 X_c=14.552 [2.6323,2.6777] lam(1.5Lc)=+3.18e-31 lam(2Lc)=+2.68e-32 pos-above=11/11 h_c g_k/pi=14.0 h_c g_k=44   [11.8s]
      grid: +2.2e-01e +1.6e-01e +1.0e-01e +5.8e-02e +2.8e-02e +8.5e-03e +1.6e-03e +2.7e-04e +1.8e-05e +5.6e-07e +3.7e-09e +3.9e-12e +6.3e-16e +2.5e-18e +5.6e-21e +3.4e-22e -8.8e-26e +1.6e-25o +2.1e-28e +2.9e-31e +1.4e-31e -5.6e-32o +1.6e-33e -7.1e-32o -3.6e-32o -4.8e-32e -2.2e-32e -5.3e-32o
  k=5|eps=0.001|M=64|w=1/2       L_c=1.6589 X_c=5.253 [1.6307,1.6589] lam(1.5Lc)=-1.19e-07 lam(2Lc)=-1.34e-07 pos-above=0/15 h_c g_k/pi=8.7 h_c g_k=27   [26.2s]
      grid: +2.2e-01e +1.5e-01e +1.0e-01e +5.7e-02e +2.6e-02e +8.3e-03e +1.6e-03e +2.7e-04e +1.8e-05e +4.7e-07e +3.5e-09e +3.6e-12e +2.7e-16e -1.2e-15e -4.5e-10o -1.7e-07o -4.6e-07e -9.9e-07e -6.2e-08e -7.7e-08o -4.6e-10o -1.5e-11o -9.2e-13e -6.6e-16e -4.4e-16e -1.1e-23e -4.8e-19e -1.2e-23o
  k=5|eps=0.001|M=64|w=1         L_c=1.6589 X_c=5.253 [1.6307,1.6589] lam(1.5Lc)=-3.06e-07 lam(2Lc)=-3.70e-07 pos-above=0/15 h_c g_k/pi=8.7 h_c g_k=27   [17.4s]
      grid: +2.2e-01e +1.6e-01e +1.0e-01e +5.8e-02e +2.8e-02e +8.5e-03e +1.6e-03e +2.7e-04e +1.8e-05e +5.5e-07e +3.6e-09e +3.6e-12e +2.7e-16e -2.8e-15e -3.3e-09e -4.6e-07o -1.0e-06e -2.1e-06e -2.3e-07o -1.7e-07o -1.2e-09o -5.5e-11e -2.4e-12e -5.2e-15e -2.0e-15e -3.0e-22o -3.3e-17o -3.3e-23o
  k=5|eps=0.01|M=32|w=1/2        L_c=2.3756 X_c=10.758 [2.3353,2.3756] lam(1.5Lc)=-3.61e-30 lam(2Lc)=-5.08e-32 pos-above=8/12 h_c g_k/pi=12.5 h_c g_k=39   [12.6s]
      grid: +2.2e-01e +1.5e-01e +1.0e-01e +5.7e-02e +2.6e-02e +8.3e-03e +1.6e-03e +2.7e-04e +1.8e-05e +4.7e-07e +3.6e-09e +3.9e-12e +4.0e-16e +2.4e-18e +5.1e-21e +3.5e-23e -2.3e-17o -1.2e-22e +1.8e-28e -3.1e-28o -3.2e-31e -2.0e-23o +1.6e-33e -7.6e-32o -7.0e-32o -4.8e-32e -2.2e-32e -5.5e-32o
  k=5|eps=0.01|M=32|w=1          L_c=2.3353 X_c=10.333 [2.2958,2.3353] lam(1.5Lc)=+4.46e-28 lam(2Lc)=-4.05e-31 pos-above=8/12 h_c g_k/pi=12.2 h_c g_k=38   [11.8s]
      grid: +2.2e-01e +1.6e-01e +1.0e-01e +5.8e-02e +2.8e-02e +8.5e-03e +1.6e-03e +2.7e-04e +1.8e-05e +5.6e-07e +3.7e-09e +3.9e-12e +1.7e-16e +2.3e-18e +4.5e-21e -3.0e-22e -2.4e-15o -6.7e-21o +1.4e-28e -3.9e-26e -9.0e-31e -6.5e-23o +1.6e-33e -8.7e-32o -1.5e-30e -4.9e-32e -2.2e-32e -5.7e-32o
  k=5|eps=0.01|M=64|w=1/2        L_c=1.5759 X_c=4.835 [1.5492,1.5759] lam(1.5Lc)=-4.24e-05 lam(2Lc)=-1.18e-04 pos-above=0/15 h_c g_k/pi=8.3 h_c g_k=26   [23.2s]
      grid: +2.2e-01e +1.5e-01e +1.0e-01e +5.7e-02e +2.6e-02e +8.3e-03e +1.6e-03e +2.7e-04e +1.8e-05e +4.7e-07e +3.5e-09e +3.6e-12e +1.2e-17e -1.4e-10e -2.2e-06o -3.8e-05e -6.7e-05o -1.2e-04o -1.8e-04o -1.2e-04o -1.5e-06o -1.9e-07o -9.2e-07o -1.4e-10e -1.3e-10o -2.2e-17o -3.4e-11o -4.5e-17e
  k=5|eps=0.01|M=64|w=1          L_c=1.5492 X_c=4.708 [1.5229,1.5492] lam(1.5Lc)=-7.67e-05 lam(2Lc)=-2.50e-04 pos-above=0/15 h_c g_k/pi=8.1 h_c g_k=26   [24.9s]
      grid: +2.2e-01e +1.6e-01e +1.0e-01e +5.8e-02e +2.8e-02e +8.5e-03e +1.6e-03e +2.7e-04e +1.8e-05e +5.5e-07e +3.6e-09e +3.6e-12e -2.6e-16e -3.5e-10e -4.9e-06o -8.1e-05e -1.3e-04o -2.6e-04o -3.9e-04o -3.3e-04o -4.5e-06e -1.3e-06e -4.2e-06o -8.7e-10o -3.8e-09o -1.1e-16o -1.2e-10o -3.1e-16e
  k=5|eps=0.1|M=32|w=1/2         L_c=1.4468 X_c=4.249 [1.4222,1.4468] lam(1.5Lc)=-7.72e-12 lam(2Lc)=-6.52e-07 pos-above=0/16 h_c g_k/pi=7.6 h_c g_k=24   [6.5s]
      grid: +2.2e-01e +1.5e-01e +1.0e-01e +5.7e-02e +2.6e-02e +8.3e-03e +1.6e-03e +2.7e-04e +1.8e-05e +4.7e-07e +3.6e-09e +3.5e-12e -2.8e-12o -1.2e-17e -5.1e-14o -4.9e-13o -2.7e-08e -1.3e-12o -4.9e-17e -4.5e-17o -2.6e-17e -7.4e-13e -6.5e-23e -1.9e-19e -5.8e-17o -2.1e-23e -8.9e-20e -7.7e-15o
  k=5|eps=0.1|M=32|w=1           L_c=1.4222 X_c=4.146 [1.3981,1.4222] lam(1.5Lc)=-6.11e-11 lam(2Lc)=-1.26e-04 pos-above=0/16 h_c g_k/pi=7.5 h_c g_k=23   [3.5s]
      grid: +2.2e-01e +1.6e-01e +1.0e-01e +5.8e-02e +2.8e-02e +8.5e-03e +1.6e-03e +2.7e-04e +1.8e-05e +5.6e-07e +3.6e-09e +3.1e-12e -2.0e-10e -1.7e-07o -2.3e-13o -1.1e-11o -2.3e-06o -1.6e-06o -5.9e-15o -2.1e-16o -2.2e-14o -3.0e-09o -7.6e-21o -6.9e-16o -1.1e-12o -2.6e-18o -1.5e-10o -3.1e-11e
  k=5|eps=0.1|M=64|w=1/2         L_c=1.4468 X_c=4.249 [1.4222,1.4468] lam(1.5Lc)=-2.92e-03 lam(2Lc)=-1.33e-02 pos-above=0/16 h_c g_k/pi=7.6 h_c g_k=24   [17.6s]
      grid: +2.2e-01e +1.5e-01e +1.0e-01e +5.7e-02e +2.6e-02e +8.3e-03e +1.6e-03e +2.7e-04e +1.8e-05e +4.7e-07e +3.5e-09e +3.2e-12e -6.6e-11e -3.1e-06e -8.4e-04o -4.4e-03e -8.2e-03e -1.7e-02e -2.9e-02e -3.4e-02o -4.0e-03o -2.1e-03e -3.6e-02o -1.8e-05o -1.9e-03e -4.6e-09o -1.2e-04e -2.4e-08e
  k=5|eps=0.1|M=64|w=1           L_c=1.4222 X_c=4.146 [1.3981,1.4222] lam(1.5Lc)=-5.18e-03 lam(2Lc)=-2.43e-02 pos-above=0/16 h_c g_k/pi=7.5 h_c g_k=23   [17.6s]
      grid: +2.2e-01e +1.6e-01e +1.0e-01e +5.8e-02e +2.8e-02e +8.5e-03e +1.6e-03e +2.7e-04e +1.8e-05e +5.5e-07e +3.6e-09e +2.8e-12e -2.8e-10e -8.2e-06e -2.5e-03o -8.9e-03e -1.8e-02e -3.4e-02e -6.2e-02o -7.4e-02e -1.7e-02e -7.6e-03e -1.1e-01o -7.7e-05o -2.9e-02o -9.7e-08e -4.5e-03o -1.4e-05o
  k=10|eps=0.001|M=32|w=1/2      L_c=None  no sign change beyond the floor up to L = 12.060 (there: lam_min -5.33e-32, floor 6.5e-31, Z'(G*) -5.4e-32); min lam on grid -7.08e-32   [6.7s]
      grid: +2.2e-01e +1.5e-01e +1.0e-01e +5.7e-02e +2.6e-02e +8.3e-03e +1.6e-03e +2.7e-04e +1.8e-05e +4.7e-07e +3.6e-09e +3.9e-12e +6.3e-16e +2.5e-18e +5.6e-21e +3.5e-22e +9.0e-26e +1.8e-25o +2.2e-28e +2.9e-31e +1.5e-31e -5.1e-32o +1.6e-33e -7.1e-32o -3.6e-32o -4.8e-32e -2.1e-32e -5.3e-32o
  k=10|eps=0.001|M=32|w=1        L_c=None  no sign change beyond the floor up to L = 12.060 (there: lam_min -5.29e-32, floor 6.6e-31, Z'(G*) -5.3e-32); min lam on grid -7.07e-32   [2.6s]
      grid: +2.2e-01e +1.6e-01e +1.0e-01e +5.8e-02e +2.6e-02e +8.5e-03e +1.6e-03e +2.7e-04e +1.8e-05e +4.8e-07e +3.7e-09e +4.2e-12e +6.5e-16e +2.6e-18e +6.3e-21e +3.9e-22e +9.7e-26e +1.9e-25o +2.2e-28e +3.0e-31e +1.5e-31e -5.0e-32o +1.6e-33e -7.1e-32o -3.6e-32o -4.8e-32e -2.1e-32e -5.3e-32o
  k=10|eps=0.001|M=64|w=1/2      L_c=2.0022 X_c=7.405 [1.9683,2.0022] lam(1.5Lc)=-9.67e-32 lam(2Lc)=-8.15e-31 pos-above=13/14 h_c g_k/pi=15.9 h_c g_k=50   [25.9s]
      grid: +2.2e-01e +1.5e-01e +1.0e-01e +5.7e-02e +2.6e-02e +8.3e-03e +1.6e-03e +2.7e-04e +1.8e-05e +4.7e-07e +3.5e-09e +3.6e-12e +2.7e-16e +2.7e-22e -5.6e-26o -6.8e-29e -3.1e-31e -1.6e-31o -8.3e-32e -1.0e-30e -4.9e-31o -4.1e-31e -6.7e-31o -8.0e-31e -6.3e-31o -8.6e-31o -5.8e-31o -3.7e-31e
  k=10|eps=0.001|M=64|w=1        L_c=1.9683 X_c=7.158 [1.9349,1.9683] lam(1.5Lc)=-1.25e-27 lam(2Lc)=-5.21e-31 pos-above=12/14 h_c g_k/pi=15.6 h_c g_k=49   [22.7s]
      grid: +2.2e-01e +1.6e-01e +1.0e-01e +5.8e-02e +2.6e-02e +8.5e-03e +1.6e-03e +2.7e-04e +1.8e-05e +4.8e-07e +3.6e-09e +3.9e-12e +2.7e-16e +2.7e-22e -1.6e-25o -2.0e-28e -3.1e-31e -1.9e-31o -8.3e-32e -1.0e-30e -4.9e-31o -4.1e-31e -6.7e-31o -8.0e-31e -6.3e-31o -8.6e-31o -5.7e-31o -3.7e-31e
  k=10|eps=0.01|M=32|w=1/2       L_c=None  no sign change beyond the floor up to L = 12.060 (there: lam_min -5.33e-32, floor 6.5e-31, Z'(G*) -5.3e-32); min lam on grid -7.08e-32   [5.2s]
      grid: +2.2e-01e +1.5e-01e +1.0e-01e +5.7e-02e +2.6e-02e +8.3e-03e +1.6e-03e +2.7e-04e +1.8e-05e +4.7e-07e +3.6e-09e +3.9e-12e +6.3e-16e +2.5e-18e +5.6e-21e +3.5e-22e +9.0e-26e +1.8e-25o +2.2e-28e +2.9e-31e +1.5e-31e -5.1e-32o +1.6e-33e -7.1e-32o -3.6e-32o -4.8e-32e -2.1e-32e -5.3e-32o
  k=10|eps=0.01|M=32|w=1         L_c=None  no sign change beyond the floor up to L = 12.060 (there: lam_min -5.29e-32, floor 6.6e-31, Z'(G*) -5.3e-32); min lam on grid -7.07e-32   [2.7s]
      grid: +2.2e-01e +1.6e-01e +1.0e-01e +5.8e-02e +2.6e-02e +8.5e-03e +1.6e-03e +2.7e-04e +1.8e-05e +4.8e-07e +3.7e-09e +4.2e-12e +6.5e-16e +2.6e-18e +6.3e-21e +3.9e-22e +9.7e-26e +1.9e-25o +2.2e-28e +3.0e-31e +1.5e-31e -5.0e-32o +1.6e-33e -7.1e-32o -3.6e-32o -4.8e-32e -2.1e-32e -5.3e-32o
  k=10|eps=0.01|M=64|w=1/2       L_c=1.8381 X_c=6.285 [1.8070,1.8381] lam(1.5Lc)=-9.65e-22 lam(2Lc)=-1.51e-25 pos-above=9/14 h_c g_k/pi=14.6 h_c g_k=46   [24.4s]
      grid: +2.2e-01e +1.5e-01e +1.0e-01e +5.7e-02e +2.6e-02e +8.3e-03e +1.6e-03e +2.7e-04e +1.8e-05e +4.7e-07e +3.5e-09e +3.6e-12e +2.7e-16e +2.5e-22e -1.3e-17e -2.9e-10o -3.0e-25o -8.6e-22e -6.5e-23e -1.0e-30e -4.9e-31o -4.1e-31e -6.7e-31o -8.0e-31e -6.3e-31o -8.6e-31o -5.8e-31o -3.7e-31e
  k=10|eps=0.01|M=64|w=1         L_c=1.8381 X_c=6.285 [1.8070,1.8381] lam(1.5Lc)=-1.05e-20 lam(2Lc)=-9.10e-24 pos-above=8/14 h_c g_k/pi=14.6 h_c g_k=46   [17.4s]
      grid: +2.2e-01e +1.6e-01e +1.0e-01e +5.8e-02e +2.6e-02e +8.5e-03e +1.6e-03e +2.7e-04e +1.8e-05e +4.8e-07e +3.6e-09e +3.9e-12e +2.7e-16e +2.3e-22e -1.7e-15o -3.4e-09e -2.5e-24o -2.1e-20o -5.0e-22o -1.9e-25o -4.9e-31o -4.1e-31e -6.7e-31o -8.0e-31e -6.3e-31o -8.6e-31o -5.7e-31o -3.7e-31e
  k=10|eps=0.1|M=32|w=1/2        L_c=None  no sign change beyond the floor up to L = 12.060 (there: lam_min -5.31e-32, floor 6.5e-31, Z'(G*) -5.4e-32); min lam on grid -7.15e-32   [5.2s]
      grid: +2.2e-01e +1.5e-01e +1.0e-01e +5.7e-02e +2.6e-02e +8.3e-03e +1.6e-03e +2.7e-04e +1.8e-05e +4.7e-07e +3.6e-09e +3.9e-12e +6.3e-16e +2.5e-18e +5.6e-21e +3.5e-22e +9.0e-26e +1.8e-25o +2.1e-28e +2.8e-31e +1.5e-31e -5.1e-32o +1.6e-33e -7.2e-32o -3.6e-32o -4.8e-32e -2.1e-32e -5.3e-32o
  k=10|eps=0.1|M=32|w=1          L_c=None  no sign change beyond the floor up to L = 12.060 (there: lam_min -5.27e-32, floor 6.8e-31, Z'(G*) -5.3e-32); min lam on grid -7.25e-32   [2.7s]
      grid: +2.2e-01e +1.6e-01e +1.0e-01e +5.8e-02e +2.6e-02e +8.5e-03e +1.6e-03e +2.7e-04e +1.8e-05e +4.8e-07e +3.7e-09e +4.2e-12e +6.5e-16e +2.6e-18e +6.3e-21e +3.9e-22e +9.6e-26e +1.9e-25o +2.0e-28e +2.8e-31e +1.5e-31e -5.0e-32o +1.6e-33e -7.2e-32o -3.6e-32o -4.8e-32e -2.1e-32e -5.3e-32o
  k=10|eps=0.1|M=64|w=1/2        L_c=1.7462 X_c=5.733 [1.7166,1.7462] lam(1.5Lc)=-1.97e-08 lam(2Lc)=-8.37e-15 pos-above=3/15 h_c g_k/pi=13.8 h_c g_k=43   [24.5s]
      grid: +2.2e-01e +1.5e-01e +1.0e-01e +5.7e-02e +2.6e-02e +8.3e-03e +1.6e-03e +2.7e-04e +1.8e-05e +4.7e-07e +3.5e-09e +3.6e-12e +2.7e-16e -8.6e-20o -9.3e-10e -2.3e-05e -2.6e-08o -5.1e-13o -3.4e-14o -5.1e-09e -1.6e-21e -7.0e-23o -6.7e-23o -1.9e-20o -2.4e-29o -2.9e-30e -7.7e-23o -3.7e-31e
  k=10|eps=0.1|M=64|w=1          L_c=1.7462 X_c=5.733 [1.7166,1.7462] lam(1.5Lc)=-1.19e-07 lam(2Lc)=-2.91e-13 pos-above=1/15 h_c g_k/pi=13.8 h_c g_k=43   [17.4s]
      grid: +2.2e-01e +1.6e-01e +1.0e-01e +5.8e-02e +2.6e-02e +8.5e-03e +1.6e-03e +2.7e-04e +1.8e-05e +4.8e-07e +3.7e-09e +3.9e-12e +2.7e-16e -7.4e-19o -7.3e-09e -1.3e-04o -4.6e-07o -7.8e-12e -4.0e-13e -2.4e-07o -1.4e-19o -3.3e-21e -9.8e-22o -1.3e-14o -3.0e-26e -1.1e-27o -2.5e-19e -1.6e-29o
  k=30|eps=0.001|M=32|w=1/2      L_c=None  no sign change beyond the floor up to L = 12.060 (there: lam_min -5.34e-32, floor 6.5e-31, Z'(G*) -5.3e-32); min lam on grid -7.09e-32   [6.8s]
      grid: +2.2e-01e +1.5e-01e +1.0e-01e +5.7e-02e +2.6e-02e +8.3e-03e +1.6e-03e +2.7e-04e +1.8e-05e +4.7e-07e +3.6e-09e +3.9e-12e +6.3e-16e +2.5e-18e +5.6e-21e +3.5e-22e +9.0e-26e +1.8e-25o +2.2e-28e +2.9e-31e +1.5e-31e -5.2e-32o +1.6e-33e -7.1e-32o -3.6e-32o -4.8e-32e -2.2e-32e -5.3e-32o
  k=30|eps=0.001|M=32|w=1        L_c=None  no sign change beyond the floor up to L = 12.060 (there: lam_min -5.34e-32, floor 6.5e-31, Z'(G*) -5.3e-32); min lam on grid -7.07e-32   [2.7s]
      grid: +2.2e-01e +1.5e-01e +1.0e-01e +5.7e-02e +2.6e-02e +8.4e-03e +1.6e-03e +2.7e-04e +1.8e-05e +4.7e-07e +3.6e-09e +3.9e-12e +6.3e-16e +2.5e-18e +5.7e-21e +3.5e-22e +9.1e-26e +1.8e-25o +2.2e-28e +2.9e-31e +1.5e-31e -5.1e-32o +1.6e-33e -7.1e-32o -3.6e-32o -4.8e-32e -2.2e-32e -5.3e-32o
  k=30|eps=0.001|M=64|w=1/2      L_c=None  no sign change beyond the floor up to L = 12.060 (there: lam_min -3.68e-31, floor 1.3e-30, Z'(G*) -3.7e-31); min lam on grid -1.02e-30   [14.8s]
      grid: +2.2e-01e +1.5e-01e +1.0e-01e +5.7e-02e +2.6e-02e +8.3e-03e +1.6e-03e +2.7e-04e +1.8e-05e +4.7e-07e +3.5e-09e +3.6e-12e +2.7e-16e +2.7e-22e +1.5e-29e +4.5e-32o -3.0e-31e -1.4e-31o -8.3e-32e -1.0e-30e -4.9e-31o -4.1e-31e -6.7e-31o -8.0e-31e -6.3e-31o -8.6e-31o -5.7e-31o -3.7e-31e
  k=30|eps=0.001|M=64|w=1        L_c=None  no sign change beyond the floor up to L = 12.060 (there: lam_min -3.68e-31, floor 1.3e-30, Z'(G*) -3.7e-31); min lam on grid -1.02e-30   [14.7s]
      grid: +2.2e-01e +1.5e-01e +1.0e-01e +5.7e-02e +2.6e-02e +8.4e-03e +1.6e-03e +2.7e-04e +1.8e-05e +4.7e-07e +3.5e-09e +3.6e-12e +2.7e-16e +2.7e-22e +1.5e-29e +4.6e-32o -3.0e-31e -1.4e-31o -8.3e-32e -1.0e-30e -4.9e-31o -4.1e-31e -6.6e-31o -8.0e-31e -6.3e-31o -8.6e-31o -5.7e-31o -3.7e-31e
    -> M=64 fails the check at its L_c (h_c gamma_k/pi = nan); running M=96
  k=30|eps=0.001|M=96|w=1/2      L_c=None  no sign change beyond the floor up to L = 12.060 (there: lam_min -1.27e-30, floor 3.0e-30, Z'(G*) -1.3e-30); min lam on grid -2.09e-30   [45.8s]
      grid: +2.2e-01e +1.5e-01e +1.0e-01e +5.7e-02e +2.6e-02e +8.3e-03e +1.6e-03e +2.7e-04e +1.8e-05e +4.7e-07e +3.5e-09e +3.6e-12e +2.7e-16e +2.3e-22e +1.8e-31e -2.1e-31o -7.8e-31e -3.3e-31o -5.8e-31e -1.3e-30e -1.4e-30o -1.2e-30e -1.0e-30o -2.1e-30e -1.4e-30e -1.7e-30e -1.6e-30o -1.3e-30e
  k=30|eps=0.001|M=96|w=1        L_c=None  no sign change beyond the floor up to L = 12.060 (there: lam_min -1.27e-30, floor 3.0e-30, Z'(G*) -1.3e-30); min lam on grid -2.09e-30   [45.8s]
      grid: +2.2e-01e +1.5e-01e +1.0e-01e +5.7e-02e +2.6e-02e +8.4e-03e +1.6e-03e +2.7e-04e +1.8e-05e +4.7e-07e +3.5e-09e +3.6e-12e +2.7e-16e +2.4e-22e +1.8e-31e -2.1e-31o -7.8e-31e -3.3e-31o -5.8e-31e -1.3e-30e -1.4e-30o -1.2e-30e -1.0e-30o -2.1e-30e -1.4e-30e -1.7e-30e -1.6e-30o -1.3e-30e
  k=30|eps=0.01|M=32|w=1/2       L_c=None  no sign change beyond the floor up to L = 12.060 (there: lam_min -5.34e-32, floor 6.5e-31, Z'(G*) -5.3e-32); min lam on grid -7.09e-32   [5.4s]
      grid: +2.2e-01e +1.5e-01e +1.0e-01e +5.7e-02e +2.6e-02e +8.3e-03e +1.6e-03e +2.7e-04e +1.8e-05e +4.7e-07e +3.6e-09e +3.9e-12e +6.3e-16e +2.5e-18e +5.6e-21e +3.5e-22e +9.0e-26e +1.8e-25o +2.2e-28e +2.9e-31e +1.5e-31e -5.2e-32o +1.6e-33e -7.1e-32o -3.6e-32o -4.8e-32e -2.2e-32e -5.3e-32o
  k=30|eps=0.01|M=32|w=1         L_c=None  no sign change beyond the floor up to L = 12.060 (there: lam_min -5.34e-32, floor 6.5e-31, Z'(G*) -5.3e-32); min lam on grid -7.07e-32   [2.7s]
      grid: +2.2e-01e +1.5e-01e +1.0e-01e +5.7e-02e +2.6e-02e +8.4e-03e +1.6e-03e +2.7e-04e +1.8e-05e +4.7e-07e +3.6e-09e +3.9e-12e +6.3e-16e +2.5e-18e +5.7e-21e +3.5e-22e +9.1e-26e +1.8e-25o +2.2e-28e +2.9e-31e +1.5e-31e -5.1e-32o +1.6e-33e -7.1e-32o -3.6e-32o -4.8e-32e -2.2e-32e -5.3e-32o
  k=30|eps=0.01|M=64|w=1/2       L_c=None  no sign change beyond the floor up to L = 12.060 (there: lam_min -3.68e-31, floor 1.3e-30, Z'(G*) -3.7e-31); min lam on grid -1.02e-30   [14.6s]
      grid: +2.2e-01e +1.5e-01e +1.0e-01e +5.7e-02e +2.6e-02e +8.3e-03e +1.6e-03e +2.7e-04e +1.8e-05e +4.7e-07e +3.5e-09e +3.6e-12e +2.7e-16e +2.7e-22e +1.5e-29e +4.5e-32o -3.0e-31e -1.4e-31o -8.3e-32e -1.0e-30e -4.9e-31o -4.1e-31e -6.7e-31o -8.0e-31e -6.3e-31o -8.6e-31o -5.7e-31o -3.7e-31e
  k=30|eps=0.01|M=64|w=1         L_c=None  no sign change beyond the floor up to L = 12.060 (there: lam_min -3.68e-31, floor 1.3e-30, Z'(G*) -3.7e-31); min lam on grid -1.02e-30   [14.6s]
      grid: +2.2e-01e +1.5e-01e +1.0e-01e +5.7e-02e +2.6e-02e +8.4e-03e +1.6e-03e +2.7e-04e +1.8e-05e +4.7e-07e +3.5e-09e +3.6e-12e +2.7e-16e +2.7e-22e +1.5e-29e +4.6e-32o -3.0e-31e -1.4e-31o -8.3e-32e -1.0e-30e -4.9e-31o -4.1e-31e -6.6e-31o -8.0e-31e -6.3e-31o -8.6e-31o -5.7e-31o -3.7e-31e
    -> M=64 fails the check at its L_c (h_c gamma_k/pi = nan); running M=96
  k=30|eps=0.01|M=96|w=1/2       L_c=None  no sign change beyond the floor up to L = 12.060 (there: lam_min -1.27e-30, floor 3.0e-30, Z'(G*) -1.3e-30); min lam on grid -2.09e-30   [45.8s]
      grid: +2.2e-01e +1.5e-01e +1.0e-01e +5.7e-02e +2.6e-02e +8.3e-03e +1.6e-03e +2.7e-04e +1.8e-05e +4.7e-07e +3.5e-09e +3.6e-12e +2.7e-16e +2.3e-22e +1.8e-31e -2.1e-31o -7.8e-31e -3.3e-31o -5.8e-31e -1.3e-30e -1.4e-30o -1.2e-30e -1.0e-30o -2.1e-30e -1.4e-30e -1.7e-30e -1.6e-30o -1.3e-30e
  k=30|eps=0.01|M=96|w=1         L_c=None  no sign change beyond the floor up to L = 12.060 (there: lam_min -1.27e-30, floor 3.0e-30, Z'(G*) -1.3e-30); min lam on grid -2.09e-30   [45.8s]
      grid: +2.2e-01e +1.5e-01e +1.0e-01e +5.7e-02e +2.6e-02e +8.4e-03e +1.6e-03e +2.7e-04e +1.8e-05e +4.7e-07e +3.5e-09e +3.6e-12e +2.7e-16e +2.4e-22e +1.8e-31e -2.1e-31o -7.8e-31e -3.3e-31o -5.8e-31e -1.3e-30e -1.4e-30o -1.2e-30e -1.0e-30o -2.1e-30e -1.4e-30e -1.7e-30e -1.6e-30o -1.3e-30e
  k=30|eps=0.1|M=32|w=1/2        L_c=None  no sign change beyond the floor up to L = 12.060 (there: lam_min -5.34e-32, floor 6.5e-31, Z'(G*) -5.3e-32); min lam on grid -7.09e-32   [5.4s]
      grid: +2.2e-01e +1.5e-01e +1.0e-01e +5.7e-02e +2.6e-02e +8.3e-03e +1.6e-03e +2.7e-04e +1.8e-05e +4.7e-07e +3.6e-09e +3.9e-12e +6.3e-16e +2.5e-18e +5.6e-21e +3.5e-22e +9.0e-26e +1.8e-25o +2.2e-28e +2.9e-31e +1.5e-31e -5.2e-32o +1.6e-33e -7.1e-32o -3.6e-32o -4.8e-32e -2.2e-32e -5.3e-32o
  k=30|eps=0.1|M=32|w=1          L_c=None  no sign change beyond the floor up to L = 12.060 (there: lam_min -5.34e-32, floor 6.5e-31, Z'(G*) -5.3e-32); min lam on grid -7.06e-32   [2.6s]
      grid: +2.2e-01e +1.5e-01e +1.0e-01e +5.7e-02e +2.6e-02e +8.4e-03e +1.6e-03e +2.7e-04e +1.8e-05e +4.7e-07e +3.6e-09e +3.9e-12e +6.3e-16e +2.5e-18e +5.7e-21e +3.5e-22e +9.1e-26e +1.8e-25o +2.2e-28e +2.9e-31e +1.5e-31e -5.1e-32o +1.6e-33e -7.1e-32o -3.6e-32o -4.8e-32e -2.2e-32e -5.3e-32o
  k=30|eps=0.1|M=64|w=1/2        L_c=None  no sign change beyond the floor up to L = 12.060 (there: lam_min -3.68e-31, floor 1.3e-30, Z'(G*) -3.7e-31); min lam on grid -1.02e-30   [14.6s]
      grid: +2.2e-01e +1.5e-01e +1.0e-01e +5.7e-02e +2.6e-02e +8.3e-03e +1.6e-03e +2.7e-04e +1.8e-05e +4.7e-07e +3.5e-09e +3.6e-12e +2.7e-16e +2.7e-22e +1.5e-29e +4.5e-32o -3.0e-31e -1.4e-31o -8.3e-32e -1.0e-30e -4.9e-31o -4.1e-31e -6.6e-31o -8.0e-31e -6.3e-31o -8.6e-31o -5.7e-31o -3.7e-31e
  k=30|eps=0.1|M=64|w=1          L_c=None  no sign change beyond the floor up to L = 12.060 (there: lam_min -3.68e-31, floor 1.3e-30, Z'(G*) -3.7e-31); min lam on grid -1.02e-30   [14.6s]
      grid: +2.2e-01e +1.5e-01e +1.0e-01e +5.7e-02e +2.6e-02e +8.4e-03e +1.6e-03e +2.7e-04e +1.8e-05e +4.7e-07e +3.5e-09e +3.6e-12e +2.7e-16e +2.7e-22e +1.5e-29e +4.6e-32o -3.0e-31e -1.4e-31o -8.3e-32e -1.0e-30e -4.9e-31o -4.1e-31e -6.6e-31o -8.0e-31e -6.3e-31o -8.6e-31o -5.7e-31o -3.7e-31e
    -> M=64 fails the check at its L_c (h_c gamma_k/pi = nan); running M=96
  k=30|eps=0.1|M=96|w=1/2        L_c=None  no sign change beyond the floor up to L = 12.060 (there: lam_min -1.27e-30, floor 3.0e-30, Z'(G*) -1.3e-30); min lam on grid -2.09e-30   [46.0s]
      grid: +2.2e-01e +1.5e-01e +1.0e-01e +5.7e-02e +2.6e-02e +8.3e-03e +1.6e-03e +2.7e-04e +1.8e-05e +4.7e-07e +3.5e-09e +3.6e-12e +2.7e-16e +2.3e-22e +1.8e-31e -2.1e-31o -7.8e-31e -3.3e-31o -5.8e-31e -1.3e-30e -1.4e-30o -1.2e-30e -1.0e-30o -2.1e-30e -1.4e-30e -1.7e-30e -1.6e-30o -1.3e-30e
  k=30|eps=0.1|M=96|w=1          L_c=None  no sign change beyond the floor up to L = 12.060 (there: lam_min -1.27e-30, floor 3.0e-30, Z'(G*) -1.3e-30); min lam on grid -2.09e-30   [46.0s]
      grid: +2.2e-01e +1.5e-01e +1.0e-01e +5.7e-02e +2.6e-02e +8.4e-03e +1.6e-03e +2.7e-04e +1.8e-05e +4.7e-07e +3.5e-09e +3.6e-12e +2.7e-16e +2.4e-22e +1.8e-31e -2.1e-31o -7.8e-31e -3.3e-31o -5.8e-31e -1.3e-30e -1.4e-30o -1.2e-30e -1.0e-30o -2.1e-30e -1.4e-30e -1.7e-30e -1.6e-30o -1.3e-30e
  k=100|eps=0.001|M=32|w=1/2     L_c=None  no sign change beyond the floor up to L = 12.060 (there: lam_min -5.34e-32, floor 6.5e-31, Z'(G*) -5.3e-32); min lam on grid -7.09e-32   [6.5s]
      grid: +2.2e-01e +1.5e-01e +1.0e-01e +5.7e-02e +2.6e-02e +8.3e-03e +1.6e-03e +2.7e-04e +1.8e-05e +4.7e-07e +3.6e-09e +3.9e-12e +6.3e-16e +2.5e-18e +5.6e-21e +3.5e-22e +9.0e-26e +1.8e-25o +2.2e-28e +2.9e-31e +1.5e-31e -5.2e-32o +1.6e-33e -7.1e-32o -3.6e-32o -4.8e-32e -2.2e-32e -5.3e-32o
  k=100|eps=0.001|M=32|w=1       L_c=None  no sign change beyond the floor up to L = 12.060 (there: lam_min -5.34e-32, floor 6.5e-31, Z'(G*) -5.3e-32); min lam on grid -7.09e-32   [2.7s]
      grid: +2.2e-01e +1.5e-01e +1.0e-01e +5.7e-02e +2.6e-02e +8.3e-03e +1.6e-03e +2.7e-04e +1.8e-05e +4.7e-07e +3.6e-09e +3.9e-12e +6.3e-16e +2.5e-18e +5.6e-21e +3.5e-22e +9.0e-26e +1.8e-25o +2.2e-28e +2.9e-31e +1.5e-31e -5.2e-32o +1.6e-33e -7.1e-32o -3.6e-32o -4.8e-32e -2.2e-32e -5.3e-32o
  k=100|eps=0.001|M=64|w=1/2     L_c=None  no sign change beyond the floor up to L = 12.060 (there: lam_min -3.68e-31, floor 1.3e-30, Z'(G*) -3.7e-31); min lam on grid -1.02e-30   [14.6s]
      grid: +2.2e-01e +1.5e-01e +1.0e-01e +5.7e-02e +2.6e-02e +8.3e-03e +1.6e-03e +2.7e-04e +1.8e-05e +4.7e-07e +3.5e-09e +3.6e-12e +2.7e-16e +2.7e-22e +1.5e-29e +4.5e-32o -3.0e-31e -1.4e-31o -8.3e-32e -1.0e-30e -4.9e-31o -4.1e-31e -6.7e-31o -8.0e-31e -6.3e-31o -8.6e-31o -5.7e-31o -3.7e-31e
  k=100|eps=0.001|M=64|w=1       L_c=None  no sign change beyond the floor up to L = 12.060 (there: lam_min -3.68e-31, floor 1.3e-30, Z'(G*) -3.7e-31); min lam on grid -1.02e-30   [14.6s]
      grid: +2.2e-01e +1.5e-01e +1.0e-01e +5.7e-02e +2.6e-02e +8.3e-03e +1.6e-03e +2.7e-04e +1.8e-05e +4.7e-07e +3.5e-09e +3.6e-12e +2.7e-16e +2.7e-22e +1.5e-29e +4.5e-32o -3.0e-31e -1.4e-31o -8.3e-32e -1.0e-30e -4.9e-31o -4.1e-31e -6.7e-31o -8.0e-31e -6.3e-31o -8.6e-31o -5.7e-31o -3.7e-31e
    -> M=64 fails the check at its L_c (h_c gamma_k/pi = nan); running M=96
  k=100|eps=0.001|M=96|w=1/2     L_c=None  no sign change beyond the floor up to L = 12.060 (there: lam_min -1.27e-30, floor 3.0e-30, Z'(G*) -1.3e-30); min lam on grid -2.09e-30   [45.9s]
      grid: +2.2e-01e +1.5e-01e +1.0e-01e +5.7e-02e +2.6e-02e +8.3e-03e +1.6e-03e +2.7e-04e +1.8e-05e +4.7e-07e +3.5e-09e +3.6e-12e +2.7e-16e +2.3e-22e +1.8e-31e -2.1e-31o -7.8e-31e -3.3e-31o -5.8e-31e -1.3e-30e -1.4e-30o -1.2e-30e -1.0e-30o -2.1e-30e -1.4e-30e -1.7e-30e -1.6e-30o -1.3e-30e
  k=100|eps=0.001|M=96|w=1       L_c=None  no sign change beyond the floor up to L = 12.060 (there: lam_min -1.27e-30, floor 3.0e-30, Z'(G*) -1.3e-30); min lam on grid -2.09e-30   [45.9s]
      grid: +2.2e-01e +1.5e-01e +1.0e-01e +5.7e-02e +2.6e-02e +8.3e-03e +1.6e-03e +2.7e-04e +1.8e-05e +4.7e-07e +3.5e-09e +3.6e-12e +2.7e-16e +2.3e-22e +1.8e-31e -2.1e-31o -7.8e-31e -3.3e-31o -5.8e-31e -1.3e-30e -1.4e-30o -1.2e-30e -1.0e-30o -2.1e-30e -1.4e-30e -1.7e-30e -1.6e-30o -1.3e-30e
  k=100|eps=0.01|M=32|w=1/2      L_c=None  no sign change beyond the floor up to L = 12.060 (there: lam_min -5.34e-32, floor 6.5e-31, Z'(G*) -5.3e-32); min lam on grid -7.09e-32   [5.1s]
      grid: +2.2e-01e +1.5e-01e +1.0e-01e +5.7e-02e +2.6e-02e +8.3e-03e +1.6e-03e +2.7e-04e +1.8e-05e +4.7e-07e +3.6e-09e +3.9e-12e +6.3e-16e +2.5e-18e +5.6e-21e +3.5e-22e +9.0e-26e +1.8e-25o +2.2e-28e +2.9e-31e +1.5e-31e -5.2e-32o +1.6e-33e -7.1e-32o -3.6e-32o -4.8e-32e -2.2e-32e -5.3e-32o
  k=100|eps=0.01|M=32|w=1        L_c=None  no sign change beyond the floor up to L = 12.060 (there: lam_min -5.34e-32, floor 6.5e-31, Z'(G*) -5.3e-32); min lam on grid -7.09e-32   [2.7s]
      grid: +2.2e-01e +1.5e-01e +1.0e-01e +5.7e-02e +2.6e-02e +8.3e-03e +1.6e-03e +2.7e-04e +1.8e-05e +4.7e-07e +3.6e-09e +3.9e-12e +6.3e-16e +2.5e-18e +5.6e-21e +3.5e-22e +9.0e-26e +1.8e-25o +2.2e-28e +2.9e-31e +1.5e-31e -5.2e-32o +1.6e-33e -7.1e-32o -3.6e-32o -4.8e-32e -2.2e-32e -5.3e-32o
  k=100|eps=0.01|M=64|w=1/2      L_c=None  no sign change beyond the floor up to L = 12.060 (there: lam_min -3.68e-31, floor 1.3e-30, Z'(G*) -3.7e-31); min lam on grid -1.02e-30   [14.7s]
      grid: +2.2e-01e +1.5e-01e +1.0e-01e +5.7e-02e +2.6e-02e +8.3e-03e +1.6e-03e +2.7e-04e +1.8e-05e +4.7e-07e +3.5e-09e +3.6e-12e +2.7e-16e +2.7e-22e +1.5e-29e +4.5e-32o -3.0e-31e -1.4e-31o -8.3e-32e -1.0e-30e -4.9e-31o -4.1e-31e -6.7e-31o -8.0e-31e -6.3e-31o -8.6e-31o -5.7e-31o -3.7e-31e
  k=100|eps=0.01|M=64|w=1        L_c=None  no sign change beyond the floor up to L = 12.060 (there: lam_min -3.68e-31, floor 1.3e-30, Z'(G*) -3.7e-31); min lam on grid -1.02e-30   [14.6s]
      grid: +2.2e-01e +1.5e-01e +1.0e-01e +5.7e-02e +2.6e-02e +8.3e-03e +1.6e-03e +2.7e-04e +1.8e-05e +4.7e-07e +3.5e-09e +3.6e-12e +2.7e-16e +2.7e-22e +1.5e-29e +4.5e-32o -3.0e-31e -1.4e-31o -8.3e-32e -1.0e-30e -4.9e-31o -4.1e-31e -6.7e-31o -8.0e-31e -6.3e-31o -8.6e-31o -5.7e-31o -3.7e-31e
    -> M=64 fails the check at its L_c (h_c gamma_k/pi = nan); running M=96
  k=100|eps=0.01|M=96|w=1/2      L_c=None  no sign change beyond the floor up to L = 12.060 (there: lam_min -1.27e-30, floor 3.0e-30, Z'(G*) -1.3e-30); min lam on grid -2.09e-30   [45.7s]
      grid: +2.2e-01e +1.5e-01e +1.0e-01e +5.7e-02e +2.6e-02e +8.3e-03e +1.6e-03e +2.7e-04e +1.8e-05e +4.7e-07e +3.5e-09e +3.6e-12e +2.7e-16e +2.3e-22e +1.8e-31e -2.1e-31o -7.8e-31e -3.3e-31o -5.8e-31e -1.3e-30e -1.4e-30o -1.2e-30e -1.0e-30o -2.1e-30e -1.4e-30e -1.7e-30e -1.6e-30o -1.3e-30e
  k=100|eps=0.01|M=96|w=1        L_c=None  no sign change beyond the floor up to L = 12.060 (there: lam_min -1.27e-30, floor 3.0e-30, Z'(G*) -1.3e-30); min lam on grid -2.09e-30   [45.7s]
      grid: +2.2e-01e +1.5e-01e +1.0e-01e +5.7e-02e +2.6e-02e +8.3e-03e +1.6e-03e +2.7e-04e +1.8e-05e +4.7e-07e +3.5e-09e +3.6e-12e +2.7e-16e +2.3e-22e +1.8e-31e -2.1e-31o -7.8e-31e -3.3e-31o -5.8e-31e -1.3e-30e -1.4e-30o -1.2e-30e -1.0e-30o -2.1e-30e -1.4e-30e -1.7e-30e -1.6e-30o -1.3e-30e
  k=100|eps=0.1|M=32|w=1/2       L_c=None  no sign change beyond the floor up to L = 12.060 (there: lam_min -5.34e-32, floor 6.5e-31, Z'(G*) -5.3e-32); min lam on grid -7.09e-32   [5.1s]
      grid: +2.2e-01e +1.5e-01e +1.0e-01e +5.7e-02e +2.6e-02e +8.3e-03e +1.6e-03e +2.7e-04e +1.8e-05e +4.7e-07e +3.6e-09e +3.9e-12e +6.3e-16e +2.5e-18e +5.6e-21e +3.5e-22e +9.0e-26e +1.8e-25o +2.2e-28e +2.9e-31e +1.5e-31e -5.2e-32o +1.6e-33e -7.1e-32o -3.6e-32o -4.8e-32e -2.2e-32e -5.3e-32o
  k=100|eps=0.1|M=32|w=1         L_c=None  no sign change beyond the floor up to L = 12.060 (there: lam_min -5.34e-32, floor 6.5e-31, Z'(G*) -5.3e-32); min lam on grid -7.09e-32   [2.9s]
      grid: +2.2e-01e +1.5e-01e +1.0e-01e +5.7e-02e +2.6e-02e +8.3e-03e +1.6e-03e +2.7e-04e +1.8e-05e +4.7e-07e +3.6e-09e +3.9e-12e +6.3e-16e +2.5e-18e +5.6e-21e +3.5e-22e +9.0e-26e +1.8e-25o +2.2e-28e +2.9e-31e +1.5e-31e -5.2e-32o +1.6e-33e -7.1e-32o -3.6e-32o -4.8e-32e -2.2e-32e -5.3e-32o
  k=100|eps=0.1|M=64|w=1/2       L_c=None  no sign change beyond the floor up to L = 12.060 (there: lam_min -3.68e-31, floor 1.3e-30, Z'(G*) -3.7e-31); min lam on grid -1.02e-30   [14.6s]
      grid: +2.2e-01e +1.5e-01e +1.0e-01e +5.7e-02e +2.6e-02e +8.3e-03e +1.6e-03e +2.7e-04e +1.8e-05e +4.7e-07e +3.5e-09e +3.6e-12e +2.7e-16e +2.7e-22e +1.5e-29e +4.5e-32o -3.0e-31e -1.4e-31o -8.3e-32e -1.0e-30e -4.9e-31o -4.1e-31e -6.7e-31o -8.0e-31e -6.3e-31o -8.6e-31o -5.7e-31o -3.7e-31e
  k=100|eps=0.1|M=64|w=1         L_c=None  no sign change beyond the floor up to L = 12.060 (there: lam_min -3.68e-31, floor 1.3e-30, Z'(G*) -3.7e-31); min lam on grid -1.02e-30   [14.5s]
      grid: +2.2e-01e +1.5e-01e +1.0e-01e +5.7e-02e +2.6e-02e +8.3e-03e +1.6e-03e +2.7e-04e +1.8e-05e +4.7e-07e +3.5e-09e +3.6e-12e +2.7e-16e +2.7e-22e +1.5e-29e +4.5e-32o -3.0e-31e -1.4e-31o -8.3e-32e -1.0e-30e -4.9e-31o -4.1e-31e -6.7e-31o -8.0e-31e -6.3e-31o -8.6e-31o -5.7e-31o -3.7e-31e
    -> M=64 fails the check at its L_c (h_c gamma_k/pi = nan); running M=96
  k=100|eps=0.1|M=96|w=1/2       L_c=None  no sign change beyond the floor up to L = 12.060 (there: lam_min -1.27e-30, floor 3.0e-30, Z'(G*) -1.3e-30); min lam on grid -2.09e-30   [45.7s]
      grid: +2.2e-01e +1.5e-01e +1.0e-01e +5.7e-02e +2.6e-02e +8.3e-03e +1.6e-03e +2.7e-04e +1.8e-05e +4.7e-07e +3.5e-09e +3.6e-12e +2.7e-16e +2.3e-22e +1.8e-31e -2.1e-31o -7.8e-31e -3.3e-31o -5.8e-31e -1.3e-30e -1.4e-30o -1.2e-30e -1.0e-30o -2.1e-30e -1.4e-30e -1.7e-30e -1.6e-30o -1.3e-30e
  k=100|eps=0.1|M=96|w=1         L_c=None  no sign change beyond the floor up to L = 12.060 (there: lam_min -1.27e-30, floor 3.0e-30, Z'(G*) -1.3e-30); min lam on grid -2.09e-30   [45.7s]
      grid: +2.2e-01e +1.5e-01e +1.0e-01e +5.7e-02e +2.6e-02e +8.3e-03e +1.6e-03e +2.7e-04e +1.8e-05e +4.7e-07e +3.5e-09e +3.6e-12e +2.7e-16e +2.3e-22e +1.8e-31e -2.1e-31o -7.8e-31e -3.3e-31o -5.8e-31e -1.3e-30e -1.4e-30o -1.2e-30e -1.0e-30o -2.1e-30e -1.4e-30e -1.7e-30e -1.6e-30o -1.3e-30e
  k=300|eps=0.001|M=32|w=1/2     L_c=None  no sign change beyond the floor up to L = 12.060 (there: lam_min -5.34e-32, floor 6.5e-31, Z'(G*) -5.3e-32); min lam on grid -7.09e-32   [6.3s]
      grid: +2.2e-01e +1.5e-01e +1.0e-01e +5.7e-02e +2.6e-02e +8.3e-03e +1.6e-03e +2.7e-04e +1.8e-05e +4.7e-07e +3.6e-09e +3.9e-12e +6.3e-16e +2.5e-18e +5.6e-21e +3.5e-22e +9.0e-26e +1.8e-25o +2.2e-28e +2.9e-31e +1.5e-31e -5.2e-32o +1.6e-33e -7.1e-32o -3.6e-32o -4.8e-32e -2.2e-32e -5.3e-32o
  k=300|eps=0.001|M=32|w=1       L_c=None  no sign change beyond the floor up to L = 12.060 (there: lam_min -5.34e-32, floor 6.5e-31, Z'(G*) -5.3e-32); min lam on grid -7.09e-32   [2.7s]
      grid: +2.2e-01e +1.5e-01e +1.0e-01e +5.7e-02e +2.6e-02e +8.3e-03e +1.6e-03e +2.7e-04e +1.8e-05e +4.7e-07e +3.6e-09e +3.9e-12e +6.3e-16e +2.5e-18e +5.6e-21e +3.5e-22e +9.0e-26e +1.8e-25o +2.2e-28e +2.9e-31e +1.5e-31e -5.2e-32o +1.6e-33e -7.1e-32o -3.6e-32o -4.8e-32e -2.2e-32e -5.3e-32o
  k=300|eps=0.001|M=64|w=1/2     L_c=None  no sign change beyond the floor up to L = 12.060 (there: lam_min -3.68e-31, floor 1.3e-30, Z'(G*) -3.7e-31); min lam on grid -1.02e-30   [14.6s]
      grid: +2.2e-01e +1.5e-01e +1.0e-01e +5.7e-02e +2.6e-02e +8.3e-03e +1.6e-03e +2.7e-04e +1.8e-05e +4.7e-07e +3.5e-09e +3.6e-12e +2.7e-16e +2.7e-22e +1.5e-29e +4.5e-32o -3.0e-31e -1.4e-31o -8.3e-32e -1.0e-30e -4.9e-31o -4.1e-31e -6.7e-31o -8.0e-31e -6.3e-31o -8.6e-31o -5.7e-31o -3.7e-31e
  k=300|eps=0.001|M=64|w=1       L_c=None  no sign change beyond the floor up to L = 12.060 (there: lam_min -3.68e-31, floor 1.3e-30, Z'(G*) -3.7e-31); min lam on grid -1.02e-30   [14.6s]
      grid: +2.2e-01e +1.5e-01e +1.0e-01e +5.7e-02e +2.6e-02e +8.3e-03e +1.6e-03e +2.7e-04e +1.8e-05e +4.7e-07e +3.5e-09e +3.6e-12e +2.7e-16e +2.7e-22e +1.5e-29e +4.5e-32o -3.0e-31e -1.4e-31o -8.3e-32e -1.0e-30e -4.9e-31o -4.1e-31e -6.7e-31o -8.0e-31e -6.3e-31o -8.6e-31o -5.7e-31o -3.7e-31e
    -> M=64 fails the check at its L_c (h_c gamma_k/pi = nan); running M=96
  k=300|eps=0.001|M=96|w=1/2     L_c=None  no sign change beyond the floor up to L = 12.060 (there: lam_min -1.27e-30, floor 3.0e-30, Z'(G*) -1.3e-30); min lam on grid -2.09e-30   [45.7s]
      grid: +2.2e-01e +1.5e-01e +1.0e-01e +5.7e-02e +2.6e-02e +8.3e-03e +1.6e-03e +2.7e-04e +1.8e-05e +4.7e-07e +3.5e-09e +3.6e-12e +2.7e-16e +2.3e-22e +1.8e-31e -2.1e-31o -7.8e-31e -3.3e-31o -5.8e-31e -1.3e-30e -1.4e-30o -1.2e-30e -1.0e-30o -2.1e-30e -1.4e-30e -1.7e-30e -1.6e-30o -1.3e-30e
  k=300|eps=0.001|M=96|w=1       L_c=None  no sign change beyond the floor up to L = 12.060 (there: lam_min -1.27e-30, floor 3.0e-30, Z'(G*) -1.3e-30); min lam on grid -2.09e-30   [45.8s]
      grid: +2.2e-01e +1.5e-01e +1.0e-01e +5.7e-02e +2.6e-02e +8.3e-03e +1.6e-03e +2.7e-04e +1.8e-05e +4.7e-07e +3.5e-09e +3.6e-12e +2.7e-16e +2.3e-22e +1.8e-31e -2.1e-31o -7.8e-31e -3.3e-31o -5.8e-31e -1.3e-30e -1.4e-30o -1.2e-30e -1.0e-30o -2.1e-30e -1.4e-30e -1.7e-30e -1.6e-30o -1.3e-30e
  k=300|eps=0.01|M=32|w=1/2      L_c=None  no sign change beyond the floor up to L = 12.060 (there: lam_min -5.34e-32, floor 6.5e-31, Z'(G*) -5.3e-32); min lam on grid -7.09e-32   [4.9s]
      grid: +2.2e-01e +1.5e-01e +1.0e-01e +5.7e-02e +2.6e-02e +8.3e-03e +1.6e-03e +2.7e-04e +1.8e-05e +4.7e-07e +3.6e-09e +3.9e-12e +6.3e-16e +2.5e-18e +5.6e-21e +3.5e-22e +9.0e-26e +1.8e-25o +2.2e-28e +2.9e-31e +1.5e-31e -5.2e-32o +1.6e-33e -7.1e-32o -3.6e-32o -4.8e-32e -2.2e-32e -5.3e-32o
  k=300|eps=0.01|M=32|w=1        L_c=None  no sign change beyond the floor up to L = 12.060 (there: lam_min -5.34e-32, floor 6.5e-31, Z'(G*) -5.3e-32); min lam on grid -7.09e-32   [2.6s]
      grid: +2.2e-01e +1.5e-01e +1.0e-01e +5.7e-02e +2.6e-02e +8.3e-03e +1.6e-03e +2.7e-04e +1.8e-05e +4.7e-07e +3.6e-09e +3.9e-12e +6.3e-16e +2.5e-18e +5.6e-21e +3.5e-22e +9.0e-26e +1.8e-25o +2.2e-28e +2.9e-31e +1.5e-31e -5.2e-32o +1.6e-33e -7.1e-32o -3.6e-32o -4.8e-32e -2.2e-32e -5.3e-32o
  k=300|eps=0.01|M=64|w=1/2      L_c=None  no sign change beyond the floor up to L = 12.060 (there: lam_min -3.68e-31, floor 1.3e-30, Z'(G*) -3.7e-31); min lam on grid -1.02e-30   [14.7s]
      grid: +2.2e-01e +1.5e-01e +1.0e-01e +5.7e-02e +2.6e-02e +8.3e-03e +1.6e-03e +2.7e-04e +1.8e-05e +4.7e-07e +3.5e-09e +3.6e-12e +2.7e-16e +2.7e-22e +1.5e-29e +4.5e-32o -3.0e-31e -1.4e-31o -8.3e-32e -1.0e-30e -4.9e-31o -4.1e-31e -6.7e-31o -8.0e-31e -6.3e-31o -8.6e-31o -5.7e-31o -3.7e-31e
  k=300|eps=0.01|M=64|w=1        L_c=None  no sign change beyond the floor up to L = 12.060 (there: lam_min -3.68e-31, floor 1.3e-30, Z'(G*) -3.7e-31); min lam on grid -1.02e-30   [14.6s]
      grid: +2.2e-01e +1.5e-01e +1.0e-01e +5.7e-02e +2.6e-02e +8.3e-03e +1.6e-03e +2.7e-04e +1.8e-05e +4.7e-07e +3.5e-09e +3.6e-12e +2.7e-16e +2.7e-22e +1.5e-29e +4.5e-32o -3.0e-31e -1.4e-31o -8.3e-32e -1.0e-30e -4.9e-31o -4.1e-31e -6.7e-31o -8.0e-31e -6.3e-31o -8.6e-31o -5.7e-31o -3.7e-31e
    -> M=64 fails the check at its L_c (h_c gamma_k/pi = nan); running M=96
  k=300|eps=0.01|M=96|w=1/2      L_c=None  no sign change beyond the floor up to L = 12.060 (there: lam_min -1.27e-30, floor 3.0e-30, Z'(G*) -1.3e-30); min lam on grid -2.09e-30   [45.9s]
      grid: +2.2e-01e +1.5e-01e +1.0e-01e +5.7e-02e +2.6e-02e +8.3e-03e +1.6e-03e +2.7e-04e +1.8e-05e +4.7e-07e +3.5e-09e +3.6e-12e +2.7e-16e +2.3e-22e +1.8e-31e -2.1e-31o -7.8e-31e -3.3e-31o -5.8e-31e -1.3e-30e -1.4e-30o -1.2e-30e -1.0e-30o -2.1e-30e -1.4e-30e -1.7e-30e -1.6e-30o -1.3e-30e
  k=300|eps=0.01|M=96|w=1        L_c=None  no sign change beyond the floor up to L = 12.060 (there: lam_min -1.27e-30, floor 3.0e-30, Z'(G*) -1.3e-30); min lam on grid -2.09e-30   [45.8s]
      grid: +2.2e-01e +1.5e-01e +1.0e-01e +5.7e-02e +2.6e-02e +8.3e-03e +1.6e-03e +2.7e-04e +1.8e-05e +4.7e-07e +3.5e-09e +3.6e-12e +2.7e-16e +2.3e-22e +1.8e-31e -2.1e-31o -7.8e-31e -3.3e-31o -5.8e-31e -1.3e-30e -1.4e-30o -1.2e-30e -1.0e-30o -2.1e-30e -1.4e-30e -1.7e-30e -1.6e-30o -1.3e-30e
  k=300|eps=0.1|M=32|w=1/2       L_c=None  no sign change beyond the floor up to L = 12.060 (there: lam_min -5.34e-32, floor 6.5e-31, Z'(G*) -5.3e-32); min lam on grid -7.09e-32   [4.9s]
      grid: +2.2e-01e +1.5e-01e +1.0e-01e +5.7e-02e +2.6e-02e +8.3e-03e +1.6e-03e +2.7e-04e +1.8e-05e +4.7e-07e +3.6e-09e +3.9e-12e +6.3e-16e +2.5e-18e +5.6e-21e +3.5e-22e +9.0e-26e +1.8e-25o +2.2e-28e +2.9e-31e +1.5e-31e -5.2e-32o +1.6e-33e -7.1e-32o -3.6e-32o -4.8e-32e -2.2e-32e -5.3e-32o
  k=300|eps=0.1|M=32|w=1         L_c=None  no sign change beyond the floor up to L = 12.060 (there: lam_min -5.34e-32, floor 6.5e-31, Z'(G*) -5.3e-32); min lam on grid -7.09e-32   [2.7s]
      grid: +2.2e-01e +1.5e-01e +1.0e-01e +5.7e-02e +2.6e-02e +8.3e-03e +1.6e-03e +2.7e-04e +1.8e-05e +4.7e-07e +3.6e-09e +3.9e-12e +6.3e-16e +2.5e-18e +5.6e-21e +3.5e-22e +9.0e-26e +1.8e-25o +2.2e-28e +2.9e-31e +1.5e-31e -5.2e-32o +1.6e-33e -7.1e-32o -3.6e-32o -4.8e-32e -2.2e-32e -5.3e-32o
  k=300|eps=0.1|M=64|w=1/2       L_c=None  no sign change beyond the floor up to L = 12.060 (there: lam_min -3.68e-31, floor 1.3e-30, Z'(G*) -3.7e-31); min lam on grid -1.02e-30   [14.7s]
      grid: +2.2e-01e +1.5e-01e +1.0e-01e +5.7e-02e +2.6e-02e +8.3e-03e +1.6e-03e +2.7e-04e +1.8e-05e +4.7e-07e +3.5e-09e +3.6e-12e +2.7e-16e +2.7e-22e +1.5e-29e +4.5e-32o -3.0e-31e -1.4e-31o -8.3e-32e -1.0e-30e -4.9e-31o -4.1e-31e -6.7e-31o -8.0e-31e -6.3e-31o -8.6e-31o -5.7e-31o -3.7e-31e
  k=300|eps=0.1|M=64|w=1         L_c=None  no sign change beyond the floor up to L = 12.060 (there: lam_min -3.68e-31, floor 1.3e-30, Z'(G*) -3.7e-31); min lam on grid -1.02e-30   [14.6s]
      grid: +2.2e-01e +1.5e-01e +1.0e-01e +5.7e-02e +2.6e-02e +8.3e-03e +1.6e-03e +2.7e-04e +1.8e-05e +4.7e-07e +3.5e-09e +3.6e-12e +2.7e-16e +2.7e-22e +1.5e-29e +4.5e-32o -3.0e-31e -1.4e-31o -8.3e-32e -1.0e-30e -4.9e-31o -4.1e-31e -6.7e-31o -8.0e-31e -6.3e-31o -8.6e-31o -5.7e-31o -3.7e-31e
    -> M=64 fails the check at its L_c (h_c gamma_k/pi = nan); running M=96
  k=300|eps=0.1|M=96|w=1/2       L_c=None  no sign change beyond the floor up to L = 12.060 (there: lam_min -1.27e-30, floor 3.0e-30, Z'(G*) -1.3e-30); min lam on grid -2.09e-30   [45.7s]
      grid: +2.2e-01e +1.5e-01e +1.0e-01e +5.7e-02e +2.6e-02e +8.3e-03e +1.6e-03e +2.7e-04e +1.8e-05e +4.7e-07e +3.5e-09e +3.6e-12e +2.7e-16e +2.3e-22e +1.8e-31e -2.1e-31o -7.8e-31e -3.3e-31o -5.8e-31e -1.3e-30e -1.4e-30o -1.2e-30e -1.0e-30o -2.1e-30e -1.4e-30e -1.7e-30e -1.6e-30o -1.3e-30e
  k=300|eps=0.1|M=96|w=1         L_c=None  no sign change beyond the floor up to L = 12.060 (there: lam_min -1.27e-30, floor 3.0e-30, Z'(G*) -1.3e-30); min lam on grid -2.09e-30   [45.9s]
      grid: +2.2e-01e +1.5e-01e +1.0e-01e +5.7e-02e +2.6e-02e +8.3e-03e +1.6e-03e +2.7e-04e +1.8e-05e +4.7e-07e +3.5e-09e +3.6e-12e +2.7e-16e +2.3e-22e +1.8e-31e -2.1e-31o -7.8e-31e -3.3e-31o -5.8e-31e -1.3e-30e -1.4e-30o -1.2e-30e -1.0e-30o -2.1e-30e -1.4e-30e -1.7e-30e -1.6e-30o -1.3e-30e
  k=1000|eps=0.001|M=32|w=1/2    L_c=None  no sign change beyond the floor up to L = 12.060 (there: lam_min -5.34e-32, floor 6.5e-31, Z'(G*) -5.3e-32); min lam on grid -7.09e-32   [6.3s]
      grid: +2.2e-01e +1.5e-01e +1.0e-01e +5.7e-02e +2.6e-02e +8.3e-03e +1.6e-03e +2.7e-04e +1.8e-05e +4.7e-07e +3.6e-09e +3.9e-12e +6.3e-16e +2.5e-18e +5.6e-21e +3.5e-22e +9.0e-26e +1.8e-25o +2.2e-28e +2.9e-31e +1.5e-31e -5.2e-32o +1.6e-33e -7.1e-32o -3.6e-32o -4.8e-32e -2.2e-32e -5.3e-32o
  k=1000|eps=0.001|M=32|w=1      L_c=None  no sign change beyond the floor up to L = 12.060 (there: lam_min -5.34e-32, floor 6.5e-31, Z'(G*) -5.3e-32); min lam on grid -7.09e-32   [2.7s]
      grid: +2.2e-01e +1.5e-01e +1.0e-01e +5.7e-02e +2.6e-02e +8.3e-03e +1.6e-03e +2.7e-04e +1.8e-05e +4.7e-07e +3.6e-09e +3.9e-12e +6.3e-16e +2.5e-18e +5.6e-21e +3.5e-22e +9.0e-26e +1.8e-25o +2.2e-28e +2.9e-31e +1.5e-31e -5.2e-32o +1.6e-33e -7.1e-32o -3.6e-32o -4.8e-32e -2.2e-32e -5.3e-32o
  k=1000|eps=0.001|M=64|w=1/2    L_c=None  no sign change beyond the floor up to L = 12.060 (there: lam_min -3.68e-31, floor 1.3e-30, Z'(G*) -3.7e-31); min lam on grid -1.02e-30   [14.7s]
      grid: +2.2e-01e +1.5e-01e +1.0e-01e +5.7e-02e +2.6e-02e +8.3e-03e +1.6e-03e +2.7e-04e +1.8e-05e +4.7e-07e +3.5e-09e +3.6e-12e +2.7e-16e +2.7e-22e +1.5e-29e +4.5e-32o -3.0e-31e -1.4e-31o -8.3e-32e -1.0e-30e -4.9e-31o -4.1e-31e -6.7e-31o -8.0e-31e -6.3e-31o -8.6e-31o -5.7e-31o -3.7e-31e
  k=1000|eps=0.001|M=64|w=1      L_c=None  no sign change beyond the floor up to L = 12.060 (there: lam_min -3.68e-31, floor 1.3e-30, Z'(G*) -3.7e-31); min lam on grid -1.02e-30   [14.7s]
      grid: +2.2e-01e +1.5e-01e +1.0e-01e +5.7e-02e +2.6e-02e +8.3e-03e +1.6e-03e +2.7e-04e +1.8e-05e +4.7e-07e +3.5e-09e +3.6e-12e +2.7e-16e +2.7e-22e +1.5e-29e +4.5e-32o -3.0e-31e -1.4e-31o -8.3e-32e -1.0e-30e -4.9e-31o -4.1e-31e -6.7e-31o -8.0e-31e -6.3e-31o -8.6e-31o -5.7e-31o -3.7e-31e
    -> M=64 fails the check at its L_c (h_c gamma_k/pi = nan); running M=96
  k=1000|eps=0.001|M=96|w=1/2    L_c=None  no sign change beyond the floor up to L = 12.060 (there: lam_min -1.27e-30, floor 3.0e-30, Z'(G*) -1.3e-30); min lam on grid -2.09e-30   [45.7s]
      grid: +2.2e-01e +1.5e-01e +1.0e-01e +5.7e-02e +2.6e-02e +8.3e-03e +1.6e-03e +2.7e-04e +1.8e-05e +4.7e-07e +3.5e-09e +3.6e-12e +2.7e-16e +2.3e-22e +1.8e-31e -2.1e-31o -7.8e-31e -3.3e-31o -5.8e-31e -1.3e-30e -1.4e-30o -1.2e-30e -1.0e-30o -2.1e-30e -1.4e-30e -1.7e-30e -1.6e-30o -1.3e-30e
  k=1000|eps=0.001|M=96|w=1      L_c=None  no sign change beyond the floor up to L = 12.060 (there: lam_min -1.27e-30, floor 3.0e-30, Z'(G*) -1.3e-30); min lam on grid -2.09e-30   [45.7s]
      grid: +2.2e-01e +1.5e-01e +1.0e-01e +5.7e-02e +2.6e-02e +8.3e-03e +1.6e-03e +2.7e-04e +1.8e-05e +4.7e-07e +3.5e-09e +3.6e-12e +2.7e-16e +2.3e-22e +1.8e-31e -2.1e-31o -7.8e-31e -3.3e-31o -5.8e-31e -1.3e-30e -1.4e-30o -1.2e-30e -1.0e-30o -2.1e-30e -1.4e-30e -1.7e-30e -1.6e-30o -1.3e-30e
  k=1000|eps=0.01|M=32|w=1/2     L_c=None  no sign change beyond the floor up to L = 12.060 (there: lam_min -5.34e-32, floor 6.5e-31, Z'(G*) -5.3e-32); min lam on grid -7.09e-32   [4.9s]
      grid: +2.2e-01e +1.5e-01e +1.0e-01e +5.7e-02e +2.6e-02e +8.3e-03e +1.6e-03e +2.7e-04e +1.8e-05e +4.7e-07e +3.6e-09e +3.9e-12e +6.3e-16e +2.5e-18e +5.6e-21e +3.5e-22e +9.0e-26e +1.8e-25o +2.2e-28e +2.9e-31e +1.5e-31e -5.2e-32o +1.6e-33e -7.1e-32o -3.6e-32o -4.8e-32e -2.2e-32e -5.3e-32o
  k=1000|eps=0.01|M=32|w=1       L_c=None  no sign change beyond the floor up to L = 12.060 (there: lam_min -5.34e-32, floor 6.5e-31, Z'(G*) -5.3e-32); min lam on grid -7.09e-32   [2.7s]
      grid: +2.2e-01e +1.5e-01e +1.0e-01e +5.7e-02e +2.6e-02e +8.3e-03e +1.6e-03e +2.7e-04e +1.8e-05e +4.7e-07e +3.6e-09e +3.9e-12e +6.3e-16e +2.5e-18e +5.6e-21e +3.5e-22e +9.0e-26e +1.8e-25o +2.2e-28e +2.9e-31e +1.5e-31e -5.2e-32o +1.6e-33e -7.1e-32o -3.6e-32o -4.8e-32e -2.2e-32e -5.3e-32o
  k=1000|eps=0.01|M=64|w=1/2     L_c=None  no sign change beyond the floor up to L = 12.060 (there: lam_min -3.68e-31, floor 1.3e-30, Z'(G*) -3.7e-31); min lam on grid -1.02e-30   [14.8s]
      grid: +2.2e-01e +1.5e-01e +1.0e-01e +5.7e-02e +2.6e-02e +8.3e-03e +1.6e-03e +2.7e-04e +1.8e-05e +4.7e-07e +3.5e-09e +3.6e-12e +2.7e-16e +2.7e-22e +1.5e-29e +4.5e-32o -3.0e-31e -1.4e-31o -8.3e-32e -1.0e-30e -4.9e-31o -4.1e-31e -6.7e-31o -8.0e-31e -6.3e-31o -8.6e-31o -5.7e-31o -3.7e-31e
  k=1000|eps=0.01|M=64|w=1       L_c=None  no sign change beyond the floor up to L = 12.060 (there: lam_min -3.68e-31, floor 1.3e-30, Z'(G*) -3.7e-31); min lam on grid -1.02e-30   [14.6s]
      grid: +2.2e-01e +1.5e-01e +1.0e-01e +5.7e-02e +2.6e-02e +8.3e-03e +1.6e-03e +2.7e-04e +1.8e-05e +4.7e-07e +3.5e-09e +3.6e-12e +2.7e-16e +2.7e-22e +1.5e-29e +4.5e-32o -3.0e-31e -1.4e-31o -8.3e-32e -1.0e-30e -4.9e-31o -4.1e-31e -6.7e-31o -8.0e-31e -6.3e-31o -8.6e-31o -5.7e-31o -3.7e-31e
    -> M=64 fails the check at its L_c (h_c gamma_k/pi = nan); running M=96
  k=1000|eps=0.01|M=96|w=1/2     L_c=None  no sign change beyond the floor up to L = 12.060 (there: lam_min -1.27e-30, floor 3.0e-30, Z'(G*) -1.3e-30); min lam on grid -2.09e-30   [45.7s]
      grid: +2.2e-01e +1.5e-01e +1.0e-01e +5.7e-02e +2.6e-02e +8.3e-03e +1.6e-03e +2.7e-04e +1.8e-05e +4.7e-07e +3.5e-09e +3.6e-12e +2.7e-16e +2.3e-22e +1.8e-31e -2.1e-31o -7.8e-31e -3.3e-31o -5.8e-31e -1.3e-30e -1.4e-30o -1.2e-30e -1.0e-30o -2.1e-30e -1.4e-30e -1.7e-30e -1.6e-30o -1.3e-30e
  k=1000|eps=0.01|M=96|w=1       L_c=None  no sign change beyond the floor up to L = 12.060 (there: lam_min -1.27e-30, floor 3.0e-30, Z'(G*) -1.3e-30); min lam on grid -2.09e-30   [45.7s]
      grid: +2.2e-01e +1.5e-01e +1.0e-01e +5.7e-02e +2.6e-02e +8.3e-03e +1.6e-03e +2.7e-04e +1.8e-05e +4.7e-07e +3.5e-09e +3.6e-12e +2.7e-16e +2.3e-22e +1.8e-31e -2.1e-31o -7.8e-31e -3.3e-31o -5.8e-31e -1.3e-30e -1.4e-30o -1.2e-30e -1.0e-30o -2.1e-30e -1.4e-30e -1.7e-30e -1.6e-30o -1.3e-30e
  k=1000|eps=0.1|M=32|w=1/2      L_c=None  no sign change beyond the floor up to L = 12.060 (there: lam_min -5.34e-32, floor 6.5e-31, Z'(G*) -5.3e-32); min lam on grid -7.09e-32   [4.9s]
      grid: +2.2e-01e +1.5e-01e +1.0e-01e +5.7e-02e +2.6e-02e +8.3e-03e +1.6e-03e +2.7e-04e +1.8e-05e +4.7e-07e +3.6e-09e +3.9e-12e +6.3e-16e +2.5e-18e +5.6e-21e +3.5e-22e +9.0e-26e +1.8e-25o +2.2e-28e +2.9e-31e +1.5e-31e -5.2e-32o +1.6e-33e -7.1e-32o -3.6e-32o -4.8e-32e -2.2e-32e -5.3e-32o
  k=1000|eps=0.1|M=32|w=1        L_c=None  no sign change beyond the floor up to L = 12.060 (there: lam_min -5.34e-32, floor 6.5e-31, Z'(G*) -5.3e-32); min lam on grid -7.09e-32   [2.7s]
      grid: +2.2e-01e +1.5e-01e +1.0e-01e +5.7e-02e +2.6e-02e +8.3e-03e +1.6e-03e +2.7e-04e +1.8e-05e +4.7e-07e +3.6e-09e +3.9e-12e +6.3e-16e +2.5e-18e +5.6e-21e +3.5e-22e +9.0e-26e +1.8e-25o +2.2e-28e +2.9e-31e +1.5e-31e -5.2e-32o +1.6e-33e -7.1e-32o -3.6e-32o -4.8e-32e -2.2e-32e -5.3e-32o
  k=1000|eps=0.1|M=64|w=1/2      L_c=None  no sign change beyond the floor up to L = 12.060 (there: lam_min -3.68e-31, floor 1.3e-30, Z'(G*) -3.7e-31); min lam on grid -1.02e-30   [14.7s]
      grid: +2.2e-01e +1.5e-01e +1.0e-01e +5.7e-02e +2.6e-02e +8.3e-03e +1.6e-03e +2.7e-04e +1.8e-05e +4.7e-07e +3.5e-09e +3.6e-12e +2.7e-16e +2.7e-22e +1.5e-29e +4.5e-32o -3.0e-31e -1.4e-31o -8.3e-32e -1.0e-30e -4.9e-31o -4.1e-31e -6.7e-31o -8.0e-31e -6.3e-31o -8.6e-31o -5.7e-31o -3.7e-31e
  k=1000|eps=0.1|M=64|w=1        L_c=None  no sign change beyond the floor up to L = 12.060 (there: lam_min -3.68e-31, floor 1.3e-30, Z'(G*) -3.7e-31); min lam on grid -1.02e-30   [14.7s]
      grid: +2.2e-01e +1.5e-01e +1.0e-01e +5.7e-02e +2.6e-02e +8.3e-03e +1.6e-03e +2.7e-04e +1.8e-05e +4.7e-07e +3.5e-09e +3.6e-12e +2.7e-16e +2.7e-22e +1.5e-29e +4.5e-32o -3.0e-31e -1.4e-31o -8.3e-32e -1.0e-30e -4.9e-31o -4.1e-31e -6.7e-31o -8.0e-31e -6.3e-31o -8.6e-31o -5.7e-31o -3.7e-31e
    -> M=64 fails the check at its L_c (h_c gamma_k/pi = nan); running M=96
  k=1000|eps=0.1|M=96|w=1/2      L_c=None  no sign change beyond the floor up to L = 12.060 (there: lam_min -1.27e-30, floor 3.0e-30, Z'(G*) -1.3e-30); min lam on grid -2.09e-30   [45.8s]
      grid: +2.2e-01e +1.5e-01e +1.0e-01e +5.7e-02e +2.6e-02e +8.3e-03e +1.6e-03e +2.7e-04e +1.8e-05e +4.7e-07e +3.5e-09e +3.6e-12e +2.7e-16e +2.3e-22e +1.8e-31e -2.1e-31o -7.8e-31e -3.3e-31o -5.8e-31e -1.3e-30e -1.4e-30o -1.2e-30e -1.0e-30o -2.1e-30e -1.4e-30e -1.7e-30e -1.6e-30o -1.3e-30e
  k=1000|eps=0.1|M=96|w=1        L_c=None  no sign change beyond the floor up to L = 12.060 (there: lam_min -1.27e-30, floor 3.0e-30, Z'(G*) -1.3e-30); min lam on grid -2.09e-30   [45.8s]
      grid: +2.2e-01e +1.5e-01e +1.0e-01e +5.7e-02e +2.6e-02e +8.3e-03e +1.6e-03e +2.7e-04e +1.8e-05e +4.7e-07e +3.5e-09e +3.6e-12e +2.7e-16e +2.3e-22e +1.8e-31e -2.1e-31o -7.8e-31e -3.3e-31o -5.8e-31e -1.3e-30e -1.4e-30o -1.2e-30e -1.0e-30o -2.1e-30e -1.4e-30e -1.7e-30e -1.6e-30o -1.3e-30e

  timings: Z builds 320 (184.8s; distinct h 106), T builds 773 (67.3s), eigs 3565 (1894.1s)
  L grid: 0.300 0.344 0.394 0.452 0.519 0.595 0.682 0.782 0.896 1.028 1.178 1.351 1.549 1.776 2.037 2.335 2.678 3.070 3.520 4.037 4.628 5.307 6.085 6.977 8.000 9.173 10.518 12.060

===== sanity: k = 1 at M = 32 vs weil_Lc_eps.json (same grid, same bracket) =====
  eps=0.001  w=1/2 L_c here 1.2835 [1.2618,1.2835]  weil_Lc_eps 1.2835  brief 1.284  lam at bracket here +5.701e-11,-3.863e-11 prev +5.701e-11,-3.863e-11
  eps=0.001  w=1   L_c here 1.2618 [1.2404,1.2618]  weil_Lc_eps 1.2618  brief -  lam at bracket here +1.268e-10,-6.977e-11 prev +1.268e-10,-6.977e-11
  eps=0.01   w=1/2 L_c here 1.1387 [1.1194,1.1387]  weil_Lc_eps 1.1387  brief 1.139  lam at bracket here +9.348e-09,-3.349e-09 prev +9.348e-09,-3.349e-09
  eps=0.01   w=1   L_c here 1.1194 [1.1004,1.1194]  weil_Lc_eps 1.1194  brief -  lam at bracket here +1.254e-08,-9.852e-09 prev +1.254e-08,-9.852e-09
  eps=0.1    w=1/2 L_c here 0.9597 [0.9435,0.9597]  weil_Lc_eps 0.9597  brief 0.96  lam at bracket here +1.004e-06,-5.597e-07 prev +1.004e-06,-5.597e-07
  eps=0.1    w=1   L_c here 0.9275 [0.9117,0.9275]  weil_Lc_eps 0.9275  brief -  lam at bracket here +3.208e-06,-4.582e-07 prev +3.208e-06,-4.582e-07

===== L_c(eps, k) =====
    k    gamma_k  log g_k      gap    eps    M=32 w=1/2      M=32 w=1    M=64 w=1/2      M=64 w=1    M=96 w=1/2      M=96 w=1     X_c lam(1.5Lc)   lam(2Lc) M_used  h_c g/pi  ok
    1     14.135   2.6486   6.8873  0.001        1.2835        1.2618        1.2835        1.2618                               3.609  -3.33e-07  -1.12e-06     64       2.9   y
    1     14.135   2.6486   6.8873   0.01        1.1387        1.1194        1.1387        1.1194                               3.123  -2.81e-05  -8.54e-05     64       2.6   y
    1     14.135   2.6486   6.8873    0.1        0.9597        0.9275        0.9597        0.9275                               2.611  -1.32e-03  -4.65e-03     64       2.2   y
    2     21.022   3.0456   3.9888  0.001        1.4468        1.4222        1.4222        1.4222                               4.146  -4.44e-07  -1.37e-06     64       4.8   y
    2     21.022   3.0456   3.9888   0.01        1.3057        1.2835        1.3057        1.2835                               3.690  -3.14e-05  -1.22e-04     64       4.4   y
    2     21.022   3.0456   3.9888    0.1        1.1584        1.1387        1.1584        1.1387                               3.185  -1.73e-03  -9.03e-03     64       3.9   y
    5     32.935   3.4945   2.5102  0.001          none        2.6777        1.6589        1.6589                               5.253  -1.19e-07  -1.34e-07     64       8.7   y
    5     32.935   3.4945   2.5102   0.01        2.3756        2.3353        1.5759        1.5492                               4.835  -4.24e-05  -1.18e-04     64       8.3   y
    5     32.935   3.4945   2.5102    0.1        1.4468        1.4222        1.4468        1.4222                               4.249  -2.92e-03  -1.33e-02     64       7.6   y
   10     49.774   3.9075   1.7687  0.001          none          none        2.0022        1.9683                               7.405  -9.67e-32  -8.15e-31     64      15.9   y
   10     49.774   3.9075   1.7687   0.01          none          none        1.8381        1.8381                               6.285  -9.65e-22  -1.51e-25     64      14.6   y
   10     49.774   3.9075   1.7687    0.1          none          none        1.7462        1.7462                               5.733  -1.97e-08  -8.37e-15     64      13.8   y
   30    101.318   4.6183   2.4077  0.001          none          none          none          none          none          none                                   96
   30    101.318   4.6183   2.4077   0.01          none          none          none          none          none          none                                   96
   30    101.318   4.6183   2.4077    0.1          none          none          none          none          none          none                                   96
  100    236.524   5.4661   1.2456  0.001          none          none          none          none          none          none                                   96
  100    236.524   5.4661   1.2456   0.01          none          none          none          none          none          none                                   96
  100    236.524   5.4661   1.2456    0.1          none          none          none          none          none          none                                   96
  300    541.847   6.2950   1.2160  0.001          none          none          none          none          none          none                                   96
  300    541.847   6.2950   1.2160   0.01          none          none          none          none          none          none                                   96
  300    541.847   6.2950   1.2160    0.1          none          none          none          none          none          none                                   96
 1000   1419.422   7.2580   0.7255  0.001          none          none          none          none          none          none                                   96
 1000   1419.422   7.2580   0.7255   0.01          none          none          none          none          none          none                                   96
 1000   1419.422   7.2580   0.7255    0.1          none          none          none          none          none          none                                   96

  M-convergence of L_c (w=1/2): relative change between successive M run
    k=1     eps=0.001  M32->M64: +0.0000
    k=1     eps=0.01   M32->M64: +0.0000
    k=1     eps=0.1    M32->M64: +0.0000
    k=2     eps=0.001  M32->M64: -0.0170
    k=2     eps=0.01   M32->M64: +0.0000
    k=2     eps=0.1    M32->M64: +0.0000
    k=5     eps=0.001  M32->M64: None -> 1.6588736271877145
    k=5     eps=0.01   M32->M64: -0.3366
    k=5     eps=0.1    M32->M64: +0.0000
    k=10    eps=0.001  M32->M64: None -> 2.002209086916032
    k=10    eps=0.01   M32->M64: None -> 1.8381240849913358
    k=10    eps=0.1    M32->M64: None -> 1.7462003230129917
    k=30    eps=0.001  M32->M64: None -> None  M64->M96: None -> None
    k=30    eps=0.01   M32->M64: None -> None  M64->M96: None -> None
    k=30    eps=0.1    M32->M64: None -> None  M64->M96: None -> None
    k=100   eps=0.001  M32->M64: None -> None  M64->M96: None -> None
    k=100   eps=0.01   M32->M64: None -> None  M64->M96: None -> None
    k=100   eps=0.1    M32->M64: None -> None  M64->M96: None -> None
    k=300   eps=0.001  M32->M64: None -> None  M64->M96: None -> None
    k=300   eps=0.01   M32->M64: None -> None  M64->M96: None -> None
    k=300   eps=0.1    M32->M64: None -> None  M64->M96: None -> None
    k=1000  eps=0.001  M32->M64: None -> None  M64->M96: None -> None
    k=1000  eps=0.01   M32->M64: None -> None  M64->M96: None -> None
    k=1000  eps=0.1    M32->M64: None -> None  M64->M96: None -> None

===== fits of L_c(0.01, k) (least squares L_c = a + b x, eight k) =====

  M_used (largest M run per k), w=1/2 (4 points; k = [1, 2, 5, 10]; M = [64, 64, 64, 64])
    L_c   = 1.1387 1.3057 1.5759 1.8381
    L_c = -0.3728 + +0.561193 * log gamma_k  rms resid 0.0227  R^2 0.9928  resid +0.025 -0.031 -0.012 +0.018
    L_c = +0.8876 + +0.019581 * gamma_k      rms resid 0.0281  R^2 0.9888  resid -0.026 +0.006 +0.043 -0.024
    L_c = +0.8931 + +1.681363 * 1/gap        rms resid 0.0084  R^2 0.9990  resid +0.002 -0.009 +0.013 -0.006

  M_used (largest M run per k), w=1 (4 points; k = [1, 2, 5, 10]; M = [64, 64, 64, 64])
    L_c   = 1.1194 1.2835 1.5492 1.8381
    L_c = -0.4310 + +0.573780 * log gamma_k  rms resid 0.0291  R^2 0.9886  resid +0.031 -0.033 -0.025 +0.027
    L_c = +0.8549 + +0.020115 * gamma_k      rms resid 0.0210  R^2 0.9941  resid -0.020 +0.006 +0.032 -0.018
    L_c = +0.8619 + +1.723035 * 1/gap        rms resid 0.0064  R^2 0.9994  resid +0.007 -0.010 +0.001 +0.002

  M=32, w=1/2 (3 points; k = [1, 2, 5]; M = [32, 32, 32])
    L_c   = 1.1387 1.3057 2.3756
    L_c = -2.9333 + +1.482239 * log gamma_k  rms resid 0.1948  R^2 0.8737  resid +0.146 -0.275 +0.129
    L_c = +0.0533 + +0.068441 * gamma_k      rms resid 0.1333  R^2 0.9408  resid +0.118 -0.186 +0.068
    L_c = +0.2731 + +5.036842 * 1/gap        rms resid 0.1635  R^2 0.9109  resid +0.134 -0.230 +0.096

  M=32, w=1 (3 points; k = [1, 2, 5]; M = [32, 32, 32])
    L_c   = 1.1194 1.2835 2.3353
    L_c = -2.8836 + +1.457107 * log gamma_k  rms resid 0.1915  R^2 0.8737  resid +0.144 -0.271 +0.127
    L_c = +0.0524 + +0.067280 * gamma_k      rms resid 0.1311  R^2 0.9408  resid +0.116 -0.183 +0.067
    L_c = +0.2685 + +4.951439 * 1/gap        rms resid 0.1608  R^2 0.9109  resid +0.132 -0.226 +0.094

  M=64, w=1/2 (4 points; k = [1, 2, 5, 10]; M = [64, 64, 64, 64])
    L_c   = 1.1387 1.3057 1.5759 1.8381
    L_c = -0.3728 + +0.561193 * log gamma_k  rms resid 0.0227  R^2 0.9928  resid +0.025 -0.031 -0.012 +0.018
    L_c = +0.8876 + +0.019581 * gamma_k      rms resid 0.0281  R^2 0.9888  resid -0.026 +0.006 +0.043 -0.024
    L_c = +0.8931 + +1.681363 * 1/gap        rms resid 0.0084  R^2 0.9990  resid +0.002 -0.009 +0.013 -0.006

  M=64, w=1 (4 points; k = [1, 2, 5, 10]; M = [64, 64, 64, 64])
    L_c   = 1.1194 1.2835 1.5492 1.8381
    L_c = -0.4310 + +0.573780 * log gamma_k  rms resid 0.0291  R^2 0.9886  resid +0.031 -0.033 -0.025 +0.027
    L_c = +0.8549 + +0.020115 * gamma_k      rms resid 0.0210  R^2 0.9941  resid -0.020 +0.006 +0.032 -0.018
    L_c = +0.8619 + +1.723035 * 1/gap        rms resid 0.0064  R^2 0.9994  resid +0.007 -0.010 +0.001 +0.002

===== minimiser at L_c, eps = 0.01 (w=1/2) =====
  k=1     M=32 L_c=1.1387 (h=0.5694, h g_k/pi=2.6): parity even (lam even -3.35e-09, odd +4.30e-06); |A|^2=1.377e-13 |B|^2=9.022e-09 T=-1.804e-08
      mass: central half 0.9686, central tenth 0.3134, end tenths 0.0001, |G|max at u/h=+0.000, sign changes 0, G(0)=+1.684, G(+-h)=+2.91e-04,+2.91e-04
      Fourier energy within |t-gamma_k|<1: 0.0000 of ||G||^2 (x2 for the mirror lobe); energy in |t|<gamma_1: 0.9999
      G(u/h=-1..1): +0.00 +0.01 +0.05 +0.15 +0.33 +0.58 +0.88 +1.18 +1.45 +1.62 +1.68 +1.62 +1.45 +1.18 +0.88 +0.58 +0.33 +0.15 +0.05 +0.01 +0.00
  k=1     M=64 L_c=1.1387 (h=0.5694, h g_k/pi=2.6): parity even (lam even -3.51e-09, odd +4.23e-06); |A|^2=1.366e-13 |B|^2=9.017e-09 T=-1.803e-08
      mass: central half 0.9686, central tenth 0.3134, end tenths 0.0001, |G|max at u/h=+0.000, sign changes 0, G(0)=-1.684, G(+-h)=-2.60e-04,-2.60e-04
      Fourier energy within |t-gamma_k|<1: 0.0000 of ||G||^2 (x2 for the mirror lobe); energy in |t|<gamma_1: 0.9999
      G(u/h=-1..1): -0.00 -0.01 -0.05 -0.15 -0.33 -0.58 -0.88 -1.18 -1.45 -1.62 -1.68 -1.62 -1.45 -1.18 -0.88 -0.58 -0.33 -0.15 -0.05 -0.01 -0.00
  k=2     M=32 L_c=1.3057 (h=0.6528, h g_k/pi=4.4): parity even (lam even -3.88e-12, odd +1.40e-08); |A|^2=4.903e-16 |B|^2=1.807e-11 T=-3.613e-11
      mass: central half 0.9847, central tenth 0.3493, end tenths 0.0000, |G|max at u/h=+0.000, sign changes 0, G(0)=+1.665, G(+-h)=+1.51e-05,+1.51e-05
      Fourier energy within |t-gamma_k|<1: 0.0000 of ||G||^2 (x2 for the mirror lobe); energy in |t|<gamma_1: 1.0000
      G(u/h=-1..1): +0.00 +0.00 +0.02 +0.07 +0.20 +0.42 +0.72 +1.06 +1.37 +1.59 +1.67 +1.59 +1.37 +1.06 +0.72 +0.42 +0.20 +0.07 +0.02 +0.00 +0.00
  k=2     M=64 L_c=1.3057 (h=0.6528, h g_k/pi=4.4): parity even (lam even -4.76e-12, odd +1.38e-08); |A|^2=4.829e-16 |B|^2=1.799e-11 T=-3.598e-11
      mass: central half 0.9847, central tenth 0.3493, end tenths 0.0000, |G|max at u/h=+0.000, sign changes 0, G(0)=-1.665, G(+-h)=-1.26e-05,-1.26e-05
      Fourier energy within |t-gamma_k|<1: 0.0000 of ||G||^2 (x2 for the mirror lobe); energy in |t|<gamma_1: 1.0000
      G(u/h=-1..1): -0.00 -0.00 -0.02 -0.07 -0.20 -0.42 -0.72 -1.06 -1.37 -1.59 -1.67 -1.59 -1.37 -1.06 -0.72 -0.42 -0.20 -0.07 -0.02 -0.00 -0.00
  k=5     M=32 L_c=2.3756 (h=1.1878, h g_k/pi=12.5): parity even (lam even -1.42e-22, odd +2.59e-20); |A|^2=8.370e-27 |B|^2=1.112e-22 T=-2.223e-22
      mass: central half 0.9996, central tenth 0.4957, end tenths 0.0000, |G|max at u/h=+0.000, sign changes 0, G(0)=+1.496, G(+-h)=+1.60e-11,+1.60e-11
      Fourier energy within |t-gamma_k|<1: 0.0000 of ||G||^2 (x2 for the mirror lobe); energy in |t|<gamma_1: 1.0000
      G(u/h=-1..1): +0.00 +0.00 +0.00 +0.00 +0.02 +0.07 +0.24 +0.55 +0.96 +1.34 +1.50 +1.34 +0.96 +0.55 +0.24 +0.07 +0.02 +0.00 +0.00 +0.00 +0.00
  k=5     M=64 L_c=1.5759 (h=0.7880, h g_k/pi=8.3): parity even (lam even -1.29e-16, odd +4.07e-14); |A|^2=1.795e-22 |B|^2=1.009e-16 T=-2.018e-16
      mass: central half 0.9961, central tenth 0.4073, end tenths 0.0000, |G|max at u/h=+0.000, sign changes 0, G(0)=+1.643, G(+-h)=+1.60e-08,+1.60e-08
      Fourier energy within |t-gamma_k|<1: 0.0000 of ||G||^2 (x2 for the mirror lobe); energy in |t|<gamma_1: 1.0000
      G(u/h=-1..1): +0.00 +0.00 +0.00 +0.02 +0.08 +0.23 +0.50 +0.87 +1.25 +1.54 +1.64 +1.54 +1.25 +0.87 +0.50 +0.23 +0.08 +0.02 +0.00 +0.00 +0.00
  k=10 M=32: no L_c
  k=10    M=64 L_c=1.8381 (h=0.9191, h g_k/pi=14.6): parity even (lam even -4.45e-25, odd +4.91e-21); |A|^2=1.622e-30 |B|^2=2.366e-24 T=-4.733e-24
      mass: central half 0.9991, central tenth 0.4554, end tenths 0.0000, |G|max at u/h=+0.000, sign changes 0, G(0)=+1.627, G(+-h)=+4.21e-12,+4.21e-12
      Fourier energy within |t-gamma_k|<1: 0.0000 of ||G||^2 (x2 for the mirror lobe); energy in |t|<gamma_1: 1.0000
      G(u/h=-1..1): +0.00 +0.00 +0.00 +0.00 +0.03 +0.11 +0.33 +0.70 +1.13 +1.49 +1.63 +1.49 +1.13 +0.70 +0.33 +0.11 +0.03 +0.00 +0.00 +0.00 +0.00
  k=30 M=32: no L_c
  k=30 M=64: no L_c
  k=30 M=96: no L_c
  k=100 M=32: no L_c
  k=100 M=64: no L_c
  k=100 M=96: no L_c
  k=300 M=32: no L_c
  k=300 M=64: no L_c
  k=300 M=96: no L_c
  k=1000 M=32: no L_c
  k=1000 M=64: no L_c
  k=1000 M=96: no L_c

  results written to /Users/juliansambrano/GitHub/Primebeat_081426/analysis/2026-09-01/results/weil_Lc_height.json
  table written to /Users/juliansambrano/GitHub/Primebeat_081426/analysis/2026-09-01/weil_Lc_height.txt

EXPLORATORY - no prereg, no decision rule, no verdict.
.venv/bin/python analysis/2026-09-01/weil_Lc_height.py  2283.84s user 3.86s system 99% cpu 38:07.95 total
