weil_QX  EXPLORATORY - no prereg, no decision rule, no verdict.
  dps=25  X ladder=[2.0, 3.0, 5.0, 10.0, 20.0, 50.0, 100.0, 1000.0, 10000.0]  N zeros=2000
  prime powers <= 10000: 1280
  loading zeros (mpmath.zetazero, cached) ...
    gamma_1 = 14.13472514173469379045725   gamma_2000 = 2515.28648292471288003819
    zeros1.txt: 100000 zeros to 74920.827; max |file - zetazero| on first 2000: 5.00e-10

===== family: triangle =====
       X        L             pole            prime           arch         total           Z_N    resid_N    tail_N        Z_file    resid_f    tail_f sign dominant
       2   0.6931       0.97056275       0.00000000    -0.84345158    0.12711117    0.12521812   1.89e-03  1.77e-03    0.12701875   9.24e-05  8.83e-05    +     pole    [1.0s]
           pole(quad) 0.97056275  arch(Fourier,T=400) -0.85167074 +tail 8.20e-03 = -0.84346855   |arch_real - arch_F(+tail)| = 1.70e-05   prime powers in: 1  F(0)=0.693147
       3   1.0986       2.47520861       0.39746047    -1.94335640    0.13439174    0.13246248   1.93e-03  1.77e-03    0.13429809   9.36e-05  8.83e-05    +     pole    [1.5s]
           pole(quad) 2.47520861  arch(Fourier,T=400) -1.95155298 +tail 8.20e-03 = -1.94335080   |arch_real - arch_F(+tail)| = 5.61e-06   prime powers in: 2  F(0)=1.098612
       5   1.6094       5.46625258       1.70088992    -3.63103625    0.13432642    0.13237466   1.95e-03  1.77e-03    0.13423205   9.44e-05  8.83e-05    +     pole    [2.1s]
           pole(quad) 5.46625258  arch(Fourier,T=400) -3.63924102 +tail 8.20e-03 = -3.63103883   |arch_real - arch_F(+tail)| = 2.58e-06   prime powers in: 4  F(0)=1.609438
      10   2.3026      11.82804341       5.44910741    -6.30208208    0.07685392    0.07508548   1.77e-03  1.77e-03    0.07676567   8.83e-05  8.83e-05    +     pole    [3.0s]
           pole(quad) 11.82804341  arch(Fourier,T=400) -6.31028054 +tail 8.20e-03 = -6.30207835   |arch_real - arch_F(+tail)| = 3.72e-06   prime powers in: 7  F(0)=2.302585
      20   2.9957      21.56594202      12.20048393    -9.28399208    0.08146601    0.07969698   1.77e-03  1.77e-03    0.08137776   8.83e-05  8.83e-05    +     pole    [3.9s]
           pole(quad) 21.56594202  arch(Fourier,T=400) -9.29218889 +tail 8.20e-03 = -9.28398670   |arch_real - arch_F(+tail)| = 5.38e-06   prime powers in: 12  F(0)=2.995732
      50   3.9120      41.69991334      28.07046981   -13.54882950    0.08061403    0.07884596   1.77e-03  1.77e-03    0.08052578   8.83e-05  8.83e-05    +     pole    [5.1s]
           pole(quad) 41.69991334  arch(Fourier,T=400) -13.55703292 +tail 8.20e-03 = -13.54883073   |arch_real - arch_F(+tail)| = 1.23e-06   prime powers in: 23  F(0)=3.912023
     100   4.6052      64.80000000      47.74316619   -16.94115754    0.11567627    0.11390648   1.77e-03  1.77e-03    0.11558801   8.83e-05  8.83e-05    +     pole    [6.0s]
           pole(quad) 64.80000000  arch(Fourier,T=400) -16.94936292 +tail 8.20e-03 = -16.94116073   |arch_real - arch_F(+tail)| = 3.19e-06   prime powers in: 35  F(0)=4.605170
    1000   6.9078     237.23519503     208.35929125   -28.76404602    0.11185776    0.11009510   1.76e-03  1.77e-03    0.11176949   8.83e-05  8.83e-05    +     pole    [8.9s]
           pole(quad) 237.23519503  arch(Fourier,T=400) -28.77224582 +tail 8.20e-03 = -28.76404363   |arch_real - arch_F(+tail)| = 2.39e-06   prime powers in: 193  F(0)=6.907755
   10000   9.2103     784.08000000     743.02483096   -40.96097325    0.09419578    0.09244089   1.75e-03  1.77e-03    0.09410753   8.83e-05  8.83e-05    +     pole    [11.8s]
           pole(quad) 784.08000000  arch(Fourier,T=400) -40.96917691 +tail 8.20e-03 = -40.96097472   |arch_real - arch_F(+tail)| = 1.46e-06   prime powers in: 1280  F(0)=9.210340

===== family: bump =====
       X        L             pole            prime           arch         total           Z_N    resid_N    tail_N        Z_file    resid_f    tail_f sign dominant
       2   0.6931       0.04758127       0.00000000    -0.04713169    0.00044958    0.00044958   5.42e-20  5.32e-31    0.00044958   5.42e-20  5.32e-31    +     pole    [8.8s]
           pole(quad) 0.04758127  arch(Fourier,tmax=1153.3) -0.04713169 +tail 0.00e+00 = -0.04713169   |arch_real - arch_F(+tail)| = 6.94e-18   prime powers in: 1  F(0)=0.046124
       3   1.0986       0.12038937       0.00633382    -0.11354448    0.00051107    0.00051107   7.59e-19  1.39e-31    0.00051107   7.59e-19  1.39e-31    +     pole    [8.8s]
           pole(quad) 0.12038937  arch(Fourier,tmax=768.9) -0.11354448 +tail 0.00e+00 = -0.11354448   |arch_real - arch_F(+tail)| = 1.39e-17   prime powers in: 2  F(0)=0.073105
       5   1.6094       0.26191982       0.04540646    -0.21632600    0.00018735    0.00018735   1.36e-19  2.19e-31    0.00018735   1.36e-19  2.19e-31    +     pole    [8.1s]
           pole(quad) 0.26191982  arch(Fourier,tmax=512.6) -0.21632600 +tail 0.00e+00 = -0.21632600   |arch_real - arch_F(+tail)| = 2.78e-17   prime powers in: 4  F(0)=0.107097
      10   2.3026       0.55058301       0.16994424    -0.38063242    0.00000635    0.00000635  -3.30e-20  8.48e-32    0.00000635  -3.30e-20  8.48e-32    +     pole    [7.4s]
           pole(quad) 0.55058301  arch(Fourier,tmax=341.7) -0.38063242 +tail 0.00e+00 = -0.38063242   |arch_real - arch_F(+tail)| = 5.55e-17   prime powers in: 7  F(0)=0.153221
      20   2.9957       0.96604723       0.39950690    -0.56651489    0.00002543    0.00002543  -1.80e-19  1.19e-34    0.00002543  -1.80e-19  1.19e-34    +     pole    [6.9s]
           pole(quad) 0.96604723  arch(Fourier,tmax=227.8) -0.56651489 +tail 0.00e+00 = -0.56651489   |arch_real - arch_F(+tail)| = 0.00e+00   prime powers in: 12  F(0)=0.199345
      50   3.9120       1.75184041       0.91486102    -0.83697520    0.00000419    0.00000419  -9.15e-20  1.00e-31    0.00000419  -9.15e-20  1.00e-31    +     pole    [7.0s]
           pole(quad) 1.75184041  arch(Fourier,tmax=227.8) -0.83697520 +tail 0.00e+00 = -0.83697520   |arch_real - arch_F(+tail)| = 2.22e-16   prime powers in: 23  F(0)=0.260318
     100   4.6052       2.56966203       1.51386757    -1.05579164    0.00000282    0.00000282  -2.16e-20  1.86e-31    0.00000282  -2.16e-20  1.86e-31    +     pole    [7.1s]
           pole(quad) 2.56966203  arch(Fourier,tmax=227.8) -1.05579164 +tail 0.00e+00 = -1.05579164   |arch_real - arch_F(+tail)| = 2.22e-16   prime powers in: 35  F(0)=0.306442
    1000   6.9078       7.42284876       5.58354520    -1.83930322    0.00000033    0.00000033  -1.32e-20  7.86e-32    0.00000033  -1.32e-20  7.86e-32    +     pole    [7.6s]
           pole(quad) 7.42284876  arch(Fourier,tmax=151.9) -1.83930322 +tail 0.00e+00 = -1.83930322   |arch_real - arch_F(+tail)| = 6.66e-16   prime powers in: 193  F(0)=0.459663
   10000   9.2103      18.46878077      15.79828456    -2.67049618    0.00000003    0.00000003  -5.26e-21  8.31e-30    0.00000003  -5.26e-21  8.31e-30    +     pole    [10.6s]
           pole(quad) 18.46878077  arch(Fourier,tmax=101.2) -2.67049618 +tail 0.00e+00 = -2.67049618   |arch_real - arch_F(+tail)| = 4.44e-16   prime powers in: 1280  F(0)=0.612884

===== triangle fine scan: |prime| vs |pole + arch| =====
  grid points: 159   smallest X with |prime| > |pole+arch|: None   smallest X with total < 0: None
  (since pole+arch > 0 and total = pole+arch-prime, |prime| > |pole+arch| <=> total < 0)
  smallest X with |prime| > |arch|: 12.6612   smallest X with |prime| > pole/2: 13
  sum_{gamma>0} 1/gamma^2 = 0.023104993 (file + RvM tail)  =>  triangle total <= 0.184840 for every L
          X           pole          prime         arch      pole+arch        total
          2       0.970563       0.000000    -0.843452       0.127111     0.127111
     2.1471       1.182027       0.069570    -1.016878       0.165149     0.095579
      2.305       1.415101       0.139131    -1.199071       0.216030     0.076898
     2.4746       1.670234       0.208728    -1.389540       0.280694     0.071966
     2.6566       1.947516       0.278295    -1.587590       0.359927     0.081632
      2.852       2.247422       0.347867    -1.792859       0.454563     0.106695
          3       2.475209       0.397460    -1.943356       0.531852     0.134392
     3.0618       2.570351       0.443316    -2.004961       0.565390     0.122075
      3.287       2.916623       0.602920    -2.223481       0.693143     0.090223
     3.5288       3.286775       0.762547    -2.448159       0.838615     0.076068
     3.7884       3.681242       0.922182    -2.678684       1.002558     0.080376
          4       4.000000       1.044407    -2.858962       1.141038     0.096631
      4.067       4.100359       1.093277    -2.914694       1.185664     0.092387
     4.3662       4.544947       1.302121    -3.156110       1.388837     0.086717
     4.6873       5.015259       1.510894    -3.402534       1.612726     0.101832
          5       5.466253       1.700890    -3.631036       1.835216     0.134326
     5.0321       5.512153       1.728929    -3.653893       1.858260     0.129331
     5.4023       6.036198       2.039960    -3.909955       2.126243     0.086283
     5.7996       6.587821       2.350890    -4.170421       2.417400     0.066510
          6       6.861904       2.499732    -4.296643       2.565262     0.065530
     6.2262       7.167994       2.661876    -4.435248       2.732746     0.070869
     6.6842       7.777376       2.972877    -4.704232       3.073144     0.100267
          7       8.189726       3.175143    -4.881321       3.308405     0.133262
     7.1759       8.416723       3.320389    -4.977209       3.439514     0.119124
     7.7037       9.086739       3.735754    -5.253987       3.832753     0.096999
          8       9.455844       3.956631    -5.402680       4.053164     0.096533
     8.2704       9.788448       4.167467    -5.534495       4.253953     0.086486
     8.8787      10.522539       4.617616    -5.818520       4.704019     0.086403
          9      10.666667       4.703681    -5.873217       4.793449     0.089768
     9.5318      11.290100       5.109850    -6.105995       5.184105     0.074255
         10      11.828043       5.449107    -6.302082       5.525961     0.076854
    10.2329      12.091991       5.611995    -6.396754       5.695237     0.083242
    10.9856      12.929297       6.114160    -6.690705       6.238592     0.124433
         11      12.945089       6.123427    -6.696159       6.248930     0.125503
    11.7937      13.803077       6.717087    -6.987733       6.815344     0.098257
         12      14.022214       6.864851    -7.060754       6.961460     0.096610
         20      21.565942      12.200484    -9.283992      12.281950     0.081466
      10000     784.080000     743.024831   -40.960973     743.119027     0.094196
  min total over scan: 0.059745 at X = 216.503
  max total over scan: 0.134392 at X = 3

  results written to /Users/juliansambrano/GitHub/Primebeat_081426/analysis/2026-09-01/results/weil_QX.json
  table written to /Users/juliansambrano/GitHub/Primebeat_081426/analysis/2026-09-01/results/weil_QX.txt

EXPLORATORY - no prereg, no decision rule, no verdict.
