weil_Lc_height  EXPLORATORY - no prereg, no decision rule, no verdict.
  k=[1, 2, 5, 10, 30, 100, 300, 1000]  eps=[0.0]  M=[32] (+0 where the h_c gamma_k/pi check fails at M=32)  dps=40
  L grid 0.300..12.060 (28 pts, ratio 1.1466; the first 25 = weil_Lc_eps's grid), bisect to 1.02
  primary w=1/2: T = 2 Re[Ghat(g_k - i eps) conj Ghat(g_k + i eps)] (pair -> pair); secondary w=1: 2T (four points, multiplicity one)
  zeros1.txt: 100000 zeros, gamma_N 74920.827
      k           gamma_k (mp)  |file-mp|  log gamma_k  local gap
      1   14.13472514173469379    2.7e-10       2.6486     6.8873
      2  21.022039638771554993    2.3e-10       3.0456     3.9888
      5  32.935061587739189691    2.6e-10       3.4945     2.5102
     10  49.773832477672302182    3.3e-10       3.9075     1.7687
     30  101.31785100573139123    2.7e-10       4.6183     2.4077
    100   236.5242296658162058    1.8e-10       5.4661     1.2456
    300  541.84743712120128155    2.0e-10       6.2950     1.2160
   1000  1419.4224809459956865    4.3e-12       7.2580     0.7255

===== unit tests =====
  [H1] k=1    h=0.75 eps=0     (h gamma_k = 10.6): |A_bessel - A_quad| 5.74e-41, |B ...| 0.0
  [H1] k=1    h=0.75 eps=0.01  (h gamma_k = 10.6): |A_bessel - A_quad| 5.17e-41, |B ...| 3.14e-43
  [H1] k=1    h=0.75 eps=0.1   (h gamma_k = 10.6): |A_bessel - A_quad| 5.17e-41, |B ...| 4.3e-42
  [H1] k=2    h=2.0 eps=0     (h gamma_k = 42.0): |A_bessel - A_quad| 6.03e-41, |B ...| 0.0
  [H1] k=2    h=2.0 eps=0.01  (h gamma_k = 42.0): |A_bessel - A_quad| 6.74e-41, |B ...| 1.43e-42
  [H1] k=2    h=2.0 eps=0.1   (h gamma_k = 42.0): |A_bessel - A_quad| 9.18e-41, |B ...| 1.0e-41
  [H1] k=10   h=3.0 eps=0     (h gamma_k = 149.3): |A_bessel - A_quad| 2.35e-40, |B ...| 0.0
  [H1] k=10   h=3.0 eps=0.01  (h gamma_k = 149.3): |A_bessel - A_quad| 2.55e-40, |B ...| 7.0e-42
  [H1] k=10   h=3.0 eps=0.1   (h gamma_k = 149.3): |A_bessel - A_quad| 2.6e-40, |B ...| 7.53e-41
  [H1] k=30   h=1.5 eps=0     (h gamma_k = 152.0): |A_bessel - A_quad| 1.65e-40, |B ...| 0.0
  [H1] k=30   h=1.5 eps=0.01  (h gamma_k = 152.0): |A_bessel - A_quad| 1.63e-40, |B ...| 1.89e-42
  [H1] k=30   h=1.5 eps=0.1   (h gamma_k = 152.0): |A_bessel - A_quad| 1.66e-40, |B ...| 1.78e-41
  [H2] k=1000 eps=0.01 h=0.5 (h gamma = 710): indicator closed form 3.21770333250647e-7; Bessel matrix el diff 1.1e-47; mp.quad (911 panels) diff 1.1e-47
  [H2] k=1000 eps=0.01 h=2.0 (h gamma = 2839): indicator closed form 3.32334908383089e-6; Bessel matrix el diff 1.3e-46; mp.quad (3622 panels) diff 1.3e-46
  [H3] h=0.75 k=1   : max |(Z_all - P_k) - Z'_{k removed}| = 9.09e-31  (entries up to 2.726)
  [H3] h=0.75 k=10  : max |(Z_all - P_k) - Z'_{k removed}| = 8.07e-31  (entries up to 2.726)
  [H3] h=0.75 k=1000: max |(Z_all - P_k) - Z'_{k removed}| = 3.1e-32  (entries up to 2.726)
  [H4] k=1000 eps=0 h=0.75: max |T_0(w=1/2) - 2 Re[Ghat Ghat^H]| = 0.0

===== ladders: lam_min(Q_{eps,k}; L) =====
  '-' entries beyond the floor are detections; parity e/o of the minimiser; h_c g_k/pi is the brief's resolution criterion (needs M above it), h_c g_k the Bessel one
  k=1|eps=0|M=32|w=1/2           L_c=None  no sign change beyond the floor up to L = 12.060 (there: lam_min -3.41e-32, floor 6.5e-31, Z'(G*) -3.4e-32); min lam on grid -3.64e-32   [8.2s]
      grid: +2.2e-01e +1.5e-01e +1.0e-01e +5.7e-02e +2.6e-02e +8.3e-03e +1.6e-03e +2.7e-04e +1.8e-05e +4.7e-07e +3.6e-09e +3.9e-12e +6.3e-16e +2.5e-18e +5.6e-21e +3.5e-22e +9.0e-26e +1.8e-25o +2.2e-28e +3.1e-31e +2.5e-31e -1.1e-32e -3.3e-32e -2.2e-32o -2.0e-33e -2.5e-32e -3.6e-32o -3.4e-32o
  k=1|eps=0|M=32|w=1             L_c=None  no sign change beyond the floor up to L = 12.060 (there: lam_min -3.41e-32, floor 8.7e-31, Z'(G*) -3.4e-32); min lam on grid -3.64e-32   [2.0s]
      grid: +3.6e-01e +2.5e-01e +1.5e-01e +8.0e-02e +3.2e-02e +9.1e-03e +1.6e-03e +2.7e-04e +1.8e-05e +4.7e-07e +3.6e-09e +3.9e-12e +6.3e-16e +2.5e-18e +5.6e-21e +3.5e-22e +9.0e-26e +1.8e-25o +2.2e-28e +3.1e-31e +2.5e-31e -1.1e-32e -3.3e-32e -2.2e-32o -2.0e-33e -2.5e-32e -3.6e-32o -3.4e-32o
  k=2|eps=0|M=32|w=1/2           L_c=None  no sign change beyond the floor up to L = 12.060 (there: lam_min -3.41e-32, floor 6.5e-31, Z'(G*) -3.4e-32); min lam on grid -3.64e-32   [2.3s]
      grid: +2.2e-01e +1.5e-01e +1.0e-01e +5.7e-02e +2.6e-02e +8.3e-03e +1.6e-03e +2.7e-04e +1.8e-05e +4.7e-07e +3.6e-09e +3.9e-12e +6.3e-16e +2.5e-18e +5.6e-21e +3.5e-22e +9.0e-26e +1.8e-25o +2.2e-28e +3.1e-31e +2.5e-31e -1.1e-32e -3.3e-32e -2.2e-32o -2.0e-33e -2.5e-32e -3.6e-32o -3.4e-32o
  k=2|eps=0|M=32|w=1             L_c=None  no sign change beyond the floor up to L = 12.060 (there: lam_min -3.41e-32, floor 6.6e-31, Z'(G*) -3.4e-32); min lam on grid -3.64e-32   [2.0s]
      grid: +2.3e-01e +1.6e-01e +1.0e-01e +6.1e-02e +3.1e-02e +1.0e-02e +1.9e-03e +2.9e-04e +1.8e-05e +4.7e-07e +3.6e-09e +3.9e-12e +6.3e-16e +2.5e-18e +5.6e-21e +3.5e-22e +9.0e-26e +1.8e-25o +2.2e-28e +3.1e-31e +2.5e-31e -1.1e-32e -3.3e-32e -2.2e-32o -2.0e-33e -2.5e-32e -3.6e-32o -3.4e-32o
  k=5|eps=0|M=32|w=1/2           L_c=None  no sign change beyond the floor up to L = 12.060 (there: lam_min -3.41e-32, floor 6.5e-31, Z'(G*) -3.4e-32); min lam on grid -3.64e-32   [2.3s]
      grid: +2.2e-01e +1.5e-01e +1.0e-01e +5.7e-02e +2.6e-02e +8.3e-03e +1.6e-03e +2.7e-04e +1.8e-05e +4.7e-07e +3.6e-09e +3.9e-12e +6.3e-16e +2.5e-18e +5.6e-21e +3.5e-22e +9.0e-26e +1.8e-25o +2.2e-28e +3.1e-31e +2.5e-31e -1.1e-32e -3.3e-32e -2.2e-32o -2.0e-33e -2.5e-32e -3.6e-32o -3.4e-32o
  k=5|eps=0|M=32|w=1             L_c=None  no sign change beyond the floor up to L = 12.060 (there: lam_min -3.41e-32, floor 6.9e-31, Z'(G*) -3.4e-32); min lam on grid -3.64e-32   [2.0s]
      grid: +2.2e-01e +1.6e-01e +1.0e-01e +5.8e-02e +2.8e-02e +8.5e-03e +1.6e-03e +2.7e-04e +1.8e-05e +5.6e-07e +3.7e-09e +3.9e-12e +6.3e-16e +2.5e-18e +5.6e-21e +3.5e-22e +9.0e-26e +1.8e-25o +2.2e-28e +3.1e-31e +2.5e-31e -1.1e-32e -3.3e-32e -2.2e-32o -2.0e-33e -2.5e-32e -3.6e-32o -3.4e-32o
  k=10|eps=0|M=32|w=1/2          L_c=None  no sign change beyond the floor up to L = 12.060 (there: lam_min -3.40e-32, floor 6.5e-31, Z'(G*) -3.4e-32); min lam on grid -3.64e-32   [2.3s]
      grid: +2.2e-01e +1.5e-01e +1.0e-01e +5.7e-02e +2.6e-02e +8.3e-03e +1.6e-03e +2.7e-04e +1.8e-05e +4.7e-07e +3.6e-09e +3.9e-12e +6.3e-16e +2.5e-18e +5.6e-21e +3.5e-22e +9.0e-26e +1.8e-25o +2.2e-28e +3.1e-31e +2.5e-31e -1.1e-32e -3.3e-32e -2.2e-32o -1.9e-33e -2.5e-32e -3.6e-32o -3.4e-32o
  k=10|eps=0|M=32|w=1            L_c=None  no sign change beyond the floor up to L = 12.060 (there: lam_min -3.38e-32, floor 6.6e-31, Z'(G*) -3.4e-32); min lam on grid -3.64e-32   [2.0s]
      grid: +2.2e-01e +1.6e-01e +1.0e-01e +5.8e-02e +2.6e-02e +8.5e-03e +1.6e-03e +2.7e-04e +1.8e-05e +4.8e-07e +3.7e-09e +4.2e-12e +6.5e-16e +2.6e-18e +6.3e-21e +3.9e-22e +9.7e-26e +1.9e-25o +2.2e-28e +3.2e-31e +2.6e-31e -1.1e-32e -3.3e-32e -2.1e-32o -1.9e-33e -2.5e-32e -3.6e-32o -3.4e-32o
  k=30|eps=0|M=32|w=1/2          L_c=None  no sign change beyond the floor up to L = 12.060 (there: lam_min -3.41e-32, floor 6.5e-31, Z'(G*) -3.4e-32); min lam on grid -3.64e-32   [2.4s]
      grid: +2.2e-01e +1.5e-01e +1.0e-01e +5.7e-02e +2.6e-02e +8.3e-03e +1.6e-03e +2.7e-04e +1.8e-05e +4.7e-07e +3.6e-09e +3.9e-12e +6.3e-16e +2.5e-18e +5.6e-21e +3.5e-22e +9.0e-26e +1.8e-25o +2.2e-28e +3.1e-31e +2.5e-31e -1.1e-32e -3.3e-32e -2.2e-32o -2.0e-33e -2.5e-32e -3.6e-32o -3.4e-32o
  k=30|eps=0|M=32|w=1            L_c=None  no sign change beyond the floor up to L = 12.060 (there: lam_min -3.41e-32, floor 6.5e-31, Z'(G*) -3.4e-32); min lam on grid -3.64e-32   [2.0s]
      grid: +2.2e-01e +1.5e-01e +1.0e-01e +5.7e-02e +2.6e-02e +8.4e-03e +1.6e-03e +2.7e-04e +1.8e-05e +4.7e-07e +3.6e-09e +3.9e-12e +6.3e-16e +2.5e-18e +5.7e-21e +3.5e-22e +9.1e-26e +1.8e-25o +2.2e-28e +3.1e-31e +2.6e-31e -1.1e-32e -3.3e-32e -2.1e-32o -2.0e-33e -2.5e-32e -3.6e-32o -3.4e-32o
  k=100|eps=0|M=32|w=1/2         L_c=None  no sign change beyond the floor up to L = 12.060 (there: lam_min -3.41e-32, floor 6.5e-31, Z'(G*) -3.3e-32); min lam on grid -3.64e-32   [2.4s]
      grid: +2.2e-01e +1.5e-01e +1.0e-01e +5.7e-02e +2.6e-02e +8.3e-03e +1.6e-03e +2.7e-04e +1.8e-05e +4.7e-07e +3.6e-09e +3.9e-12e +6.3e-16e +2.5e-18e +5.6e-21e +3.5e-22e +9.0e-26e +1.8e-25o +2.2e-28e +3.1e-31e +2.5e-31e -1.1e-32e -3.3e-32e -2.2e-32o -2.0e-33e -2.5e-32e -3.6e-32o -3.4e-32o
  k=100|eps=0|M=32|w=1           L_c=None  no sign change beyond the floor up to L = 12.060 (there: lam_min -3.41e-32, floor 6.5e-31, Z'(G*) -3.4e-32); min lam on grid -3.64e-32   [2.0s]
      grid: +2.2e-01e +1.5e-01e +1.0e-01e +5.7e-02e +2.6e-02e +8.3e-03e +1.6e-03e +2.7e-04e +1.8e-05e +4.7e-07e +3.6e-09e +3.9e-12e +6.3e-16e +2.5e-18e +5.6e-21e +3.5e-22e +9.0e-26e +1.8e-25o +2.2e-28e +3.1e-31e +2.5e-31e -1.1e-32e -3.3e-32e -2.2e-32o -2.0e-33e -2.5e-32e -3.6e-32o -3.4e-32o
  k=300|eps=0|M=32|w=1/2         L_c=None  no sign change beyond the floor up to L = 12.060 (there: lam_min -3.41e-32, floor 6.5e-31, Z'(G*) -3.4e-32); min lam on grid -3.64e-32   [2.4s]
      grid: +2.2e-01e +1.5e-01e +1.0e-01e +5.7e-02e +2.6e-02e +8.3e-03e +1.6e-03e +2.7e-04e +1.8e-05e +4.7e-07e +3.6e-09e +3.9e-12e +6.3e-16e +2.5e-18e +5.6e-21e +3.5e-22e +9.0e-26e +1.8e-25o +2.2e-28e +3.1e-31e +2.5e-31e -1.1e-32e -3.3e-32e -2.2e-32o -2.0e-33e -2.5e-32e -3.6e-32o -3.4e-32o
  k=300|eps=0|M=32|w=1           L_c=None  no sign change beyond the floor up to L = 12.060 (there: lam_min -3.41e-32, floor 6.5e-31, Z'(G*) -3.4e-32); min lam on grid -3.64e-32   [2.0s]
      grid: +2.2e-01e +1.5e-01e +1.0e-01e +5.7e-02e +2.6e-02e +8.3e-03e +1.6e-03e +2.7e-04e +1.8e-05e +4.7e-07e +3.6e-09e +3.9e-12e +6.3e-16e +2.5e-18e +5.6e-21e +3.5e-22e +9.0e-26e +1.8e-25o +2.2e-28e +3.1e-31e +2.5e-31e -1.1e-32e -3.3e-32e -2.2e-32o -2.0e-33e -2.5e-32e -3.6e-32o -3.4e-32o
  k=1000|eps=0|M=32|w=1/2        L_c=None  no sign change beyond the floor up to L = 12.060 (there: lam_min -3.41e-32, floor 6.5e-31, Z'(G*) -3.4e-32); min lam on grid -3.64e-32   [2.4s]
      grid: +2.2e-01e +1.5e-01e +1.0e-01e +5.7e-02e +2.6e-02e +8.3e-03e +1.6e-03e +2.7e-04e +1.8e-05e +4.7e-07e +3.6e-09e +3.9e-12e +6.3e-16e +2.5e-18e +5.6e-21e +3.5e-22e +9.0e-26e +1.8e-25o +2.2e-28e +3.1e-31e +2.5e-31e -1.1e-32e -3.3e-32e -2.2e-32o -2.0e-33e -2.5e-32e -3.6e-32o -3.4e-32o
  k=1000|eps=0|M=32|w=1          L_c=None  no sign change beyond the floor up to L = 12.060 (there: lam_min -3.41e-32, floor 6.5e-31, Z'(G*) -3.4e-32); min lam on grid -3.64e-32   [2.0s]
      grid: +2.2e-01e +1.5e-01e +1.0e-01e +5.7e-02e +2.6e-02e +8.3e-03e +1.6e-03e +2.7e-04e +1.8e-05e +4.7e-07e +3.6e-09e +3.9e-12e +6.3e-16e +2.5e-18e +5.6e-21e +3.5e-22e +9.0e-26e +1.8e-25o +2.2e-28e +3.1e-31e +2.5e-31e -1.1e-32e -3.3e-32e -2.2e-32o -2.0e-33e -2.5e-32e -3.6e-32o -3.4e-32o

  timings: Z builds 224 (7.4s; distinct h 28), T builds 224 (1.4s), eigs 448 (30.0s)
  L grid: 0.300 0.344 0.394 0.452 0.519 0.595 0.682 0.782 0.896 1.028 1.178 1.351 1.549 1.776 2.037 2.335 2.678 3.070 3.520 4.037 4.628 5.307 6.085 6.977 8.000 9.173 10.518 12.060

===== sanity: k = 1 at M = 32 vs weil_Lc_eps.json (same grid, same bracket) =====

===== L_c(eps, k) =====
    k    gamma_k  log g_k      gap    eps    M=32 w=1/2      M=32 w=1     X_c lam(1.5Lc)   lam(2Lc) M_used  h_c g/pi  ok
    1     14.135   2.6486   6.8873      0          none          none                                   32
    2     21.022   3.0456   3.9888      0          none          none                                   32
    5     32.935   3.4945   2.5102      0          none          none                                   32
   10     49.774   3.9075   1.7687      0          none          none                                   32
   30    101.318   4.6183   2.4077      0          none          none                                   32
  100    236.524   5.4661   1.2456      0          none          none                                   32
  300    541.847   6.2950   1.2160      0          none          none                                   32
 1000   1419.422   7.2580   0.7255      0          none          none                                   32

  M-convergence of L_c (w=1/2): relative change between successive M run
    k=1     eps=0      
    k=2     eps=0      
    k=5     eps=0      
    k=10    eps=0      
    k=30    eps=0      
    k=100   eps=0      
    k=300   eps=0      
    k=1000  eps=0      

===== fits of L_c(0, k) (least squares L_c = a + b x, eight k) =====
  M_used (largest M run per k) w=1/2: only 0 points with an L_c; no fit
  M_used (largest M run per k) w=1: only 0 points with an L_c; no fit
  M=32 w=1/2: only 0 points with an L_c; no fit
  M=32 w=1: only 0 points with an L_c; no fit
  M=64 w=1/2: only 0 points with an L_c; no fit
  M=64 w=1: only 0 points with an L_c; no fit

===== minimiser at L_c, eps = 0 (w=1/2) =====
  k=1 M=32: no L_c
  k=2 M=32: no L_c
  k=5 M=32: no L_c
  k=10 M=32: no L_c
  k=30 M=32: no L_c
  k=100 M=32: no L_c
  k=300 M=32: no L_c
  k=1000 M=32: no L_c

  results written to analysis/2026-09-01/results/weil_Lc_height_eps0.json
  table written to analysis/2026-09-01/weil_Lc_height_eps0.txt

EXPLORATORY - no prereg, no decision rule, no verdict.
