weil_Lc_mod  EXPLORATORY - no prereg, no decision rule, no verdict.
  basis: P_n(u/h) cos(gamma_k u), P_n(u/h) sin(gamma_k u), n < 16 (32 functions), full 2M eigsy on the pencil (Q, S), S-cut 1e-24
  k=[1, 2, 5, 10, 30, 100, 300, 1000]  eps=[0.0, 0.001, 0.01, 0.1] (eps=0 is the control)  dps=40
  L grid 0.300..12.060 (28 pts, ratio 1.1466), bisect to 1.02
  primary w=1/2: T = 2 Re[Ghat(g_k - i eps) conj Ghat(g_k + i eps)] (pair -> pair); secondary w=1: 2T
  zeros1.txt: 100000 zeros, gamma_N 74920.827
      k           gamma_k (mp)  |file-mp|  log gamma_k   nb gap  mean gap
      1   14.13472514173469379    2.7e-10       2.6486   6.8873    7.7498
      2  21.022039638771554993    2.3e-10       3.0456   3.9888    5.2026
      5  32.935061587739189691    2.6e-10       3.4945   2.5102    3.7927
     10  49.773832477672302182    3.3e-10       3.9075   1.7687    3.0359
     30  101.31785100573139123    2.7e-10       4.6183   2.4077    2.2598
    100   236.5242296658162058    1.8e-10       5.4661   1.2456    1.7318
    300  541.84743712120128155    2.0e-10       6.2950   1.2160    1.4097
   1000  1419.4224809459956865    4.3e-12       7.2580   0.7255    1.1592

===== unit tests =====
  [M0] {'z': '(30.0 + 0.1j)', 'max_rel_err': 2.0272430857686791e-41}
  [M0] {'z': '(5.0 - 0.3j)', 'max_rel_err': 1.6793017462503923e-41}
  [M0] {'z': '(39.9 + 2.0j)', 'max_rel_err': 1.255372829889396e-41}
  [M0] {'h': 0.5, 't': '(14.13 - 0.01j)', 'max_abs_err_vs_height_closed_form': 1.1479437019748901e-41}
  [M0] {'h': 3.0, 't': '(1419.4 + 0.01j)', 'max_abs_err_vs_height_closed_form': 4.484189297097199e-44}
  [M1] k=1     h=0.5  eps=0     h*gamma=     7.1  max|closed-quad| over a in (0,5,M,M+5): 1.1e-41  T[0,M+5] closed 0.1146862015 quad 0.1146862015 |diff| 2.9e-42  [0.0s]
  [M1] k=1     h=0.5  eps=0.01  h*gamma=     7.1  max|closed-quad| over a in (0,5,M,M+5): 1.1e-41  T[0,M+5] closed 0.1146880525 quad 0.1146880525 |diff| 1.4e-42  [0.1s]
  [M1] k=1     h=3    eps=0     h*gamma=    42.4  max|closed-quad| over a in (0,5,M,M+5): 5.3e-41  T[0,M+5] closed 0.1159217089 quad 0.1159217089 |diff| 9.2e-41  [0.1s]
  [M1] k=1     h=3    eps=0.01  h*gamma=    42.4  max|closed-quad| over a in (0,5,M,M+5): 8.4e-41  T[0,M+5] closed 0.1159906172 quad 0.1159906172 |diff| 9.2e-41  [0.2s]
  [M1] k=30    h=0.5  eps=0     h*gamma=    50.7  max|closed-quad| over a in (0,5,M,M+5): 3.4e-41  T[0,M+5] closed -0.009794853703 quad -0.009794853703 |diff| 3.9e-42  [0.2s]
  [M1] k=30    h=0.5  eps=0.01  h*gamma=    50.7  max|closed-quad| over a in (0,5,M,M+5): 5.7e-41  T[0,M+5] closed -0.00979501617 quad -0.00979501617 |diff| 3.0e-42  [0.3s]
  [M1] k=30    h=3    eps=0     h*gamma=   304.0  max|closed-quad| over a in (0,5,M,M+5): 1.4e-40  T[0,M+5] closed -0.0005489898945 quad -0.0005489898945 |diff| 1.6e-40  [0.9s]
  [M1] k=30    h=3    eps=0.01  h*gamma=   304.0  max|closed-quad| over a in (0,5,M,M+5): 1.2e-40  T[0,M+5] closed -0.0005493429838 quad -0.0005493429838 |diff| 1.6e-40  [1.6s]
  [M1] k=1000  h=0.5  eps=0     h*gamma=   709.7  max|closed-quad| over a in (0,5,M,M+5): 5.7e-41  T[0,M+5] closed -0.0009852113182 quad -0.0009852113182 |diff| 7.5e-42  [2.1s]
  [M1] k=1000  h=0.5  eps=0.01  h*gamma=   709.7  max|closed-quad| over a in (0,5,M,M+5): 2.3e-41  T[0,M+5] closed -0.0009852277369 quad -0.0009852277369 |diff| 7.5e-42  [3.6s]
  [M1] k=1000  h=3    eps=0     h*gamma=  4258.3  max|closed-quad| over a in (0,5,M,M+5): 3.7e-40  T[0,M+5] closed 0.001108652214 quad 0.001108652214 |diff| 1.5e-40  [12.9s]
  [M1] k=1000  h=3    eps=0.01  h*gamma=  4258.3  max|closed-quad| over a in (0,5,M,M+5): 4.2e-40  T[0,M+5] closed 0.001109317614 quad 0.001109317614 |diff| 1.5e-40  [22.0s]
  [M2] k=1     h=0.5  2*gamma*h=    14.1  max|S - quad| 1.1e-41  S eig min 1.22e-32 max 1.00e+00 cond 8.2e+31
  [M2] k=30    h=0.5  2*gamma*h=   101.3  max|S - quad| 3.4e-41  S eig min 5.07e-02 max 9.49e-01 cond 1.9e+01
  [M2] k=1000  h=0.15 2*gamma*h=   425.8  max|S - quad| 9.9e-41  S eig min 3.47e-01 max 6.53e-01 cond 1.9e+00
  [M3] k=1     h=0.75 |Z_all - rank1 - Z_without| max 3.8e-31 (entries up to 8.81e-01; |Ghat(gamma_k)| row max 0.633)
  [M3] k=30    h=1.5  |Z_all - rank1 - Z_without| max 7.9e-31 (entries up to 1.70e+00; |Ghat(gamma_k)| row max 0.868)
  [M3] k=1000  h=0.5  |Z_all - rank1 - Z_without| max 7.4e-32 (entries up to 2.84e+00; |Ghat(gamma_k)| row max 0.500)
  [M4] k=1     L=0.300   gamma*h=      2.1  S eig min -4.02e-41 max 1.00e+00 cond -2.5e+40  kept 24/32 at S-cut 1e-24
  [M4] k=1     L=2.037   gamma*h=     14.4  S eig min 4.93e-14 max 1.00e+00 cond 2.0e+13  kept 32/32 at S-cut 1e-24
  [M4] k=1     L=12.060  gamma*h=     85.2  S eig min 1.60e-01 max 8.40e-01 cond 5.2e+00  kept 32/32 at S-cut 1e-24
  [M4] k=1000  L=0.300   gamma*h=    212.9  S eig min 3.47e-01 max 6.53e-01 cond 1.9e+00  kept 32/32 at S-cut 1e-24
  [M4] k=1000  L=2.037   gamma*h=   1445.5  S eig min 4.77e-01 max 5.23e-01 cond 1.1e+00  kept 32/32 at S-cut 1e-24
  [M4] k=1000  L=12.060  gamma*h=   8558.9  S eig min 4.96e-01 max 5.04e-01 cond 1.0e+00  kept 32/32 at S-cut 1e-24
  [M5] k=1     h=0.75 |T_0(w=1/2) - 2Re[v v^H](gamma_k^file)| max 9.1e-11 rel 1.1e-10 (mp gamma_k vs file gamma_k, double-precision row)
  [M5] k=1000  h=0.5  |T_0(w=1/2) - 2Re[v v^H](gamma_k^file)| max 6.2e-13 rel 1.2e-12 (mp gamma_k vs file gamma_k, double-precision row)
  unit tests: 52.3s

===== ladders: lam_min(Q_{eps,k}; L) on the modulated family =====
  '-' entries beyond the floor are detections; floor/kept = floor at that L and S-directions kept out of 2M
  k=1|eps=0|M=16|w=1/2         L_c=None  no sign change beyond the floor up to L = 12.060 (there: lam_min +5.98e-29, floor 1.8e-29, Z'(G*) 6.0e-29, |A|^2 9.5e-59, |B|^2 0.0e+00, ||c|| 1.4e+00, kept 32/32); min lam on grid +5.98e-29 at L = 12.060   [30.8s]
      grid lam: +2.2e-01 +1.5e-01 +1.0e-01 +5.7e-02 +2.6e-02 +8.3e-03 +1.6e-03 +2.7e-04 +1.8e-05 +4.7e-07 +3.6e-09 +3.9e-12 +7.0e-16 +9.4e-19 +9.6e-19 +2.3e-19 +1.4e-19 +3.0e-21 +1.2e-23 +1.4e-22 +1.7e-23 +5.3e-23 +4.6e-25 +8.4e-26 +1.2e-26 +3.5e-27 +3.1e-28 +6.0e-29
      floor/kept: 8e-10/24 1e-10/24 2e-07/25 1e-08/25 8e-10/26 3e-11/26 2e-09/27 1e-10/28 1e-09/29 2e-13/29 8e-16/30 3e-17/32 3e-22/32 9e-24/32 6e-24/32 2e-24/32 2e-24/32 3e-25/32 2e-26/32 5e-26/32 2e-26/32 3e-26/32 2e-27/32 9e-28/32 3e-28/32 2e-28/32 5e-29/32 2e-29/32
  k=1|eps=0.001|M=16|w=1/2     L_c=1.2835 X_c=3.609 [1.2618,1.2835] lam(1.5Lc)=-2.58e-07 lam(2Lc)=-8.34e-07 pos-above=0/17 h_c g_k=9.1   [18.3s]
      grid lam: +2.2e-01 +1.5e-01 +1.0e-01 +5.7e-02 +2.6e-02 +8.3e-03 +1.6e-03 +2.7e-04 +1.8e-05 +4.7e-07 +3.4e-09 -9.8e-11 -9.7e-09 -2.3e-07 -3.7e-07 -5.0e-07 -1.1e-06 -1.4e-06 -2.1e-06 -3.8e-06 -5.6e-06 -9.0e-06 -1.5e-05 -2.3e-05 -3.5e-05 -5.5e-05 -8.4e-05 -1.3e-04
      floor/kept: 8e-10/24 1e-10/24 2e-07/25 1e-08/25 8e-10/26 3e-11/26 2e-09/27 1e-10/28 1e-09/29 2e-13/29 8e-16/30 2e-18/32 3e-13/32 4e-14/32 9e-18/32 2e-18/32 5e-19/32 4e-19/32 5e-19/32 1e-18/32 3e-18/32 3e-18/32 2e-18/32 8e-19/32 4e-18/32 2e-18/32 2e-18/32 2e-18/32
      at L_c: |A|^2=9.440e-18 |B|^2=5.972e-11 Z'=8.079e-11 tail=4.5e-14 E(|t-g_k|<gap)=0.0221 E(|t-g_k|<1)=0.0000 E(|t|<g_1)=1.000e+00 ||c||=3.59e+04 kept=31/32  -> |B|^2 alone (|A|^2 term negligible against Z')
  k=1|eps=0.001|M=16|w=1       L_c=1.2618 X_c=3.532 [1.2404,1.2618] lam(1.5Lc)=-5.28e-07 lam(2Lc)=-1.63e-06 pos-above=0/17 h_c g_k=8.9   [17.1s]
      grid lam: +3.6e-01 +2.5e-01 +1.5e-01 +8.0e-02 +3.2e-02 +9.1e-03 +1.6e-03 +2.7e-04 +1.8e-05 +4.7e-07 +3.3e-09 -8.3e-10 -5.4e-08 -5.1e-07 -7.5e-07 -1.0e-06 -2.2e-06 -2.8e-06 -4.2e-06 -7.7e-06 -1.2e-05 -1.9e-05 -2.9e-05 -4.5e-05 -7.2e-05 -1.1e-04 -1.7e-04 -2.6e-04
      floor/kept: 1e-09/24 2e-10/24 3e-07/25 2e-08/25 1e-09/26 4e-11/26 2e-09/27 1e-10/28 1e-09/29 2e-13/29 8e-16/30 3e-13/32 5e-13/32 4e-14/32 1e-17/32 5e-18/32 6e-19/32 2e-18/32 8e-19/32 2e-18/32 5e-18/32 4e-18/32 2e-18/32 1e-18/32 5e-18/32 3e-18/32 3e-18/32 2e-18/32
      at L_c: |A|^2=1.024e-17 |B|^2=6.347e-11 Z'=1.841e-10 tail=8.7e-14 E(|t-g_k|<gap)=0.0225 E(|t-g_k|<1)=0.0000 E(|t|<g_1)=1.000e+00 ||c||=9.12e+03 kept=31/32  -> |B|^2 alone (|A|^2 term negligible against Z')
  k=1|eps=0.01|M=16|w=1/2      L_c=1.1387 X_c=3.123 [1.1194,1.1387] lam(1.5Lc)=-2.77e-05 lam(2Lc)=-6.03e-05 pos-above=0/18 h_c g_k=8.0   [18.3s]
      grid lam: +2.2e-01 +1.5e-01 +1.0e-01 +5.7e-02 +2.6e-02 +8.3e-03 +1.6e-03 +2.7e-04 +1.8e-05 +4.4e-07 -1.2e-08 -6.3e-07 -1.0e-05 -2.8e-05 -3.9e-05 -7.2e-05 -1.1e-04 -1.8e-04 -2.9e-04 -4.1e-04 -7.0e-04 -1.1e-03 -1.6e-03 -2.4e-03 -4.0e-03 -6.0e-03 -8.9e-03 -1.4e-02
      floor/kept: 8e-10/24 1e-10/24 2e-07/25 1e-08/25 8e-10/26 3e-11/26 2e-09/27 1e-10/28 1e-09/29 2e-13/29 8e-16/30 7e-12/32 3e-12/32 7e-14/32 2e-16/32 1e-16/32 5e-18/32 1e-17/32 1e-17/32 9e-18/32 9e-18/32 1e-17/32 3e-17/32 3e-17/32 4e-17/32 2e-17/32 4e-17/32 3e-17/32
      at L_c: |A|^2=1.377e-13 |B|^2=9.022e-09 Z'=1.469e-08 tail=7.7e-12 E(|t-g_k|<gap)=0.0251 E(|t-g_k|<1)=0.0000 E(|t|<g_1)=9.999e-01 ||c||=1.69e+03 kept=30/32  -> |B|^2 alone (|A|^2 term negligible against Z')
  k=1|eps=0.01|M=16|w=1        L_c=1.1194 X_c=3.063 [1.1004,1.1194] lam(1.5Lc)=-5.41e-05 lam(2Lc)=-1.28e-04 pos-above=0/18 h_c g_k=7.9   [15.5s]
      grid lam: +3.6e-01 +2.5e-01 +1.5e-01 +8.0e-02 +3.2e-02 +9.1e-03 +1.6e-03 +2.7e-04 +1.8e-05 +4.2e-07 -2.9e-08 -1.9e-06 -2.6e-05 -5.9e-05 -7.9e-05 -1.6e-04 -2.3e-04 -3.7e-04 -5.8e-04 -8.5e-04 -1.4e-03 -2.1e-03 -3.3e-03 -4.9e-03 -8.2e-03 -1.2e-02 -1.8e-02 -2.8e-02
      floor/kept: 1e-09/24 2e-10/24 3e-07/25 2e-08/25 1e-09/26 4e-11/26 2e-09/27 1e-10/28 1e-09/29 2e-13/29 9e-16/30 8e-12/32 3e-12/32 1e-13/32 5e-16/32 1e-16/32 3e-17/32 1e-17/32 1e-17/32 4e-17/32 1e-17/32 4e-17/32 4e-17/32 5e-17/32 4e-17/32 2e-17/32 5e-17/32 5e-17/32
      at L_c: |A|^2=1.350e-13 |B|^2=9.625e-09 Z'=2.864e-08 tail=1.2e-11 E(|t-g_k|<gap)=0.0256 E(|t-g_k|<1)=0.0000 E(|t|<g_1)=9.999e-01 ||c||=5.83e+03 kept=30/32  -> |B|^2 alone (|A|^2 term negligible against Z')
  k=1|eps=0.1|M=16|w=1/2       L_c=0.9597 X_c=2.611 [0.9435,0.9597] lam(1.5Lc)=-1.31e-03 lam(2Lc)=-4.37e-03 pos-above=0/19 h_c g_k=6.8   [18.2s]
      grid lam: +2.2e-01 +1.5e-01 +1.0e-01 +5.7e-02 +2.6e-02 +8.3e-03 +1.5e-03 +2.6e-04 +1.3e-05 -2.3e-06 -2.6e-05 -5.7e-04 -2.4e-03 -3.3e-03 -5.9e-03 -8.8e-03 -1.5e-02 -2.1e-02 -3.3e-02 -5.2e-02 -7.7e-02 -1.2e-01 -1.8e-01 -2.8e-01 -4.3e-01 -6.5e-01 -1.0e+00 -1.6e+00
      floor/kept: 8e-10/24 1e-10/24 2e-07/25 1e-08/25 8e-10/26 3e-11/26 2e-09/27 1e-10/28 1e-09/29 3e-13/29 4e-12/30 1e-08/32 2e-09/32 1e-12/32 1e-13/32 8e-14/32 2e-16/32 2e-15/32 1e-16/32 1e-16/32 2e-16/32 2e-16/32 3e-16/32 3e-16/32 1e-16/32 2e-16/32 4e-16/32 4e-16/32
      at L_c: |A|^2=2.140e-09 |B|^2=1.757e-06 Z'=2.948e-06 tail=1.1e-09 E(|t-g_k|<gap)=0.0306 E(|t-g_k|<1)=0.0000 E(|t|<g_1)=9.998e-01 ||c||=5.65e+06 kept=29/32  -> |B|^2 alone (|A|^2 term negligible against Z')
  k=1|eps=0.1|M=16|w=1         L_c=0.9275 X_c=2.528 [0.9117,0.9275] lam(1.5Lc)=-1.70e-03 lam(2Lc)=-8.42e-03 pos-above=0/19 h_c g_k=6.6   [16.2s]
      grid lam: +3.6e-01 +2.5e-01 +1.5e-01 +8.0e-02 +3.2e-02 +9.1e-03 +1.6e-03 +2.5e-04 +8.8e-06 -5.3e-06 -2.1e-04 -1.2e-03 -5.2e-03 -7.0e-03 -1.2e-02 -1.9e-02 -3.0e-02 -4.4e-02 -6.8e-02 -1.0e-01 -1.6e-01 -2.5e-01 -3.7e-01 -5.7e-01 -8.7e-01 -1.3e+00 -2.1e+00 -3.1e+00
      floor/kept: 1e-09/24 2e-10/24 3e-07/25 2e-08/25 1e-09/26 4e-11/26 2e-09/27 1e-10/28 1e-09/29 1e-12/29 2e-12/30 1e-08/32 2e-09/32 5e-12/32 1e-12/32 1e-13/32 2e-16/32 2e-15/32 2e-16/32 1e-16/32 3e-16/32 3e-16/32 3e-16/32 4e-16/32 2e-16/32 5e-16/32 4e-16/32 5e-16/32
      at L_c: |A|^2=2.583e-09 |B|^2=2.014e-06 Z'=7.597e-06 tail=3.0e-09 E(|t-g_k|<gap)=0.0319 E(|t-g_k|<1)=0.0000 E(|t|<g_1)=9.998e-01 ||c||=6.67e+06 kept=29/32  -> |B|^2 alone (|A|^2 term negligible against Z')
  k=2|eps=0|M=16|w=1/2         L_c=None  no sign change beyond the floor up to L = 12.060 (there: lam_min +2.08e-24, floor 5.0e-27, Z'(G*) 2.1e-24, |A|^2 7.2e-50, |B|^2 0.0e+00, ||c|| 1.4e+00, kept 32/32); min lam on grid +2.08e-24 at L = 12.060   [31.6s]
      grid lam: +2.2e-01 +1.5e-01 +1.0e-01 +5.7e-02 +2.6e-02 +8.3e-03 +1.6e-03 +2.7e-04 +1.8e-05 +4.7e-07 +3.6e-09 +3.9e-12 +4.1e-13 +8.4e-13 +6.2e-14 +3.2e-14 +4.7e-15 +4.8e-16 +2.5e-17 +1.0e-17 +1.3e-18 +1.7e-19 +5.8e-20 +2.0e-21 +5.8e-23 +1.9e-22 +5.5e-24 +2.1e-24
      floor/kept: 6e-08/25 5e-09/26 3e-10/26 7e-08/27 2e-09/28 5e-11/28 7e-10/29 2e-11/30 9e-12/31 1e-14/32 6e-18/32 3e-20/32 7e-21/32 8e-21/32 2e-21/32 1e-21/32 4e-22/32 1e-22/32 3e-23/32 2e-23/32 6e-24/32 2e-24/32 1e-24/32 2e-25/32 4e-26/32 6e-26/32 9e-27/32 5e-27/32
  k=2|eps=0.001|M=16|w=1/2     L_c=1.4971 X_c=4.469 [1.4717,1.4971] lam(1.5Lc)=-1.72e-07 lam(2Lc)=-1.35e-06 pos-above=0/16 h_c g_k=15.7   [19.0s]
      grid lam: +2.2e-01 +1.5e-01 +1.0e-01 +5.7e-02 +2.6e-02 +8.3e-03 +1.6e-03 +2.7e-04 +1.8e-05 +4.7e-07 +3.6e-09 +3.6e-12 -3.6e-12 -4.1e-09 -1.3e-07 -2.7e-07 -9.1e-07 -1.5e-06 -1.9e-06 -3.5e-06 -5.8e-06 -8.8e-06 -1.4e-05 -2.0e-05 -3.1e-05 -5.1e-05 -7.3e-05 -1.2e-04
      floor/kept: 6e-08/25 5e-09/26 3e-10/26 7e-08/27 2e-09/28 5e-11/28 7e-10/29 2e-11/30 9e-12/31 1e-14/32 6e-18/32 3e-20/32 8e-21/32 2e-19/32 5e-19/32 9e-19/32 7e-19/32 7e-19/32 1e-18/32 1e-18/32 2e-18/32 4e-18/32 2e-18/32 4e-18/32 8e-18/32 7e-18/32 5e-18/32 7e-18/32
      at L_c: |A|^2=6.703e-19 |B|^2=2.570e-12 Z'=4.329e-12 tail=2.0e-15 E(|t-g_k|<gap)=0.0001 E(|t-g_k|<1)=0.0000 E(|t|<g_1)=9.996e-01 ||c||=2.19e+00 kept=32/32  -> |B|^2 alone (|A|^2 term negligible against Z')
  k=2|eps=0.001|M=16|w=1       L_c=1.4971 X_c=4.469 [1.4717,1.4971] lam(1.5Lc)=-4.76e-07 lam(2Lc)=-2.84e-06 pos-above=0/16 h_c g_k=15.7   [14.9s]
      grid lam: +2.3e-01 +1.6e-01 +1.0e-01 +6.1e-02 +3.1e-02 +1.0e-02 +1.9e-03 +2.9e-04 +1.8e-05 +4.7e-07 +3.6e-09 +3.4e-12 -2.6e-11 -8.9e-09 -3.2e-07 -7.0e-07 -1.8e-06 -3.1e-06 -4.0e-06 -6.9e-06 -1.2e-05 -1.8e-05 -2.9e-05 -4.2e-05 -6.4e-05 -1.1e-04 -1.5e-04 -2.5e-04
      floor/kept: 7e-08/25 5e-09/26 3e-10/26 7e-08/27 2e-09/28 6e-11/28 9e-10/29 3e-11/30 9e-12/31 1e-14/32 6e-18/32 3e-20/32 2e-19/32 2e-19/32 2e-18/32 4e-18/32 9e-19/32 7e-19/32 2e-18/32 1e-18/32 2e-18/32 5e-18/32 2e-18/32 8e-18/32 1e-17/32 8e-18/32 8e-18/32 8e-18/32
      at L_c: |A|^2=5.542e-19 |B|^2=2.595e-12 Z'=4.405e-12 tail=1.7e-15 E(|t-g_k|<gap)=0.0001 E(|t-g_k|<1)=0.0000 E(|t|<g_1)=9.996e-01 ||c||=2.19e+00 kept=32/32  -> |B|^2 alone (|A|^2 term negligible against Z')
  k=2|eps=0.01|M=16|w=1/2      L_c=1.3057 X_c=3.690 [1.2835,1.3057] lam(1.5Lc)=-2.43e-05 lam(2Lc)=-9.54e-05 pos-above=0/17 h_c g_k=13.7   [19.1s]
      grid lam: +2.2e-01 +1.5e-01 +1.0e-01 +5.7e-02 +2.6e-02 +8.3e-03 +1.6e-03 +2.7e-04 +1.8e-05 +4.7e-07 +3.5e-09 -2.4e-11 -8.0e-08 -6.8e-06 -3.2e-05 -6.3e-05 -1.1e-04 -1.6e-04 -2.4e-04 -4.3e-04 -6.6e-04 -1.1e-03 -1.6e-03 -2.5e-03 -3.8e-03 -5.7e-03 -9.2e-03 -1.3e-02
      floor/kept: 6e-08/25 5e-09/26 3e-10/26 7e-08/27 2e-09/28 5e-11/28 7e-10/29 2e-11/30 9e-12/31 1e-14/32 6e-18/32 4e-20/32 4e-18/32 2e-17/32 3e-17/32 2e-17/32 2e-17/32 2e-17/32 1e-17/32 2e-17/32 2e-17/32 3e-17/32 4e-17/32 4e-17/32 4e-17/32 4e-17/32 6e-17/32 6e-17/32
      at L_c: |A|^2=4.902e-16 |B|^2=1.807e-11 Z'=3.221e-11 tail=1.9e-14 E(|t-g_k|<gap)=0.0000 E(|t-g_k|<1)=0.0000 E(|t|<g_1)=1.000e+00 ||c||=3.08e+00 kept=32/32  -> |B|^2 alone (|A|^2 term negligible against Z')
  k=2|eps=0.01|M=16|w=1        L_c=1.2835 X_c=3.609 [1.2618,1.2835] lam(1.5Lc)=-4.16e-05 lam(2Lc)=-1.90e-04 pos-above=0/17 h_c g_k=13.5   [16.3s]
      grid lam: +2.3e-01 +1.6e-01 +1.0e-01 +6.1e-02 +3.1e-02 +1.0e-02 +1.9e-03 +2.9e-04 +1.8e-05 +4.7e-07 +3.4e-09 -5.5e-11 -2.0e-07 -1.7e-05 -7.5e-05 -1.3e-04 -2.3e-04 -3.3e-04 -4.9e-04 -8.8e-04 -1.3e-03 -2.2e-03 -3.3e-03 -5.1e-03 -7.8e-03 -1.2e-02 -1.9e-02 -2.7e-02
      floor/kept: 7e-08/25 5e-09/26 3e-10/26 7e-08/27 2e-09/28 6e-11/28 9e-10/29 3e-11/30 9e-12/31 1e-14/32 6e-18/32 5e-20/32 4e-18/32 1e-17/32 3e-17/32 2e-17/32 2e-17/32 3e-17/32 2e-17/32 3e-17/32 3e-17/32 4e-17/32 5e-17/32 5e-17/32 6e-17/32 5e-17/32 6e-17/32 8e-17/32
      at L_c: |A|^2=5.778e-16 |B|^2=2.104e-11 Z'=8.151e-11 tail=3.9e-14 E(|t-g_k|<gap)=0.0000 E(|t-g_k|<1)=0.0000 E(|t|<g_1)=1.000e+00 ||c||=3.26e+00 kept=32/32  -> |B|^2 alone (|A|^2 term negligible against Z')
  k=2|eps=0.1|M=16|w=1/2       L_c=1.1584 X_c=3.185 [1.1387,1.1584] lam(1.5Lc)=-1.46e-03 lam(2Lc)=-8.33e-03 pos-above=0/18 h_c g_k=12.2   [19.3s]
      grid lam: +2.2e-01 +1.5e-01 +1.0e-01 +5.7e-02 +2.6e-02 +8.3e-03 +1.6e-03 +2.6e-04 +1.8e-05 +4.4e-07 -5.3e-09 -1.7e-06 -1.4e-04 -2.0e-03 -4.5e-03 -8.3e-03 -1.3e-02 -2.0e-02 -3.0e-02 -5.2e-02 -7.6e-02 -1.2e-01 -1.8e-01 -2.8e-01 -4.2e-01 -6.4e-01 -1.0e+00 -1.6e+00
      floor/kept: 6e-08/25 5e-09/26 3e-10/26 7e-08/27 2e-09/28 5e-11/28 7e-10/29 2e-11/30 9e-12/31 1e-14/32 3e-18/32 9e-17/32 1e-14/32 1e-16/32 4e-17/32 2e-16/32 1e-16/32 9e-17/32 1e-16/32 2e-16/32 2e-16/32 2e-16/32 3e-16/32 5e-16/32 5e-16/32 5e-16/32 4e-16/32 5e-16/32
      at L_c: |A|^2=1.078e-11 |B|^2=5.244e-09 Z'=7.619e-09 tail=2.8e-12 E(|t-g_k|<gap)=0.0000 E(|t-g_k|<1)=0.0000 E(|t|<g_1)=9.999e-01 ||c||=9.13e+01 kept=32/32  -> |B|^2 alone (|A|^2 term negligible against Z')
  k=2|eps=0.1|M=16|w=1         L_c=1.1387 X_c=3.123 [1.1194,1.1387] lam(1.5Lc)=-2.59e-03 lam(2Lc)=-1.72e-02 pos-above=0/18 h_c g_k=12.0   [17.2s]
      grid lam: +2.3e-01 +1.6e-01 +1.0e-01 +6.1e-02 +3.1e-02 +1.0e-02 +1.9e-03 +2.9e-04 +1.8e-05 +4.0e-07 -1.5e-08 -4.4e-06 -7.7e-04 -4.2e-03 -9.1e-03 -1.7e-02 -2.7e-02 -4.0e-02 -6.1e-02 -1.0e-01 -1.5e-01 -2.4e-01 -3.6e-01 -5.7e-01 -8.6e-01 -1.3e+00 -2.0e+00 -3.1e+00
      floor/kept: 7e-08/25 5e-09/26 3e-10/26 7e-08/27 2e-09/28 6e-11/28 9e-10/29 3e-11/30 9e-12/31 1e-14/32 2e-18/32 9e-17/32 1e-14/32 2e-16/32 6e-17/32 3e-16/32 1e-16/32 1e-16/32 2e-16/32 2e-16/32 3e-16/32 4e-16/32 5e-16/32 6e-16/32 7e-16/32 7e-16/32 6e-16/32 6e-16/32
      at L_c: |A|^2=1.178e-11 |B|^2=6.308e-09 Z'=1.578e-08 tail=5.6e-12 E(|t-g_k|<gap)=0.0000 E(|t-g_k|<1)=0.0000 E(|t|<g_1)=9.999e-01 ||c||=3.57e+01 kept=32/32  -> |B|^2 alone (|A|^2 term negligible against Z')
  k=5|eps=0|M=16|w=1/2         L_c=None  no sign change beyond the floor up to L = 12.060 (there: lam_min +3.38e-18, floor 1.1e-23, Z'(G*) 3.4e-18, |A|^2 1.3e-38, |B|^2 0.0e+00, ||c|| 1.4e+00, kept 32/32); min lam on grid +3.15e-19 at L = 10.518   [32.6s]
      grid lam: +2.2e-01 +1.5e-01 +1.0e-01 +5.7e-02 +2.6e-02 +8.3e-03 +1.6e-03 +2.7e-04 +1.8e-05 +4.7e-07 +1.3e-06 +3.2e-06 +6.8e-06 +1.8e-06 +2.8e-06 +9.1e-08 +2.9e-08 +1.2e-09 +2.6e-10 +7.4e-11 +7.1e-13 +1.3e-13 +3.0e-14 +8.0e-16 +2.7e-17 +8.8e-18 +3.1e-19 +3.4e-18
      floor/kept: 8e-08/27 4e-09/28 4e-07/29 8e-09/30 2e-07/31 2e-09/32 9e-12/32 1e-13/32 2e-16/32 3e-17/32 4e-17/32 6e-17/32 4e-17/32 1e-17/32 2e-17/32 2e-18/32 1e-18/32 2e-19/32 1e-19/32 6e-20/32 5e-21/32 2e-21/32 1e-21/32 2e-22/32 3e-23/32 2e-23/32 3e-24/32 1e-23/32
  k=5|eps=0.001|M=16|w=1/2     L_c=2.5438 X_c=12.728 [2.5007,2.5438] lam(1.5Lc)=-2.63e-06 lam(2Lc)=-5.88e-06 pos-above=0/12 h_c g_k=41.9   [19.7s]
      grid lam: +2.2e-01 +1.5e-01 +1.0e-01 +5.7e-02 +2.6e-02 +8.3e-03 +1.6e-03 +2.7e-04 +1.8e-05 +4.7e-07 +1.3e-06 +3.2e-06 +6.8e-06 +1.8e-06 +2.8e-06 +4.4e-08 -1.3e-07 -6.6e-07 -1.5e-06 -2.7e-06 -4.6e-06 -6.9e-06 -1.1e-05 -1.8e-05 -2.8e-05 -4.4e-05 -6.8e-05 -1.0e-04
      floor/kept: 8e-08/27 4e-09/28 4e-07/29 8e-09/30 2e-07/31 2e-09/32 9e-12/32 1e-13/32 2e-16/32 3e-17/32 4e-17/32 6e-17/32 4e-17/32 1e-17/32 2e-17/32 2e-18/32 1e-18/32 3e-18/32 2e-18/32 2e-18/32 2e-18/32 2e-18/32 5e-18/32 7e-18/32 1e-17/32 3e-18/32 7e-18/32 1e-17/32
      at L_c: |A|^2=4.134e-16 |B|^2=4.265e-08 Z'=4.571e-08 tail=4.7e-14 E(|t-g_k|<gap)=0.0213 E(|t-g_k|<1)=0.0037 E(|t|<g_1)=1.467e-03 ||c||=1.42e+00 kept=32/32  -> |B|^2 alone (|A|^2 term negligible against Z')
  k=5|eps=0.001|M=16|w=1       L_c=2.3353 X_c=10.333 [2.2958,2.3353] lam(1.5Lc)=-2.95e-06 lam(2Lc)=-9.82e-06 pos-above=0/12 h_c g_k=38.5   [19.2s]
      grid lam: +2.2e-01 +1.6e-01 +1.0e-01 +5.8e-02 +2.8e-02 +8.5e-03 +1.6e-03 +2.7e-04 +1.8e-05 +5.6e-07 +1.4e-06 +3.2e-06 +6.8e-06 +1.8e-06 +2.8e-06 -4.1e-09 -2.9e-07 -1.5e-06 -3.1e-06 -5.4e-06 -9.4e-06 -1.4e-05 -2.4e-05 -3.7e-05 -6.1e-05 -8.9e-05 -1.4e-04 -2.1e-04
      floor/kept: 8e-08/27 4e-09/28 4e-07/29 8e-09/30 2e-07/31 2e-09/32 9e-12/32 1e-13/32 2e-16/32 3e-17/32 4e-17/32 6e-17/32 4e-17/32 1e-17/32 2e-17/32 2e-18/32 1e-18/32 4e-18/32 3e-18/32 2e-18/32 3e-18/32 5e-18/32 6e-18/32 8e-18/32 2e-17/32 6e-18/32 1e-17/32 2e-17/32
      at L_c: |A|^2=7.801e-17 |B|^2=2.398e-08 Z'=9.171e-08 tail=1.2e-10 E(|t-g_k|<gap)=0.0126 E(|t-g_k|<1)=0.0021 E(|t|<g_1)=1.078e-02 ||c||=1.42e+00 kept=32/32  -> |B|^2 alone (|A|^2 term negligible against Z')
  k=5|eps=0.01|M=16|w=1/2      L_c=2.0719 X_c=7.940 [2.0367,2.0719] lam(1.5Lc)=-1.30e-04 lam(2Lc)=-3.96e-04 pos-above=0/13 h_c g_k=34.1   [19.2s]
      grid lam: +2.2e-01 +1.5e-01 +1.0e-01 +5.7e-02 +2.6e-02 +8.3e-03 +1.6e-03 +2.7e-04 +1.8e-05 +4.7e-07 +1.3e-06 +3.2e-06 +6.8e-06 +1.8e-06 +5.7e-07 -1.2e-05 -6.2e-05 -1.3e-04 -1.9e-04 -3.0e-04 -5.4e-04 -8.1e-04 -1.3e-03 -2.1e-03 -3.7e-03 -5.2e-03 -8.1e-03 -1.3e-02
      floor/kept: 8e-08/27 4e-09/28 4e-07/29 8e-09/30 2e-07/31 2e-09/32 9e-12/32 1e-13/32 2e-16/32 3e-17/32 4e-17/32 6e-17/32 4e-17/32 1e-17/32 2e-17/32 2e-17/32 1e-17/32 2e-17/32 1e-17/32 3e-17/32 4e-17/32 4e-17/32 4e-17/32 6e-17/32 3e-17/32 1e-16/32 9e-17/32 1e-16/32
      at L_c: |A|^2=2.032e-12 |B|^2=3.149e-06 Z'=4.971e-06 tail=1.4e-09 E(|t-g_k|<gap)=0.0184 E(|t-g_k|<1)=0.0028 E(|t|<g_1)=3.533e-02 ||c||=1.46e+00 kept=32/32  -> |B|^2 alone (|A|^2 term negligible against Z')
  k=5|eps=0.01|M=16|w=1        L_c=2.0022 X_c=7.405 [1.9683,2.0022] lam(1.5Lc)=-2.36e-04 lam(2Lc)=-6.30e-04 pos-above=0/14 h_c g_k=33.0   [19.2s]
      grid lam: +2.2e-01 +1.6e-01 +1.0e-01 +5.8e-02 +2.8e-02 +8.5e-03 +1.6e-03 +2.7e-04 +1.8e-05 +5.6e-07 +1.4e-06 +3.2e-06 +6.8e-06 +1.7e-06 -1.7e-06 -3.2e-05 -1.3e-04 -2.7e-04 -3.9e-04 -6.4e-04 -1.1e-03 -1.7e-03 -2.6e-03 -4.3e-03 -7.3e-03 -1.1e-02 -1.6e-02 -2.6e-02
      floor/kept: 8e-08/27 4e-09/28 4e-07/29 8e-09/30 2e-07/31 2e-09/32 9e-12/32 1e-13/32 2e-16/32 3e-17/32 4e-17/32 6e-17/32 4e-17/32 1e-17/32 2e-17/32 2e-17/32 1e-17/32 2e-17/32 4e-17/32 5e-17/32 6e-17/32 6e-17/32 7e-17/32 9e-17/32 4e-17/32 1e-16/32 1e-16/32 2e-16/32
      at L_c: |A|^2=2.625e-13 |B|^2=1.432e-06 Z'=5.542e-06 tail=2.9e-09 E(|t-g_k|<gap)=0.0082 E(|t-g_k|<1)=0.0013 E(|t|<g_1)=3.466e-01 ||c||=1.68e+00 kept=32/32  -> |B|^2 alone (|A|^2 term negligible against Z')
  k=5|eps=0.1|M=16|w=1/2       L_c=1.7763 X_c=5.908 [1.7462,1.7763] lam(1.5Lc)=-6.77e-03 lam(2Lc)=-3.40e-02 pos-above=0/14 h_c g_k=29.3   [20.0s]
      grid lam: +2.2e-01 +1.5e-01 +1.0e-01 +5.7e-02 +2.6e-02 +8.3e-03 +1.6e-03 +2.7e-04 +1.8e-05 +4.7e-07 +1.3e-06 +3.2e-06 +6.5e-06 -2.4e-06 -7.4e-04 -3.5e-03 -6.9e-03 -1.6e-02 -3.1e-02 -4.6e-02 -6.8e-02 -1.1e-01 -1.8e-01 -2.6e-01 -4.0e-01 -6.5e-01 -9.8e-01 -1.5e+00
      floor/kept: 8e-08/27 4e-09/28 4e-07/29 8e-09/30 2e-07/31 2e-09/32 9e-12/32 1e-13/32 2e-16/32 3e-17/32 4e-17/32 6e-17/32 4e-17/32 1e-17/32 6e-17/32 1e-16/32 1e-16/32 2e-16/32 4e-16/32 3e-16/32 4e-16/32 4e-16/32 5e-16/32 5e-16/32 7e-16/32 5e-16/32 9e-16/32 1e-15/32
      at L_c: |A|^2=3.840e-11 |B|^2=2.197e-06 Z'=2.000e-06 tail=1.9e-09 E(|t-g_k|<gap)=0.0001 E(|t-g_k|<1)=0.0000 E(|t|<g_1)=2.042e-01 ||c||=1.41e+00 kept=32/32  -> |B|^2 alone (|A|^2 term negligible against Z')
  k=5|eps=0.1|M=16|w=1         L_c=1.7462 X_c=5.733 [1.7166,1.7462] lam(1.5Lc)=-1.34e-02 lam(2Lc)=-6.05e-02 pos-above=0/15 h_c g_k=28.8   [17.3s]
      grid lam: +2.2e-01 +1.6e-01 +1.0e-01 +5.8e-02 +2.8e-02 +8.5e-03 +1.6e-03 +2.7e-04 +1.8e-05 +5.6e-07 +1.4e-06 +3.2e-06 +6.1e-06 -7.0e-06 -2.0e-03 -8.1e-03 -1.4e-02 -3.4e-02 -6.6e-02 -9.3e-02 -1.4e-01 -2.2e-01 -3.7e-01 -5.3e-01 -8.2e-01 -1.3e+00 -2.0e+00 -3.1e+00
      floor/kept: 8e-08/27 4e-09/28 4e-07/29 8e-09/30 2e-07/31 2e-09/32 9e-12/32 1e-13/32 2e-16/32 3e-17/32 4e-17/32 6e-17/32 4e-17/32 1e-17/32 2e-16/32 3e-16/32 2e-16/32 3e-16/32 4e-16/32 3e-16/32 5e-16/32 5e-16/32 6e-16/32 7e-16/32 1e-15/32 7e-16/32 1e-15/32 1e-15/32
      at L_c: |A|^2=2.006e-11 |B|^2=2.925e-06 Z'=7.417e-06 tail=4.6e-09 E(|t-g_k|<gap)=0.0002 E(|t-g_k|<1)=0.0000 E(|t|<g_1)=1.937e-01 ||c||=1.41e+00 kept=32/32  -> |B|^2 alone (|A|^2 term negligible against Z')
  k=10|eps=0|M=16|w=1/2        L_c=None  no sign change beyond the floor up to L = 12.060 (there: lam_min +5.74e-15, floor 5.1e-22, Z'(G*) 5.7e-15, |A|^2 4.9e-32, |B|^2 0.0e+00, ||c|| 1.4e+00, kept 32/32); min lam on grid +5.74e-15 at L = 12.060   [33.0s]
      grid lam: +2.2e-01 +1.5e-01 +1.0e-01 +5.7e-02 +2.6e-02 +8.3e-03 +1.6e-03 +3.1e-04 +4.1e-03 +1.1e-01 +8.4e-02 +3.9e-01 +4.6e-01 +2.2e-01 +1.3e-01 +5.4e-02 +9.6e-04 +2.7e-05 +7.4e-07 +2.8e-08 +1.3e-08 +3.6e-10 +1.0e-09 +8.4e-11 +4.8e-13 +3.9e-13 +7.4e-15 +5.7e-15
      floor/kept: 2e-08/30 9e-07/31 1e-08/32 2e-10/32 3e-12/32 4e-14/32 3e-15/32 3e-15/32 9e-15/32 4e-14/32 1e-14/32 2e-14/32 9e-15/32 6e-15/32 4e-15/32 2e-15/32 2e-16/32 4e-17/32 7e-18/32 1e-18/32 8e-19/32 1e-19/32 2e-19/32 6e-20/32 5e-21/32 5e-21/32 6e-22/32 5e-22/32
  k=10|eps=0.001|M=16|w=1/2    L_c=3.8347 X_c=46.280 [3.7697,3.8347] lam(1.5Lc)=-7.66e-06 lam(2Lc)=-1.85e-05 pos-above=0/9 h_c g_k=95.4   [19.9s]
      grid lam: +2.2e-01 +1.5e-01 +1.0e-01 +5.7e-02 +2.6e-02 +8.3e-03 +1.6e-03 +3.1e-04 +4.1e-03 +1.1e-01 +8.4e-02 +3.9e-01 +4.6e-01 +2.2e-01 +1.3e-01 +5.4e-02 +9.6e-04 +2.6e-05 +2.4e-07 -1.0e-06 -2.1e-06 -4.3e-06 -9.4e-06 -1.5e-05 -2.3e-05 -3.8e-05 -6.6e-05 -9.0e-05
      floor/kept: 2e-08/30 9e-07/31 1e-08/32 2e-10/32 3e-12/32 4e-14/32 3e-15/32 3e-15/32 9e-15/32 4e-14/32 1e-14/32 2e-14/32 9e-15/32 6e-15/32 4e-15/32 2e-15/32 2e-16/32 4e-17/32 7e-18/32 2e-18/32 4e-18/32 8e-18/32 6e-18/32 4e-18/32 1e-17/32 1e-17/32 8e-18/32 2e-17/32
      at L_c: |A|^2=2.872e-14 |B|^2=5.033e-07 Z'=5.021e-07 tail=2.3e-10 E(|t-g_k|<gap)=0.1294 E(|t-g_k|<1)=0.0404 E(|t|<g_1)=5.638e-08 ||c||=1.41e+00 kept=32/32  -> |B|^2 alone (|A|^2 term negligible against Z')
  k=10|eps=0.001|M=16|w=1      L_c=3.5204 X_c=33.800 [3.4608,3.5204] lam(1.5Lc)=-9.71e-06 lam(2Lc)=-3.05e-05 pos-above=0/9 h_c g_k=87.6   [19.4s]
      grid lam: +2.2e-01 +1.6e-01 +1.0e-01 +5.8e-02 +2.6e-02 +8.5e-03 +1.6e-03 +3.1e-04 +4.2e-03 +1.1e-01 +8.4e-02 +3.9e-01 +4.6e-01 +2.2e-01 +1.3e-01 +5.4e-02 +9.6e-04 +2.6e-05 -2.7e-07 -2.2e-06 -4.5e-06 -1.1e-05 -2.0e-05 -3.0e-05 -5.1e-05 -7.7e-05 -1.4e-04 -1.9e-04
      floor/kept: 2e-08/30 9e-07/31 1e-08/32 2e-10/32 3e-12/32 4e-14/32 3e-15/32 3e-15/32 9e-15/32 5e-14/32 1e-14/32 2e-14/32 9e-15/32 6e-15/32 4e-15/32 2e-15/32 2e-16/32 4e-17/32 7e-18/32 2e-18/32 5e-18/32 1e-17/32 7e-18/32 8e-18/32 2e-17/32 1e-17/32 1e-17/32 3e-17/32
      at L_c: |A|^2=1.105e-14 |B|^2=2.555e-07 Z'=7.472e-07 tail=1.0e-09 E(|t-g_k|<gap)=0.0628 E(|t-g_k|<1)=0.0202 E(|t|<g_1)=2.436e-07 ||c||=1.41e+00 kept=32/32  -> |B|^2 alone (|A|^2 term negligible against Z')
  k=10|eps=0.01|M=16|w=1/2     L_c=3.0703 X_c=21.549 [3.0183,3.0703] lam(1.5Lc)=-3.61e-04 lam(2Lc)=-1.31e-03 pos-above=0/10 h_c g_k=76.4   [20.1s]
      grid lam: +2.2e-01 +1.5e-01 +1.0e-01 +5.7e-02 +2.6e-02 +8.3e-03 +1.6e-03 +3.1e-04 +4.1e-03 +1.1e-01 +8.4e-02 +3.9e-01 +4.6e-01 +2.2e-01 +1.3e-01 +5.4e-02 +9.4e-04 -2.4e-05 -6.0e-05 -1.5e-04 -3.7e-04 -8.5e-04 -1.3e-03 -2.0e-03 -3.2e-03 -4.9e-03 -7.5e-03 -1.2e-02
      floor/kept: 2e-08/30 9e-07/31 1e-08/32 2e-10/32 3e-12/32 4e-14/32 3e-15/32 3e-15/32 9e-15/32 4e-14/32 1e-14/32 2e-14/32 9e-15/32 6e-15/32 4e-15/32 2e-15/32 2e-16/32 4e-17/32 2e-17/32 4e-17/32 4e-17/32 3e-17/32 6e-17/32 6e-17/32 6e-17/32 1e-16/32 1e-16/32 1e-16/32
      at L_c: |A|^2=1.922e-10 |B|^2=2.506e-05 Z'=2.660e-05 tail=1.9e-08 E(|t-g_k|<gap)=0.0731 E(|t-g_k|<1)=0.0210 E(|t|<g_1)=9.530e-06 ||c||=1.41e+00 kept=32/32  -> |B|^2 alone (|A|^2 term negligible against Z')
  k=10|eps=0.01|M=16|w=1       L_c=3.0183 X_c=20.456 [2.9671,3.0183] lam(1.5Lc)=-7.11e-04 lam(2Lc)=-2.63e-03 pos-above=0/11 h_c g_k=75.1   [17.4s]
      grid lam: +2.2e-01 +1.6e-01 +1.0e-01 +5.8e-02 +2.6e-02 +8.5e-03 +1.6e-03 +3.1e-04 +4.2e-03 +1.1e-01 +8.4e-02 +3.9e-01 +4.6e-01 +2.2e-01 +1.3e-01 +5.4e-02 +9.2e-04 -7.4e-05 -1.4e-04 -3.5e-04 -7.9e-04 -1.7e-03 -2.7e-03 -4.1e-03 -6.5e-03 -1.0e-02 -1.5e-02 -2.5e-02
      floor/kept: 2e-08/30 9e-07/31 1e-08/32 2e-10/32 3e-12/32 4e-14/32 3e-15/32 3e-15/32 9e-15/32 5e-14/32 1e-14/32 2e-14/32 9e-15/32 6e-15/32 4e-15/32 2e-15/32 2e-16/32 4e-17/32 4e-17/32 8e-17/32 6e-17/32 4e-17/32 8e-17/32 8e-17/32 9e-17/32 2e-16/32 2e-16/32 2e-16/32
      at L_c: |A|^2=2.148e-10 |B|^2=2.450e-05 Z'=6.228e-05 tail=5.3e-09 E(|t-g_k|<gap)=0.0709 E(|t-g_k|<1)=0.0205 E(|t|<g_1)=2.236e-05 ||c||=1.41e+00 kept=32/32  -> |B|^2 alone (|A|^2 term negligible against Z')
  k=10|eps=0.1|M=16|w=1/2      L_c=2.6323 X_c=13.906 [2.5877,2.6323] lam(1.5Lc)=-2.72e-02 lam(2Lc)=-1.01e-01 pos-above=0/12 h_c g_k=65.5   [20.1s]
      grid lam: +2.2e-01 +1.5e-01 +1.0e-01 +5.7e-02 +2.6e-02 +8.3e-03 +1.6e-03 +3.1e-04 +4.1e-03 +1.1e-01 +8.4e-02 +3.9e-01 +4.6e-01 +2.2e-01 +1.3e-01 +5.3e-02 -9.5e-04 -5.5e-03 -1.7e-02 -3.0e-02 -6.4e-02 -1.0e-01 -1.5e-01 -2.4e-01 -3.9e-01 -6.4e-01 -9.5e-01 -1.5e+00
      floor/kept: 2e-08/30 9e-07/31 1e-08/32 2e-10/32 3e-12/32 4e-14/32 3e-15/32 3e-15/32 9e-15/32 4e-14/32 1e-14/32 2e-14/32 9e-15/32 6e-15/32 4e-15/32 2e-15/32 3e-16/32 2e-16/32 3e-16/32 3e-16/32 5e-16/32 7e-16/32 6e-16/32 8e-16/32 1e-15/32 9e-16/32 1e-15/32 2e-15/32
      at L_c: |A|^2=5.162e-07 |B|^2=9.137e-04 Z'=1.709e-03 tail=9.6e-08 E(|t-g_k|<gap)=0.0228 E(|t-g_k|<1)=0.0073 E(|t|<g_1)=2.531e-04 ||c||=1.41e+00 kept=32/32  -> |B|^2 alone (|A|^2 term negligible against Z')
  k=10|eps=0.1|M=16|w=1        L_c=2.5877 X_c=13.299 [2.5438,2.5877] lam(1.5Lc)=-5.26e-02 lam(2Lc)=-2.01e-01 pos-above=0/12 h_c g_k=64.4   [18.2s]
      grid lam: +2.2e-01 +1.6e-01 +1.0e-01 +5.8e-02 +2.6e-02 +8.5e-03 +1.6e-03 +3.1e-04 +4.2e-03 +1.1e-01 +8.4e-02 +3.9e-01 +4.6e-01 +2.2e-01 +1.3e-01 +5.1e-02 -3.0e-03 -1.2e-02 -3.6e-02 -6.3e-02 -1.3e-01 -2.2e-01 -3.2e-01 -4.9e-01 -8.1e-01 -1.3e+00 -1.9e+00 -3.0e+00
      floor/kept: 2e-08/30 9e-07/31 1e-08/32 2e-10/32 3e-12/32 4e-14/32 3e-15/32 3e-15/32 9e-15/32 5e-14/32 1e-14/32 2e-14/32 9e-15/32 6e-15/32 4e-15/32 2e-15/32 3e-16/32 3e-16/32 4e-16/32 5e-16/32 7e-16/32 9e-16/32 9e-16/32 1e-15/32 1e-15/32 1e-15/32 2e-15/32 2e-15/32
      at L_c: |A|^2=7.142e-07 |B|^2=1.052e-03 Z'=2.913e-03 tail=1.0e-06 E(|t-g_k|<gap)=0.0273 E(|t-g_k|<1)=0.0085 E(|t|<g_1)=9.383e-05 ||c||=1.41e+00 kept=32/32  -> |B|^2 alone (|A|^2 term negligible against Z')
  k=30|eps=0|M=16|w=1/2        L_c=None  no sign change beyond the floor up to L = 12.060 (there: lam_min +3.66e-13, floor 5.0e-21, Z'(G*) 3.7e-13, |A|^2 1.8e-28, |B|^2 0.0e+00, ||c|| 1.4e+00, kept 32/32); min lam on grid +9.91e-14 at L = 10.518   [32.8s]
      grid lam: +2.2e-01 +1.5e-01 +1.0e-01 +5.2e-01 +7.2e-01 +8.4e-01 +1.0e+00 +9.0e-01 +1.4e+00 +1.4e+00 +1.3e+00 +1.6e+00 +1.5e+00 +1.3e+00 +1.0e+00 +6.6e-01 +4.7e-01 +1.3e-01 +9.5e-03 +1.0e-04 +6.6e-06 +9.8e-07 +1.5e-07 +4.1e-10 +2.9e-10 +4.5e-12 +9.9e-14 +3.7e-13
      floor/kept: 3e-13/32 4e-14/32 9e-14/32 1e-13/32 7e-14/32 5e-14/32 5e-14/32 3e-14/32 2e-14/32 2e-14/32 2e-14/32 2e-14/32 1e-14/32 1e-14/32 9e-15/32 7e-15/32 6e-15/32 3e-15/32 9e-16/32 9e-17/32 2e-17/32 9e-18/32 3e-18/32 2e-19/32 1e-19/32 2e-20/32 3e-21/32 5e-21/32
  k=30|eps=0.001|M=16|w=1/2    L_c=4.7082 X_c=110.853 [4.6284,4.7082] lam(1.5Lc)=-1.32e-05 lam(2Lc)=-3.43e-05 pos-above=0/7 h_c g_k=238.5   [19.5s]
      grid lam: +2.2e-01 +1.5e-01 +1.0e-01 +5.2e-01 +7.2e-01 +8.4e-01 +1.0e+00 +9.0e-01 +1.4e+00 +1.4e+00 +1.3e+00 +1.6e+00 +1.5e+00 +1.3e+00 +1.0e+00 +6.6e-01 +4.7e-01 +1.3e-01 +9.5e-03 +1.0e-04 +2.7e-06 -5.0e-06 -7.1e-06 -1.1e-05 -2.4e-05 -3.3e-05 -5.2e-05 -8.7e-05
      floor/kept: 3e-13/32 4e-14/32 9e-14/32 1e-13/32 7e-14/32 5e-14/32 5e-14/32 3e-14/32 2e-14/32 2e-14/32 2e-14/32 2e-14/32 1e-14/32 1e-14/32 9e-15/32 7e-15/32 6e-15/32 3e-15/32 9e-16/32 9e-17/32 2e-17/32 9e-18/32 6e-18/32 1e-17/32 1e-17/32 8e-18/32 2e-17/32 1e-17/32
      at L_c: |A|^2=4.016e-14 |B|^2=2.011e-06 Z'=3.543e-06 tail=2.3e-09 E(|t-g_k|<gap)=0.3976 E(|t-g_k|<1)=0.1437 E(|t|<g_1)=1.657e-08 ||c||=1.41e+00 kept=32/32  -> |B|^2 alone (|A|^2 term negligible against Z')
  k=30|eps=0.001|M=16|w=1      L_c=4.6284 X_c=102.348 [4.5499,4.6284] lam(1.5Lc)=-2.52e-05 lam(2Lc)=-6.84e-05 pos-above=0/7 h_c g_k=234.5   [19.1s]
      grid lam: +2.2e-01 +1.5e-01 +1.0e-01 +5.2e-01 +7.2e-01 +8.4e-01 +1.0e+00 +9.1e-01 +1.4e+00 +1.4e+00 +1.3e+00 +1.6e+00 +1.5e+00 +1.3e+00 +1.0e+00 +6.6e-01 +4.7e-01 +1.3e-01 +9.5e-03 +9.9e-05 -1.3e-06 -1.1e-05 -1.5e-05 -2.6e-05 -5.1e-05 -6.8e-05 -1.1e-04 -1.8e-04
      floor/kept: 3e-13/32 4e-14/32 9e-14/32 1e-13/32 7e-14/32 5e-14/32 5e-14/32 3e-14/32 2e-14/32 2e-14/32 2e-14/32 2e-14/32 1e-14/32 1e-14/32 9e-15/32 7e-15/32 6e-15/32 3e-15/32 9e-16/32 9e-17/32 2e-17/32 1e-17/32 8e-18/32 2e-17/32 1e-17/32 1e-17/32 3e-17/32 2e-17/32
      at L_c: |A|^2=2.336e-14 |B|^2=2.000e-06 Z'=6.660e-06 tail=1.6e-10 E(|t-g_k|<gap)=0.3959 E(|t-g_k|<1)=0.1429 E(|t|<g_1)=8.674e-08 ||c||=1.41e+00 kept=32/32  -> |B|^2 alone (|A|^2 term negligible against Z')
  k=30|eps=0.01|M=16|w=1/2     L_c=3.9681 X_c=52.886 [3.9009,3.9681] lam(1.5Lc)=-8.78e-04 lam(2Lc)=-2.88e-03 pos-above=0/9 h_c g_k=201.0   [19.6s]
      grid lam: +2.2e-01 +1.5e-01 +1.0e-01 +5.2e-01 +7.2e-01 +8.4e-01 +1.0e+00 +9.0e-01 +1.4e+00 +1.4e+00 +1.3e+00 +1.6e+00 +1.5e+00 +1.3e+00 +1.0e+00 +6.6e-01 +4.7e-01 +1.3e-01 +9.3e-03 -1.5e-04 -4.3e-04 -6.6e-04 -1.0e-03 -1.7e-03 -2.9e-03 -4.3e-03 -7.7e-03 -1.1e-02
      floor/kept: 3e-13/32 4e-14/32 9e-14/32 1e-13/32 7e-14/32 5e-14/32 5e-14/32 3e-14/32 2e-14/32 2e-14/32 2e-14/32 2e-14/32 1e-14/32 1e-14/32 9e-15/32 7e-15/32 6e-15/32 3e-15/32 9e-16/32 9e-17/32 5e-17/32 4e-17/32 9e-17/32 8e-17/32 7e-17/32 2e-16/32 2e-16/32 3e-16/32
      at L_c: |A|^2=9.884e-11 |B|^2=1.235e-04 Z'=1.569e-04 tail=2.9e-08 E(|t-g_k|<gap)=0.2818 E(|t-g_k|<1)=0.0926 E(|t|<g_1)=7.293e-08 ||c||=1.41e+00 kept=32/32  -> |B|^2 alone (|A|^2 term negligible against Z')
  k=30|eps=0.01|M=16|w=1       L_c=3.9009 X_c=49.444 [3.8347,3.9009] lam(1.5Lc)=-1.87e-03 lam(2Lc)=-5.68e-03 pos-above=0/9 h_c g_k=197.6   [17.7s]
      grid lam: +2.2e-01 +1.5e-01 +1.0e-01 +5.2e-01 +7.2e-01 +8.4e-01 +1.0e+00 +9.1e-01 +1.4e+00 +1.4e+00 +1.3e+00 +1.6e+00 +1.5e+00 +1.3e+00 +1.0e+00 +6.6e-01 +4.7e-01 +1.3e-01 +9.1e-03 -4.1e-04 -9.1e-04 -1.4e-03 -2.2e-03 -3.6e-03 -5.9e-03 -9.3e-03 -1.6e-02 -2.4e-02
      floor/kept: 3e-13/32 4e-14/32 9e-14/32 1e-13/32 7e-14/32 5e-14/32 5e-14/32 3e-14/32 2e-14/32 2e-14/32 2e-14/32 2e-14/32 1e-14/32 1e-14/32 9e-15/32 7e-15/32 6e-15/32 3e-15/32 9e-16/32 1e-16/32 8e-17/32 7e-17/32 1e-16/32 1e-16/32 1e-16/32 3e-16/32 2e-16/32 3e-16/32
      at L_c: |A|^2=6.449e-11 |B|^2=1.164e-04 Z'=2.748e-04 tail=1.1e-08 E(|t-g_k|<gap)=0.2700 E(|t-g_k|<1)=0.0878 E(|t|<g_1)=3.464e-06 ||c||=1.41e+00 kept=32/32  -> |B|^2 alone (|A|^2 term negligible against Z')
  k=30|eps=0.1|M=16|w=1/2      L_c=3.4608 X_c=31.841 [3.4021,3.4608] lam(1.5Lc)=-8.15e-02 lam(2Lc)=-2.45e-01 pos-above=0/10 h_c g_k=175.3   [19.7s]
      grid lam: +2.2e-01 +1.5e-01 +1.0e-01 +5.2e-01 +7.2e-01 +8.4e-01 +1.0e+00 +9.0e-01 +1.4e+00 +1.4e+00 +1.3e+00 +1.6e+00 +1.5e+00 +1.3e+00 +1.0e+00 +6.6e-01 +4.7e-01 +1.2e-01 -1.3e-02 -4.3e-02 -5.8e-02 -9.0e-02 -1.5e-01 -2.5e-01 -3.7e-01 -6.2e-01 -9.2e-01 -1.5e+00
      floor/kept: 3e-13/32 4e-14/32 9e-14/32 1e-13/32 7e-14/32 5e-14/32 5e-14/32 3e-14/32 2e-14/32 2e-14/32 2e-14/32 2e-14/32 1e-14/32 1e-14/32 9e-15/32 7e-15/32 6e-15/32 3e-15/32 9e-16/32 6e-16/32 5e-16/32 7e-16/32 1e-15/32 9e-16/32 1e-15/32 1e-15/32 1e-15/32 2e-15/32
      at L_c: |A|^2=8.882e-07 |B|^2=1.063e-02 Z'=1.626e-02 tail=9.3e-06 E(|t-g_k|<gap)=0.2367 E(|t-g_k|<1)=0.0788 E(|t|<g_1)=3.546e-05 ||c||=1.41e+00 kept=32/32  -> |B|^2 alone (|A|^2 term negligible against Z')
  k=30|eps=0.1|M=16|w=1        L_c=3.4021 X_c=30.026 [3.3444,3.4021] lam(1.5Lc)=-1.57e-01 lam(2Lc)=-4.79e-01 pos-above=0/10 h_c g_k=172.3   [17.8s]
      grid lam: +2.2e-01 +1.5e-01 +1.0e-01 +5.2e-01 +7.2e-01 +8.4e-01 +1.0e+00 +9.1e-01 +1.4e+00 +1.4e+00 +1.3e+00 +1.6e+00 +1.5e+00 +1.3e+00 +1.0e+00 +6.6e-01 +4.7e-01 +1.2e-01 -3.6e-02 -9.0e-02 -1.2e-01 -1.9e-01 -3.2e-01 -5.2e-01 -7.7e-01 -1.3e+00 -1.9e+00 -3.0e+00
      floor/kept: 3e-13/32 4e-14/32 9e-14/32 1e-13/32 7e-14/32 5e-14/32 5e-14/32 3e-14/32 2e-14/32 2e-14/32 2e-14/32 2e-14/32 1e-14/32 1e-14/32 9e-15/32 7e-15/32 6e-15/32 3e-15/32 9e-16/32 7e-16/32 6e-16/32 1e-15/32 1e-15/32 1e-15/32 2e-15/32 2e-15/32 2e-15/32 2e-15/32
      at L_c: |A|^2=5.017e-07 |B|^2=9.975e-03 Z'=2.549e-02 tail=1.3e-05 E(|t-g_k|<gap)=0.2234 E(|t-g_k|<1)=0.0740 E(|t|<g_1)=6.112e-05 ||c||=1.41e+00 kept=32/32  -> |B|^2 alone (|A|^2 term negligible against Z')
  k=100|eps=0|M=16|w=1/2       L_c=None  no sign change beyond the floor up to L = 12.060 (there: lam_min +1.86e-11, floor 4.0e-20, Z'(G*) 1.9e-11, |A|^2 1.1e-23, |B|^2 0.0e+00, ||c|| 1.4e+00, kept 32/32); min lam on grid +1.86e-11 at L = 12.060   [32.5s]
      grid lam: +1.8e+00 +2.0e+00 +2.1e+00 +2.2e+00 +2.4e+00 +2.5e+00 +2.6e+00 +2.6e+00 +2.8e+00 +2.9e+00 +2.7e+00 +2.7e+00 +2.4e+00 +2.3e+00 +2.0e+00 +1.6e+00 +1.2e+00 +9.0e-01 +6.7e-01 +1.7e-01 +3.0e-03 +1.1e-04 +3.4e-06 +4.7e-07 +8.7e-09 +7.8e-09 +9.2e-10 +1.9e-11
      floor/kept: 6e-14/32 5e-14/32 3e-14/32 3e-14/32 3e-14/32 2e-14/32 2e-14/32 2e-14/32 2e-14/32 2e-14/32 2e-14/32 2e-14/32 2e-14/32 2e-14/32 1e-14/32 1e-14/32 1e-14/32 1e-14/32 8e-15/32 4e-15/32 6e-16/32 1e-16/32 2e-17/32 7e-18/32 9e-19/32 9e-19/32 3e-19/32 4e-20/32
  k=100|eps=0.001|M=16|w=1/2   L_c=6.1899 X_c=487.815 [6.0850,6.1899] lam(1.5Lc)=-3.59e-05 lam(2Lc)=-8.27e-05 pos-above=0/5 h_c g_k=732.0   [19.0s]
      grid lam: +1.8e+00 +2.0e+00 +2.1e+00 +2.2e+00 +2.4e+00 +2.5e+00 +2.6e+00 +2.6e+00 +2.8e+00 +2.9e+00 +2.7e+00 +2.7e+00 +2.4e+00 +2.3e+00 +2.0e+00 +1.6e+00 +1.2e+00 +9.0e-01 +6.7e-01 +1.7e-01 +3.0e-03 +1.0e-04 +5.5e-07 -5.5e-06 -1.6e-05 -3.4e-05 -4.5e-05 -7.5e-05
      floor/kept: 6e-14/32 5e-14/32 3e-14/32 3e-14/32 3e-14/32 2e-14/32 2e-14/32 2e-14/32 2e-14/32 2e-14/32 2e-14/32 2e-14/32 2e-14/32 2e-14/32 1e-14/32 1e-14/32 1e-14/32 1e-14/32 8e-15/32 4e-15/32 6e-16/32 1e-16/32 2e-17/32 2e-17/32 2e-17/32 2e-17/32 1e-17/32 2e-17/32
      at L_c: |A|^2=4.649e-13 |B|^2=1.356e-06 Z'=2.218e-06 tail=5.6e-11 E(|t-g_k|<gap)=0.2116 E(|t-g_k|<1)=0.1239 E(|t|<g_1)=9.511e-11 ||c||=1.41e+00 kept=32/32  -> |B|^2 alone (|A|^2 term negligible against Z')
  k=100|eps=0.001|M=16|w=1     L_c=6.0850 X_c=439.212 [5.9818,6.0850] lam(1.5Lc)=-7.26e-05 lam(2Lc)=-1.65e-04 pos-above=0/5 h_c g_k=719.6   [18.7s]
      grid lam: +1.8e+00 +2.0e+00 +2.1e+00 +2.2e+00 +2.4e+00 +2.5e+00 +2.6e+00 +2.6e+00 +2.8e+00 +2.9e+00 +2.7e+00 +2.7e+00 +2.5e+00 +2.3e+00 +2.0e+00 +1.6e+00 +1.2e+00 +9.1e-01 +7.3e-01 +1.8e-01 +3.0e-03 +1.0e-04 -2.3e-06 -1.5e-05 -3.6e-05 -7.5e-05 -9.4e-05 -1.6e-04
      floor/kept: 6e-14/32 5e-14/32 3e-14/32 3e-14/32 3e-14/32 2e-14/32 2e-14/32 2e-14/32 2e-14/32 2e-14/32 2e-14/32 2e-14/32 2e-14/32 2e-14/32 1e-14/32 1e-14/32 1e-14/32 1e-14/32 9e-15/32 4e-15/32 6e-16/32 1e-16/32 2e-17/32 2e-17/32 2e-17/32 3e-17/32 2e-17/32 3e-17/32
      at L_c: |A|^2=3.042e-13 |B|^2=1.444e-06 Z'=3.468e-06 tail=2.2e-10 E(|t-g_k|<gap)=0.2148 E(|t-g_k|<1)=0.1271 E(|t|<g_1)=1.909e-10 ||c||=1.41e+00 kept=32/32  -> |B|^2 alone (|A|^2 term negligible against Z')
  k=100|eps=0.01|M=16|w=1/2    L_c=5.1285 X_c=168.763 [5.0415,5.1285] lam(1.5Lc)=-2.18e-03 lam(2Lc)=-5.79e-03 pos-above=0/7 h_c g_k=606.5   [19.1s]
      grid lam: +1.8e+00 +2.0e+00 +2.1e+00 +2.2e+00 +2.4e+00 +2.5e+00 +2.6e+00 +2.6e+00 +2.8e+00 +2.9e+00 +2.7e+00 +2.7e+00 +2.4e+00 +2.3e+00 +2.0e+00 +1.6e+00 +1.2e+00 +9.0e-01 +6.7e-01 +1.7e-01 +2.7e-03 -2.2e-04 -5.9e-04 -1.4e-03 -2.2e-03 -4.4e-03 -6.0e-03 -1.0e-02
      floor/kept: 6e-14/32 5e-14/32 3e-14/32 3e-14/32 3e-14/32 2e-14/32 2e-14/32 2e-14/32 2e-14/32 2e-14/32 2e-14/32 2e-14/32 2e-14/32 2e-14/32 1e-14/32 1e-14/32 1e-14/32 1e-14/32 8e-15/32 4e-15/32 6e-16/32 1e-16/32 2e-16/32 1e-16/32 1e-16/32 7e-17/32 2e-16/32 2e-16/32
      at L_c: |A|^2=3.093e-09 |B|^2=1.472e-04 Z'=2.431e-04 tail=1.6e-09 E(|t-g_k|<gap)=0.1989 E(|t-g_k|<1)=0.1196 E(|t|<g_1)=2.907e-07 ||c||=1.41e+00 kept=32/32  -> |B|^2 alone (|A|^2 term negligible against Z')
  k=100|eps=0.01|M=16|w=1      L_c=4.9561 X_c=142.033 [4.8720,4.9561] lam(1.5Lc)=-4.22e-03 lam(2Lc)=-1.18e-02 pos-above=0/7 h_c g_k=586.1   [18.1s]
      grid lam: +1.8e+00 +2.0e+00 +2.1e+00 +2.2e+00 +2.4e+00 +2.5e+00 +2.6e+00 +2.6e+00 +2.8e+00 +2.9e+00 +2.7e+00 +2.7e+00 +2.5e+00 +2.3e+00 +2.0e+00 +1.6e+00 +1.2e+00 +9.1e-01 +7.3e-01 +1.7e-01 +2.5e-03 -5.6e-04 -1.5e-03 -3.2e-03 -4.8e-03 -8.8e-03 -1.3e-02 -2.1e-02
      floor/kept: 6e-14/32 5e-14/32 3e-14/32 3e-14/32 3e-14/32 2e-14/32 2e-14/32 2e-14/32 2e-14/32 2e-14/32 2e-14/32 2e-14/32 2e-14/32 2e-14/32 1e-14/32 1e-14/32 1e-14/32 1e-14/32 9e-15/32 4e-15/32 6e-16/32 1e-16/32 2e-16/32 2e-16/32 2e-16/32 1e-16/32 3e-16/32 3e-16/32
      at L_c: |A|^2=3.547e-09 |B|^2=1.323e-04 Z'=4.118e-04 tail=6.6e-10 E(|t-g_k|<gap)=0.1900 E(|t-g_k|<1)=0.1124 E(|t|<g_1)=2.380e-07 ||c||=1.41e+00 kept=32/32  -> |B|^2 alone (|A|^2 term negligible against Z')
  k=100|eps=0.1|M=16|w=1/2     L_c=4.3969 X_c=81.200 [4.3224,4.3969] lam(1.5Lc)=-1.79e-01 lam(2Lc)=-4.76e-01 pos-above=0/8 h_c g_k=520.0   [20.0s]
      grid lam: +1.8e+00 +2.0e+00 +2.1e+00 +2.2e+00 +2.4e+00 +2.5e+00 +2.6e+00 +2.6e+00 +2.8e+00 +2.9e+00 +2.7e+00 +2.7e+00 +2.4e+00 +2.3e+00 +2.0e+00 +1.6e+00 +1.2e+00 +8.9e-01 +6.5e-01 +1.5e-01 -2.2e-02 -5.1e-02 -1.2e-01 -2.3e-01 -3.9e-01 -5.6e-01 -8.9e-01 -1.5e+00
      floor/kept: 6e-14/32 5e-14/32 3e-14/32 3e-14/32 3e-14/32 2e-14/32 2e-14/32 2e-14/32 2e-14/32 2e-14/32 2e-14/32 2e-14/32 2e-14/32 2e-14/32 1e-14/32 1e-14/32 1e-14/32 1e-14/32 8e-15/32 4e-15/32 7e-16/32 1e-15/32 1e-15/32 1e-15/32 1e-15/32 2e-15/32 2e-15/32 2e-15/32
      at L_c: |A|^2=3.425e-05 |B|^2=1.113e-02 Z'=1.737e-02 tail=7.9e-06 E(|t-g_k|<gap)=0.1716 E(|t-g_k|<1)=0.0997 E(|t|<g_1)=4.453e-06 ||c||=1.41e+00 kept=32/32  -> |B|^2 alone (|A|^2 term negligible against Z')
  k=100|eps=0.1|M=16|w=1       L_c=4.3224 X_c=75.366 [4.2491,4.3224] lam(1.5Lc)=-3.51e-01 lam(2Lc)=-9.44e-01 pos-above=0/8 h_c g_k=511.2   [18.9s]
      grid lam: +1.8e+00 +2.0e+00 +2.1e+00 +2.2e+00 +2.4e+00 +2.5e+00 +2.6e+00 +2.6e+00 +2.8e+00 +2.9e+00 +2.7e+00 +2.7e+00 +2.5e+00 +2.3e+00 +2.0e+00 +1.6e+00 +1.2e+00 +9.1e-01 +7.0e-01 +1.4e-01 -5.0e-02 -1.2e-01 -2.4e-01 -4.7e-01 -8.0e-01 -1.2e+00 -1.8e+00 -3.0e+00
      floor/kept: 6e-14/32 5e-14/32 3e-14/32 3e-14/32 3e-14/32 2e-14/32 2e-14/32 2e-14/32 2e-14/32 2e-14/32 2e-14/32 2e-14/32 2e-14/32 2e-14/32 1e-14/32 1e-14/32 1e-14/32 1e-14/32 8e-15/32 4e-15/32 9e-16/32 2e-15/32 2e-15/32 2e-15/32 1e-15/32 2e-15/32 3e-15/32 3e-15/32
      at L_c: |A|^2=3.136e-05 |B|^2=1.078e-02 Z'=3.198e-02 tail=5.2e-06 E(|t-g_k|<gap)=0.1677 E(|t-g_k|<1)=0.0972 E(|t|<g_1)=2.439e-05 ||c||=1.41e+00 kept=32/32  -> |B|^2 alone (|A|^2 term negligible against Z')
  k=300|eps=0|M=16|w=1/2       L_c=None  no sign change beyond the floor up to L = 12.060 (there: lam_min +6.26e-09, floor 8.5e-19, Z'(G*) 6.3e-09, |A|^2 1.5e-18, |B|^2 0.0e+00, ||c|| 1.4e+00, kept 32/32); min lam on grid +3.86e-09 at L = 10.518   [33.5s]
      grid lam: +3.5e+00 +3.5e+00 +3.6e+00 +3.7e+00 +3.8e+00 +3.8e+00 +3.9e+00 +3.9e+00 +3.9e+00 +3.9e+00 +3.6e+00 +3.6e+00 +3.3e+00 +3.0e+00 +2.8e+00 +2.6e+00 +2.3e+00 +2.0e+00 +1.5e+00 +7.1e-01 +2.5e-01 +1.7e-02 +3.5e-04 +3.3e-05 +8.7e-07 +9.6e-08 +3.9e-09 +6.3e-09
      floor/kept: 3e-14/32 3e-14/32 3e-14/32 3e-14/32 3e-14/32 3e-14/32 3e-14/32 2e-14/32 2e-14/32 2e-14/32 2e-14/32 2e-14/32 2e-14/32 2e-14/32 2e-14/32 2e-14/32 1e-14/32 1e-14/32 1e-14/32 9e-15/32 6e-15/32 1e-15/32 2e-16/32 7e-17/32 1e-17/32 3e-18/32 7e-19/32 9e-19/32
  k=300|eps=0.001|M=16|w=1/2   L_c=7.4711 X_c=1756.470 [7.3444,7.4711] lam(1.5Lc)=-5.72e-05 lam(2Lc)=-1.46e-04 pos-above=0/4 h_c g_k=2024.1   [19.5s]
      grid lam: +3.5e+00 +3.5e+00 +3.6e+00 +3.7e+00 +3.8e+00 +3.8e+00 +3.9e+00 +3.9e+00 +3.9e+00 +3.9e+00 +3.6e+00 +3.6e+00 +3.3e+00 +3.0e+00 +2.8e+00 +2.6e+00 +2.3e+00 +2.0e+00 +1.5e+00 +7.1e-01 +2.5e-01 +1.7e-02 +3.5e-04 +3.0e-05 -3.5e-06 -9.8e-06 -4.3e-05 -6.6e-05
      floor/kept: 3e-14/32 3e-14/32 3e-14/32 3e-14/32 3e-14/32 3e-14/32 3e-14/32 2e-14/32 2e-14/32 2e-14/32 2e-14/32 2e-14/32 2e-14/32 2e-14/32 2e-14/32 2e-14/32 1e-14/32 1e-14/32 1e-14/32 9e-15/32 6e-15/32 1e-15/32 2e-16/32 7e-17/32 1e-17/32 3e-17/32 2e-17/32 3e-17/32
      at L_c: |A|^2=1.256e-12 |B|^2=1.589e-06 Z'=2.335e-06 tail=4.6e-10 E(|t-g_k|<gap)=0.2638 E(|t-g_k|<1)=0.1662 E(|t|<g_1)=4.999e-11 ||c||=1.41e+00 kept=32/32  -> |B|^2 alone (|A|^2 term negligible against Z')
  k=300|eps=0.001|M=16|w=1     L_c=7.3444 X_c=1547.482 [7.2199,7.3444] lam(1.5Lc)=-1.14e-04 lam(2Lc)=-2.94e-04 pos-above=0/4 h_c g_k=1989.8   [16.9s]
      grid lam: +3.5e+00 +3.5e+00 +3.6e+00 +3.7e+00 +3.8e+00 +3.8e+00 +3.9e+00 +3.9e+00 +3.9e+00 +3.9e+00 +3.7e+00 +3.6e+00 +3.4e+00 +3.1e+00 +3.0e+00 +2.9e+00 +2.9e+00 +2.3e+00 +1.7e+00 +7.4e-01 +2.6e-01 +1.7e-02 +3.5e-04 +2.6e-05 -8.4e-06 -3.1e-05 -9.1e-05 -1.4e-04
      floor/kept: 3e-14/32 3e-14/32 3e-14/32 3e-14/32 3e-14/32 3e-14/32 3e-14/32 2e-14/32 2e-14/32 2e-14/32 2e-14/32 2e-14/32 2e-14/32 2e-14/32 2e-14/32 2e-14/32 2e-14/32 2e-14/32 1e-14/32 1e-14/32 6e-15/32 1e-15/32 2e-16/32 7e-17/32 2e-17/32 5e-17/32 3e-17/32 4e-17/32
      at L_c: |A|^2=8.782e-13 |B|^2=1.667e-06 Z'=3.734e-06 tail=2.6e-10 E(|t-g_k|<gap)=0.2660 E(|t-g_k|<1)=0.1685 E(|t|<g_1)=4.858e-10 ||c||=1.41e+00 kept=32/32  -> |B|^2 alone (|A|^2 term negligible against Z')
  k=300|eps=0.01|M=16|w=1/2    L_c=6.1899 X_c=487.815 [6.0850,6.1899] lam(1.5Lc)=-3.94e-03 lam(2Lc)=-8.77e-03 pos-above=0/5 h_c g_k=1677.0   [19.8s]
      grid lam: +3.5e+00 +3.5e+00 +3.6e+00 +3.7e+00 +3.8e+00 +3.8e+00 +3.9e+00 +3.9e+00 +3.9e+00 +3.9e+00 +3.6e+00 +3.6e+00 +3.3e+00 +3.0e+00 +2.8e+00 +2.6e+00 +2.3e+00 +2.0e+00 +1.5e+00 +7.1e-01 +2.5e-01 +1.6e-02 +1.2e-04 -4.7e-04 -1.8e-03 -3.8e-03 -6.1e-03 -8.6e-03
      floor/kept: 3e-14/32 3e-14/32 3e-14/32 3e-14/32 3e-14/32 3e-14/32 3e-14/32 2e-14/32 2e-14/32 2e-14/32 2e-14/32 2e-14/32 2e-14/32 2e-14/32 2e-14/32 2e-14/32 1e-14/32 1e-14/32 1e-14/32 9e-15/32 6e-15/32 1e-15/32 2e-16/32 1e-16/32 2e-16/32 2e-16/32 2e-16/32 3e-16/32
      at L_c: |A|^2=1.376e-08 |B|^2=1.153e-04 Z'=2.198e-04 tail=2.4e-10 E(|t-g_k|<gap)=0.2202 E(|t-g_k|<1)=0.1329 E(|t|<g_1)=2.771e-08 ||c||=1.41e+00 kept=32/32  -> |B|^2 alone (|A|^2 term negligible against Z')
  k=300|eps=0.01|M=16|w=1      L_c=6.0850 X_c=439.212 [5.9818,6.0850] lam(1.5Lc)=-8.08e-03 lam(2Lc)=-1.82e-02 pos-above=0/5 h_c g_k=1648.6   [19.0s]
      grid lam: +3.5e+00 +3.5e+00 +3.6e+00 +3.7e+00 +3.8e+00 +3.8e+00 +3.9e+00 +3.9e+00 +3.9e+00 +3.9e+00 +3.7e+00 +3.6e+00 +3.4e+00 +3.1e+00 +3.0e+00 +2.9e+00 +2.9e+00 +2.3e+00 +1.7e+00 +7.4e-01 +2.6e-01 +1.6e-02 -1.1e-04 -1.2e-03 -3.9e-03 -8.2e-03 -1.3e-02 -1.8e-02
      floor/kept: 3e-14/32 3e-14/32 3e-14/32 3e-14/32 3e-14/32 3e-14/32 3e-14/32 2e-14/32 2e-14/32 2e-14/32 2e-14/32 2e-14/32 2e-14/32 2e-14/32 2e-14/32 2e-14/32 2e-14/32 2e-14/32 1e-14/32 1e-14/32 6e-15/32 1e-15/32 2e-16/32 2e-16/32 2e-16/32 3e-16/32 3e-16/32 4e-16/32
      at L_c: |A|^2=1.072e-08 |B|^2=1.190e-04 Z'=3.611e-04 tail=3.0e-10 E(|t-g_k|<gap)=0.2203 E(|t-g_k|<1)=0.1336 E(|t|<g_1)=2.922e-08 ||c||=1.41e+00 kept=32/32  -> |B|^2 alone (|A|^2 term negligible against Z')
  k=300|eps=0.1|M=16|w=1/2     L_c=5.3069 X_c=201.731 [5.2170,5.3069] lam(1.5Lc)=-3.04e-01 lam(2Lc)=-8.13e-01 pos-above=0/6 h_c g_k=1437.8   [19.5s]
      grid lam: +3.5e+00 +3.5e+00 +3.6e+00 +3.7e+00 +3.8e+00 +3.8e+00 +3.9e+00 +3.9e+00 +3.9e+00 +3.9e+00 +3.6e+00 +3.6e+00 +3.3e+00 +3.0e+00 +2.8e+00 +2.5e+00 +2.3e+00 +2.0e+00 +1.5e+00 +6.8e-01 +2.0e-01 -5.8e-03 -4.6e-02 -1.4e-01 -3.1e-01 -5.5e-01 -7.9e-01 -1.4e+00
      floor/kept: 3e-14/32 3e-14/32 3e-14/32 3e-14/32 3e-14/32 3e-14/32 3e-14/32 2e-14/32 2e-14/32 2e-14/32 2e-14/32 2e-14/32 2e-14/32 2e-14/32 2e-14/32 2e-14/32 1e-14/32 1e-14/32 1e-14/32 9e-15/32 5e-15/32 2e-15/32 2e-15/32 2e-15/32 2e-15/32 2e-15/32 2e-15/32 3e-15/32
      at L_c: |A|^2=9.132e-05 |B|^2=1.199e-02 Z'=1.794e-02 tail=2.9e-06 E(|t-g_k|<gap)=0.2084 E(|t-g_k|<1)=0.1272 E(|t|<g_1)=1.592e-06 ||c||=1.41e+00 kept=32/32  -> |B|^2 alone (|A|^2 term negligible against Z')
  k=300|eps=0.1|M=16|w=1       L_c=5.1285 X_c=168.763 [5.0415,5.1285] lam(1.5Lc)=-5.64e-01 lam(2Lc)=-1.53e+00 pos-above=0/7 h_c g_k=1389.4   [17.7s]
      grid lam: +3.5e+00 +3.5e+00 +3.6e+00 +3.7e+00 +3.8e+00 +3.8e+00 +3.9e+00 +3.9e+00 +3.9e+00 +3.9e+00 +3.7e+00 +3.6e+00 +3.4e+00 +3.1e+00 +3.0e+00 +2.9e+00 +2.9e+00 +2.3e+00 +1.7e+00 +6.8e-01 +1.6e-01 -3.2e-02 -1.2e-01 -3.2e-01 -6.8e-01 -1.1e+00 -1.7e+00 -2.9e+00
      floor/kept: 3e-14/32 3e-14/32 3e-14/32 3e-14/32 3e-14/32 3e-14/32 3e-14/32 2e-14/32 2e-14/32 2e-14/32 2e-14/32 2e-14/32 2e-14/32 2e-14/32 2e-14/32 2e-14/32 2e-14/32 2e-14/32 1e-14/32 1e-14/32 6e-15/32 2e-15/32 3e-15/32 3e-15/32 3e-15/32 3e-15/32 4e-15/32 4e-15/32
      at L_c: |A|^2=9.888e-05 |B|^2=1.366e-02 Z'=3.928e-02 tail=3.4e-06 E(|t-g_k|<gap)=0.2126 E(|t-g_k|<1)=0.1319 E(|t|<g_1)=4.475e-06 ||c||=1.41e+00 kept=32/32  -> |B|^2 alone (|A|^2 term negligible against Z')
  k=1000|eps=0|M=16|w=1/2      L_c=None  no sign change beyond the floor up to L = 12.060 (there: lam_min +1.39e-07, floor 4.6e-18, Z'(G*) 1.4e-07, |A|^2 2.6e-17, |B|^2 0.0e+00, ||c|| 1.4e+00, kept 32/32); min lam on grid +1.39e-07 at L = 12.060   [33.3s]
      grid lam: +4.9e+00 +5.0e+00 +5.0e+00 +5.1e+00 +5.1e+00 +5.2e+00 +5.2e+00 +4.9e+00 +4.9e+00 +4.9e+00 +4.6e+00 +4.5e+00 +4.3e+00 +4.1e+00 +3.8e+00 +3.6e+00 +3.4e+00 +3.0e+00 +2.6e+00 +1.4e+00 +7.2e-01 +4.4e-01 +1.1e-01 +4.1e-02 +4.0e-04 +2.2e-05 +1.4e-06 +1.4e-07
      floor/kept: 3e-14/32 3e-14/32 3e-14/32 3e-14/32 3e-14/32 3e-14/32 3e-14/32 3e-14/32 3e-14/32 3e-14/32 3e-14/32 3e-14/32 3e-14/32 3e-14/32 3e-14/32 2e-14/32 2e-14/32 2e-14/32 2e-14/32 1e-14/32 1e-14/32 8e-15/32 4e-15/32 3e-15/32 3e-16/32 6e-17/32 1e-17/32 5e-18/32
  k=1000|eps=0.001|M=16|w=1/2  L_c=9.3311 X_c=11283.398 [9.1729,9.3311] lam(1.5Lc)=-9.67e-05 lam(2Lc)=-2.97e-04 pos-above=0/2 h_c g_k=6622.4   [19.1s]
      grid lam: +4.9e+00 +5.0e+00 +5.0e+00 +5.1e+00 +5.1e+00 +5.2e+00 +5.2e+00 +4.9e+00 +4.9e+00 +4.9e+00 +4.6e+00 +4.5e+00 +4.3e+00 +4.1e+00 +3.8e+00 +3.6e+00 +3.4e+00 +3.0e+00 +2.6e+00 +1.4e+00 +7.2e-01 +4.4e-01 +1.1e-01 +4.1e-02 +4.0e-04 +8.5e-06 -2.0e-05 -6.0e-05
      floor/kept: 3e-14/32 3e-14/32 3e-14/32 3e-14/32 3e-14/32 3e-14/32 3e-14/32 3e-14/32 3e-14/32 3e-14/32 3e-14/32 3e-14/32 3e-14/32 3e-14/32 3e-14/32 2e-14/32 2e-14/32 2e-14/32 2e-14/32 1e-14/32 1e-14/32 8e-15/32 4e-15/32 3e-15/32 3e-16/32 6e-17/32 2e-17/32 5e-17/32
      at L_c: |A|^2=1.847e-12 |B|^2=6.955e-06 Z'=1.243e-05 tail=8.7e-11 E(|t-g_k|<gap)=0.0818 E(|t-g_k|<1)=0.1015 E(|t|<g_1)=8.185e-12 ||c||=1.41e+00 kept=32/32  -> |B|^2 alone (|A|^2 term negligible against Z')
  k=1000|eps=0.001|M=16|w=1    L_c=9.1729 X_c=9632.252 [9.0173,9.1729] lam(1.5Lc)=-1.93e-04 lam(2Lc)=-5.92e-04 pos-above=0/2 h_c g_k=6510.1   [18.8s]
      grid lam: +4.9e+00 +5.0e+00 +5.0e+00 +5.1e+00 +5.1e+00 +5.2e+00 +5.2e+00 +4.9e+00 +4.9e+00 +4.9e+00 +4.6e+00 +4.5e+00 +4.4e+00 +4.1e+00 +3.8e+00 +3.6e+00 +3.4e+00 +3.0e+00 +2.6e+00 +1.5e+00 +7.6e-01 +4.4e-01 +1.1e-01 +4.1e-02 +3.9e-04 -4.9e-06 -4.2e-05 -1.4e-04
      floor/kept: 3e-14/32 3e-14/32 3e-14/32 3e-14/32 3e-14/32 3e-14/32 3e-14/32 3e-14/32 3e-14/32 3e-14/32 3e-14/32 3e-14/32 3e-14/32 3e-14/32 3e-14/32 2e-14/32 2e-14/32 2e-14/32 2e-14/32 2e-14/32 1e-14/32 8e-15/32 4e-15/32 3e-15/32 3e-16/32 6e-17/32 2e-17/32 5e-17/32
      at L_c: |A|^2=1.437e-12 |B|^2=6.715e-06 Z'=2.198e-05 tail=2.2e-10 E(|t-g_k|<gap)=0.0787 E(|t-g_k|<1)=0.0980 E(|t|<g_1)=9.184e-11 ||c||=1.41e+00 kept=32/32  -> |B|^2 alone (|A|^2 term negligible against Z')
  k=1000|eps=0.01|M=16|w=1/2   L_c=7.8644 X_c=2602.829 [7.7310,7.8644] lam(1.5Lc)=-7.91e-03 lam(2Lc)=-2.22e-02 pos-above=0/4 h_c g_k=5581.4   [19.2s]
      grid lam: +4.9e+00 +5.0e+00 +5.0e+00 +5.1e+00 +5.1e+00 +5.2e+00 +5.2e+00 +4.9e+00 +4.9e+00 +4.9e+00 +4.6e+00 +4.5e+00 +4.3e+00 +4.1e+00 +3.8e+00 +3.6e+00 +3.4e+00 +3.0e+00 +2.6e+00 +1.4e+00 +7.2e-01 +4.4e-01 +1.1e-01 +4.1e-02 -3.9e-04 -1.4e-03 -4.8e-03 -8.7e-03
      floor/kept: 3e-14/32 3e-14/32 3e-14/32 3e-14/32 3e-14/32 3e-14/32 3e-14/32 3e-14/32 3e-14/32 3e-14/32 3e-14/32 3e-14/32 3e-14/32 3e-14/32 3e-14/32 2e-14/32 2e-14/32 2e-14/32 2e-14/32 1e-14/32 1e-14/32 8e-15/32 4e-15/32 3e-15/32 3e-16/32 1e-16/32 4e-16/32 3e-16/32
      at L_c: |A|^2=6.482e-09 |B|^2=3.803e-04 Z'=7.064e-04 tail=1.6e-07 E(|t-g_k|<gap)=0.0462 E(|t-g_k|<1)=0.0594 E(|t|<g_1)=9.621e-10 ||c||=1.41e+00 kept=32/32  -> |B|^2 alone (|A|^2 term negligible against Z')
  k=1000|eps=0.01|M=16|w=1     L_c=7.8644 X_c=2602.829 [7.7310,7.8644] lam(1.5Lc)=-1.64e-02 lam(2Lc)=-4.75e-02 pos-above=0/4 h_c g_k=5581.4   [15.2s]
      grid lam: +4.9e+00 +5.0e+00 +5.0e+00 +5.1e+00 +5.1e+00 +5.2e+00 +5.2e+00 +4.9e+00 +4.9e+00 +4.9e+00 +4.6e+00 +4.5e+00 +4.4e+00 +4.1e+00 +3.8e+00 +3.6e+00 +3.4e+00 +3.0e+00 +2.6e+00 +1.5e+00 +7.6e-01 +4.4e-01 +1.1e-01 +4.1e-02 -1.2e-03 -2.9e-03 -1.1e-02 -1.8e-02
      floor/kept: 3e-14/32 3e-14/32 3e-14/32 3e-14/32 3e-14/32 3e-14/32 3e-14/32 3e-14/32 3e-14/32 3e-14/32 3e-14/32 3e-14/32 3e-14/32 3e-14/32 3e-14/32 2e-14/32 2e-14/32 2e-14/32 2e-14/32 2e-14/32 1e-14/32 8e-15/32 4e-15/32 3e-15/32 3e-16/32 2e-16/32 5e-16/32 5e-16/32
      at L_c: |A|^2=9.029e-09 |B|^2=3.833e-04 Z'=7.152e-04 tail=1.6e-07 E(|t-g_k|<gap)=0.0466 E(|t-g_k|<1)=0.0599 E(|t|<g_1)=1.225e-09 ||c||=1.41e+00 kept=32/32  -> |B|^2 alone (|A|^2 term negligible against Z')
  k=1000|eps=0.1|M=16|w=1/2    L_c=7.0974 X_c=1208.865 [6.9771,7.0974] lam(1.5Lc)=-7.86e-01 lam(2Lc)=-2.29e+00 pos-above=0/4 h_c g_k=5037.1   [18.0s]
      grid lam: +4.9e+00 +5.0e+00 +5.0e+00 +5.1e+00 +5.1e+00 +5.2e+00 +5.2e+00 +4.9e+00 +4.9e+00 +4.9e+00 +4.6e+00 +4.5e+00 +4.3e+00 +4.1e+00 +3.8e+00 +3.6e+00 +3.4e+00 +3.0e+00 +2.6e+00 +1.4e+00 +7.3e-01 +4.4e-01 +9.8e-02 +8.9e-03 -1.1e-01 -3.4e-01 -7.5e-01 -1.3e+00
      floor/kept: 3e-14/32 3e-14/32 3e-14/32 3e-14/32 3e-14/32 3e-14/32 3e-14/32 3e-14/32 3e-14/32 3e-14/32 3e-14/32 3e-14/32 3e-14/32 3e-14/32 3e-14/32 2e-14/32 2e-14/32 2e-14/32 2e-14/32 1e-14/32 1e-14/32 8e-15/32 4e-15/32 3e-15/32 2e-15/32 4e-15/32 3e-15/32 3e-15/32
      at L_c: |A|^2=4.571e-05 |B|^2=2.798e-02 Z'=4.573e-02 tail=3.0e-06 E(|t-g_k|<gap)=0.0335 E(|t-g_k|<1)=0.0431 E(|t|<g_1)=3.408e-07 ||c||=1.41e+00 kept=32/32  -> |B|^2 alone (|A|^2 term negligible against Z')
  k=1000|eps=0.1|M=16|w=1      L_c=6.5158 X_c=675.726 [6.4053,6.5158] lam(1.5Lc)=-1.24e+00 lam(2Lc)=-3.59e+00 pos-above=0/5 h_c g_k=4624.3   [18.4s]
      grid lam: +4.9e+00 +5.0e+00 +5.0e+00 +5.1e+00 +5.1e+00 +5.2e+00 +5.2e+00 +4.9e+00 +4.9e+00 +4.9e+00 +4.6e+00 +4.5e+00 +4.4e+00 +4.1e+00 +3.8e+00 +3.6e+00 +3.4e+00 +3.0e+00 +2.6e+00 +1.5e+00 +7.6e-01 +4.4e-01 +8.9e-02 -3.8e-02 -2.4e-01 -8.2e-01 -1.6e+00 -2.7e+00
      floor/kept: 3e-14/32 3e-14/32 3e-14/32 3e-14/32 3e-14/32 3e-14/32 3e-14/32 3e-14/32 3e-14/32 3e-14/32 3e-14/32 3e-14/32 3e-14/32 3e-14/32 3e-14/32 2e-14/32 2e-14/32 2e-14/32 2e-14/32 2e-14/32 1e-14/32 8e-15/32 4e-15/32 3e-15/32 3e-15/32 6e-15/32 4e-15/32 5e-15/32
      at L_c: |A|^2=2.087e-05 |B|^2=1.133e-02 Z'=3.240e-02 tail=1.1e-06 E(|t-g_k|<gap)=0.0146 E(|t-g_k|<1)=0.0184 E(|t|<g_1)=1.225e-07 ||c||=1.41e+00 kept=32/32  -> |B|^2 alone (|A|^2 term negligible against Z')

  timings: Z builds 422 (288.7s), S builds 422 (4.1s), T builds 1096 (16.2s), pencil eigs 1808 (829.5s)
  L grid: 0.300 0.344 0.394 0.452 0.519 0.595 0.682 0.782 0.896 1.028 1.178 1.351 1.549 1.776 2.037 2.335 2.678 3.070 3.520 4.037 4.628 5.307 6.085 6.977 8.000 9.173 10.518 12.060

===== sanity: k = 1 vs the Legendre family (weil_Lc_eps.json M=32; weil_Lc_height.json M=64) =====
  eps=0      w=1/2 modulated L_c None                   bracket None  Legendre M32 None                   bracket None  M64 None                   modulated >= Legendre M32: None
  eps=0.001  w=1/2 modulated L_c 1.2835402603145116     bracket [1.2617769081319183, 1.2835402603145116]  Legendre M32 1.2835402603145112     bracket [1.261776908131918, 1.2835402603145112]  M64 1.2835402603145116     modulated >= Legendre M32: True
      at L=1.26178: lam modulated +5.7100e-11 (floor 6.0e-16)  Legendre M64 +5.3420e-11  modulated >= Legendre: True
      at L=1.28354: lam modulated -3.8608e-11 (floor 1.4e-15)  Legendre M64 -3.9729e-11  modulated >= Legendre: True
  eps=0.001  w=1   modulated L_c 1.2617769081319183     bracket [1.2403825693047048, 1.2617769081319183]  Legendre M32 1.261776908131918      bracket [1.2403825693047044, 1.261776908131918]  M64 1.2617769081319183     modulated >= Legendre M32: True
      at L=1.24038: lam modulated +1.2696e-10 (floor 1.4e-14)  Legendre M64 +1.1629e-10  modulated >= Legendre: True
      at L=1.26178: lam modulated -6.9687e-11 (floor 5.4e-16)  Legendre M64 -7.3314e-11  modulated >= Legendre: True
  eps=0.01   w=1/2 modulated L_c 1.1387307600097958     bracket [1.1194227574971418, 1.1387307600097958]  Legendre M32 1.1387307600097953     bracket [1.1194227574971414, 1.1387307600097953]  M64 1.1387307600097958     modulated >= Legendre M32: True
      at L=1.11942: lam modulated +9.3508e-09 (floor 4.8e-15)  Legendre M64 +8.9632e-09  modulated >= Legendre: True
      at L=1.13873: lam modulated -3.3471e-09 (floor 9.1e-16)  Legendre M64 -3.5134e-09  modulated >= Legendre: True
  eps=0.01   w=1   modulated L_c 1.1194227574971418     bracket [1.100442136112776, 1.1194227574971418]  Legendre M32 1.1194227574971414     bracket [1.1004421361127756, 1.1194227574971414]  M64 1.1194227574971418     modulated >= Legendre M32: True
      at L=1.10044: lam modulated +1.2564e-08 (floor 1.3e-14)  Legendre M64 +1.1754e-08  modulated >= Legendre: True
      at L=1.11942: lam modulated -9.8489e-09 (floor 4.4e-15)  Legendre M64 -1.0227e-08  modulated >= Legendre: True
  eps=0.1    w=1/2 modulated L_c 0.959736136497628      bracket [0.9434631171099532, 0.959736136497628]  Legendre M32 0.9597361364976277     bracket [0.9434631171099529, 0.9597361364976277]  M64 0.959736136497628      modulated >= Legendre M32: True
      at L=0.94346: lam modulated +1.0073e-06 (floor 4.9e-11)  Legendre M64 +9.8390e-07  modulated >= Legendre: True
      at L=0.95974: lam modulated -5.5961e-07 (floor 4.6e-11)  Legendre M64 -5.7209e-07  modulated >= Legendre: True
  eps=0.1    w=1   modulated L_c 0.9274660185195904     bracket [0.9117401622901307, 0.9274660185195904]  Legendre M32 0.9274660185195901     bracket [0.9117401622901303, 0.9274660185195901]  M64 0.9274660185195904     modulated >= Legendre M32: True
      at L=0.91174: lam modulated +3.2225e-06 (floor 4.6e-10)  Legendre M64 +3.1735e-06  modulated >= Legendre: True
      at L=0.92747: lam modulated -4.4745e-07 (floor 8.8e-11)  Legendre M64 -4.8382e-07  modulated >= Legendre: True

===== L_c(eps, k), modulated family =====
    k    gamma_k  log g_k   nb gap  mean gap    eps      w=1/2        w=1      X_c lam(1.5Lc)   lam(2Lc)  h_c g_k     |A|^2     |B|^2     Z(G*)   E_gap     E<g1
    1     14.135   2.6486   6.8873    7.7498      0       none       none     none       none       none     none      none      none      none    none     none
    1     14.135   2.6486   6.8873    7.7498  0.001     1.2835     1.2618    3.609  -2.58e-07  -8.34e-07      9.1  9.44e-18  5.97e-11  8.08e-11  0.0221  1.0e+00
    1     14.135   2.6486   6.8873    7.7498   0.01     1.1387     1.1194    3.123  -2.77e-05  -6.03e-05      8.0  1.38e-13  9.02e-09  1.47e-08  0.0251  1.0e+00
    1     14.135   2.6486   6.8873    7.7498    0.1     0.9597     0.9275    2.611  -1.31e-03  -4.37e-03      6.8  2.14e-09  1.76e-06  2.95e-06  0.0306  1.0e+00
    2     21.022   3.0456   3.9888    5.2026      0       none       none     none       none       none     none      none      none      none    none     none
    2     21.022   3.0456   3.9888    5.2026  0.001     1.4971     1.4971    4.469  -1.72e-07  -1.35e-06     15.7  6.70e-19  2.57e-12  4.33e-12  0.0001  1.0e+00
    2     21.022   3.0456   3.9888    5.2026   0.01     1.3057     1.2835    3.690  -2.43e-05  -9.54e-05     13.7  4.90e-16  1.81e-11  3.22e-11  0.0000  1.0e+00
    2     21.022   3.0456   3.9888    5.2026    0.1     1.1584     1.1387    3.185  -1.46e-03  -8.33e-03     12.2  1.08e-11  5.24e-09  7.62e-09  0.0000  1.0e+00
    5     32.935   3.4945   2.5102    3.7927      0       none       none     none       none       none     none      none      none      none    none     none
    5     32.935   3.4945   2.5102    3.7927  0.001     2.5438     2.3353   12.728  -2.63e-06  -5.88e-06     41.9  4.13e-16  4.27e-08  4.57e-08  0.0213  1.5e-03
    5     32.935   3.4945   2.5102    3.7927   0.01     2.0719     2.0022    7.940  -1.30e-04  -3.96e-04     34.1  2.03e-12  3.15e-06  4.97e-06  0.0184  3.5e-02
    5     32.935   3.4945   2.5102    3.7927    0.1     1.7763     1.7462    5.908  -6.77e-03  -3.40e-02     29.3  3.84e-11  2.20e-06  2.00e-06  0.0001  2.0e-01
   10     49.774   3.9075   1.7687    3.0359      0       none       none     none       none       none     none      none      none      none    none     none
   10     49.774   3.9075   1.7687    3.0359  0.001     3.8347     3.5204   46.280  -7.66e-06  -1.85e-05     95.4  2.87e-14  5.03e-07  5.02e-07  0.1294  5.6e-08
   10     49.774   3.9075   1.7687    3.0359   0.01     3.0703     3.0183   21.549  -3.61e-04  -1.31e-03     76.4  1.92e-10  2.51e-05  2.66e-05  0.0731  9.5e-06
   10     49.774   3.9075   1.7687    3.0359    0.1     2.6323     2.5877   13.906  -2.72e-02  -1.01e-01     65.5  5.16e-07  9.14e-04  1.71e-03  0.0228  2.5e-04
   30    101.318   4.6183   2.4077    2.2598      0       none       none     none       none       none     none      none      none      none    none     none
   30    101.318   4.6183   2.4077    2.2598  0.001     4.7082     4.6284  110.853  -1.32e-05  -3.43e-05    238.5  4.02e-14  2.01e-06  3.54e-06  0.3976  1.7e-08
   30    101.318   4.6183   2.4077    2.2598   0.01     3.9681     3.9009   52.886  -8.78e-04  -2.88e-03    201.0  9.88e-11  1.24e-04  1.57e-04  0.2818  7.3e-08
   30    101.318   4.6183   2.4077    2.2598    0.1     3.4608     3.4021   31.841  -8.15e-02  -2.45e-01    175.3  8.88e-07  1.06e-02  1.63e-02  0.2367  3.5e-05
  100    236.524   5.4661   1.2456    1.7318      0       none       none     none       none       none     none      none      none      none    none     none
  100    236.524   5.4661   1.2456    1.7318  0.001     6.1899     6.0850  487.815  -3.59e-05  -8.27e-05    732.0  4.65e-13  1.36e-06  2.22e-06  0.2116  9.5e-11
  100    236.524   5.4661   1.2456    1.7318   0.01     5.1285     4.9561  168.763  -2.18e-03  -5.79e-03    606.5  3.09e-09  1.47e-04  2.43e-04  0.1989  2.9e-07
  100    236.524   5.4661   1.2456    1.7318    0.1     4.3969     4.3224   81.200  -1.79e-01  -4.76e-01    520.0  3.42e-05  1.11e-02  1.74e-02  0.1716  4.5e-06
  300    541.847   6.2950   1.2160    1.4097      0       none       none     none       none       none     none      none      none      none    none     none
  300    541.847   6.2950   1.2160    1.4097  0.001     7.4711     7.3444 1756.470  -5.72e-05  -1.46e-04   2024.1  1.26e-12  1.59e-06  2.34e-06  0.2638  5.0e-11
  300    541.847   6.2950   1.2160    1.4097   0.01     6.1899     6.0850  487.815  -3.94e-03  -8.77e-03   1677.0  1.38e-08  1.15e-04  2.20e-04  0.2202  2.8e-08
  300    541.847   6.2950   1.2160    1.4097    0.1     5.3069     5.1285  201.731  -3.04e-01  -8.13e-01   1437.8  9.13e-05  1.20e-02  1.79e-02  0.2084  1.6e-06
 1000   1419.422   7.2580   0.7255    1.1592      0       none       none     none       none       none     none      none      none      none    none     none
 1000   1419.422   7.2580   0.7255    1.1592  0.001     9.3311     9.1729 11283.398  -9.67e-05  -2.97e-04   6622.4  1.85e-12  6.95e-06  1.24e-05  0.0818  8.2e-12
 1000   1419.422   7.2580   0.7255    1.1592   0.01     7.8644     7.8644 2602.829  -7.91e-03  -2.22e-02   5581.4  6.48e-09  3.80e-04  7.06e-04  0.0462  9.6e-10
 1000   1419.422   7.2580   0.7255    1.1592    0.1     7.0974     6.5158 1208.865  -7.86e-01  -2.29e+00   5037.1  4.57e-05  2.80e-02  4.57e-02  0.0335  3.4e-07

===== fits (w=1/2): L_c = a + b x over every k with an L_c, per eps =====
  eps=0      vs log_gamma_k        n=0 ks=[]: fewer than 2 points
  eps=0      vs gamma_k            n=0 ks=[]: fewer than 2 points
  eps=0      vs inv_mean_gap       n=0 ks=[]: fewer than 2 points
  eps=0      vs neighbour_gap      n=0 ks=[]: fewer than 2 points
  eps=0      vs inv_neighbour_gap  n=0 ks=[]: fewer than 2 points
  eps=0.001  vs log_gamma_k        n=8 ks=[1, 2, 5, 10, 30, 100, 300, 1000]: a=-3.5132 b=+1.76855 rms=0.2199 R2=0.9934  resid=+0.113 -0.376 -0.123 +0.437 +0.054 +0.036 -0.149 +0.008
  eps=0.001  vs gamma_k            n=8 ks=[1, 2, 5, 10, 30, 100, 300, 1000]: a=+3.0639 b=+0.00511 rms=1.3954 R2=0.7342  resid=-1.853 -1.674 -0.688 +0.516 +1.127 +1.918 +1.639 -0.984
  eps=0.001  vs inv_mean_gap       n=8 ks=[1, 2, 5, 10, 30, 100, 300, 1000]: a=-0.2628 b=+11.11215 rms=0.2199 R2=0.9934  resid=+0.113 -0.376 -0.123 +0.437 +0.054 +0.036 -0.149 +0.008
  eps=0.001  vs neighbour_gap      n=8 ks=[1, 2, 5, 10, 30, 100, 300, 1000]: a=+7.6056 b=-1.15591 rms=1.6117 R2=0.6454  resid=+1.639 -1.498 -2.160 -1.726 -0.114 +0.024 +1.271 +2.564
  eps=0.001  vs inv_neighbour_gap  n=8 ks=[1, 2, 5, 10, 30, 100, 300, 1000]: a=+0.4540 b=+6.95347 rms=0.8190 R2=0.9084  resid=-0.180 -0.700 -0.680 -0.551 +1.366 +0.153 +1.299 -0.707
  eps=0.01   vs log_gamma_k        n=8 ks=[1, 2, 5, 10, 30, 100, 300, 1000]: a=-2.9408 b=+1.47723 rms=0.1635 R2=0.9948  resid=+0.167 -0.253 -0.150 +0.239 +0.087 -0.005 -0.168 +0.083
  eps=0.01   vs gamma_k            n=8 ks=[1, 2, 5, 10, 30, 100, 300, 1000]: a=+2.5392 b=+0.00431 rms=1.1274 R2=0.7510  resid=-1.461 -1.324 -0.609 +0.316 +0.992 +1.569 +1.314 -0.797
  eps=0.01   vs inv_mean_gap       n=8 ks=[1, 2, 5, 10, 30, 100, 300, 1000]: a=-0.2258 b=+9.28173 rms=0.1635 R2=0.9948  resid=+0.167 -0.253 -0.150 +0.239 +0.087 -0.005 -0.168 +0.083
  eps=0.01   vs neighbour_gap      n=8 ks=[1, 2, 5, 10, 30, 100, 300, 1000]: a=+6.3039 b=-0.94908 rms=1.3844 R2=0.6245  resid=+1.372 -1.212 -1.850 -1.555 -0.051 +0.007 +1.040 +2.249
  eps=0.01   vs inv_neighbour_gap  n=8 ks=[1, 2, 5, 10, 30, 100, 300, 1000]: a=+0.3762 b=+5.80264 rms=0.6853 R2=0.9080  resid=-0.080 -0.525 -0.616 -0.587 +1.182 +0.094 +1.042 -0.510
  eps=0.1    vs log_gamma_k        n=8 ks=[1, 2, 5, 10, 30, 100, 300, 1000]: a=-2.6937 b=+1.31592 rms=0.1793 R2=0.9921  resid=+0.168 -0.156 -0.129 +0.184 +0.077 -0.102 -0.283 +0.240
  eps=0.1    vs gamma_k            n=8 ks=[1, 2, 5, 10, 30, 100, 300, 1000]: a=+2.1621 b=+0.00393 rms=0.9396 R2=0.7826  resid=-1.258 -1.086 -0.515 +0.275 +0.901 +1.306 +1.017 -0.639
  eps=0.1    vs inv_mean_gap       n=8 ks=[1, 2, 5, 10, 30, 100, 300, 1000]: a=-0.2752 b=+8.26820 rms=0.1793 R2=0.9921  resid=+0.168 -0.156 -0.129 +0.184 +0.077 -0.102 -0.283 +0.240
  eps=0.1    vs neighbour_gap      n=8 ks=[1, 2, 5, 10, 30, 100, 300, 1000]: a=+5.5224 b=-0.83810 rms=1.2552 R2=0.6120  resid=+1.210 -1.021 -1.642 -1.408 -0.044 -0.082 +0.804 +2.183
  eps=0.1    vs inv_neighbour_gap  n=8 ks=[1, 2, 5, 10, 30, 100, 300, 1000]: a=+0.2357 b=+5.21149 rms=0.5683 R2=0.9205  resid=-0.033 -0.384 -0.536 -0.550 +1.061 -0.023 +0.786 -0.321

===== minimiser at L_c (w=1/2) =====
  k=1     eps=0.001  L_c=1.2835: ||G||=1.0000 central-half mass 0.983 end-tenths 0.000 |G|max at u/h=+0.000 sign changes 0 local maxima of |G| 1 cos-block ||c||=2.67e+04 sin-block 2.39e+04 kept 31/32 cond(S kept) 2.1e+22
           |A|^2=9.440e-18 |B|^2=5.972e-11 A2/B2=1.58e-07 Z'=8.079e-11 tail=4.46e-14 E(|t-g_k|<gap)=0.0221 E(|t-g_k|<1)=0.0000 E(|t|<g_1)=1.000e+00 -> |B|^2 alone (|A|^2 term negligible against Z')
  k=1     eps=0.01   L_c=1.1387: ||G||=1.0000 central-half mass 0.969 end-tenths 0.000 |G|max at u/h=+0.000 sign changes 0 local maxima of |G| 1 cos-block ||c||=1.39e+03 sin-block 9.55e+02 kept 30/32 cond(S kept) 6.0e+21
           |A|^2=1.377e-13 |B|^2=9.022e-09 A2/B2=1.53e-05 Z'=1.469e-08 tail=7.75e-12 E(|t-g_k|<gap)=0.0251 E(|t-g_k|<1)=0.0000 E(|t|<g_1)=9.999e-01 -> |B|^2 alone (|A|^2 term negligible against Z')
  k=1     eps=0.1    L_c=0.9597: ||G||=1.0000 central-half mass 0.938 end-tenths 0.000 |G|max at u/h=+0.000 sign changes 0 local maxima of |G| 1 cos-block ||c||=3.38e+06 sin-block 4.52e+06 kept 29/32 cond(S kept) 1.9e+22
           |A|^2=2.140e-09 |B|^2=1.757e-06 A2/B2=1.22e-03 Z'=2.948e-06 tail=1.08e-09 E(|t-g_k|<gap)=0.0306 E(|t-g_k|<1)=0.0000 E(|t|<g_1)=9.998e-01 -> |B|^2 alone (|A|^2 term negligible against Z')
  k=2     eps=0.001  L_c=1.4971: ||G||=1.0000 central-half mass 0.920 end-tenths 0.000 |G|max at u/h=-0.300 sign changes 1 local maxima of |G| 2 cos-block ||c||=1.49e+00 sin-block 1.60e+00 kept 32/32 cond(S kept) 1.4e+11
           |A|^2=6.703e-19 |B|^2=2.570e-12 A2/B2=2.61e-07 Z'=4.329e-12 tail=2.02e-15 E(|t-g_k|<gap)=0.0001 E(|t-g_k|<1)=0.0000 E(|t|<g_1)=9.996e-01 -> |B|^2 alone (|A|^2 term negligible against Z')
  k=2     eps=0.01   L_c=1.3057: ||G||=1.0000 central-half mass 0.985 end-tenths 0.000 |G|max at u/h=+0.000 sign changes 0 local maxima of |G| 1 cos-block ||c||=2.06e+00 sin-block 2.28e+00 kept 32/32 cond(S kept) 3.1e+14
           |A|^2=4.902e-16 |B|^2=1.807e-11 A2/B2=2.71e-05 Z'=3.221e-11 tail=1.85e-14 E(|t-g_k|<gap)=0.0000 E(|t-g_k|<1)=0.0000 E(|t|<g_1)=1.000e+00 -> |B|^2 alone (|A|^2 term negligible against Z')
  k=2     eps=0.1    L_c=1.1584: ||G||=1.0000 central-half mass 0.971 end-tenths 0.000 |G|max at u/h=+0.000 sign changes 0 local maxima of |G| 1 cos-block ||c||=6.84e+01 sin-block 6.06e+01 kept 32/32 cond(S kept) 3.3e+17
           |A|^2=1.078e-11 |B|^2=5.244e-09 A2/B2=2.06e-03 Z'=7.619e-09 tail=2.79e-12 E(|t-g_k|<gap)=0.0000 E(|t-g_k|<1)=0.0000 E(|t|<g_1)=9.999e-01 -> |B|^2 alone (|A|^2 term negligible against Z')
  k=5     eps=0.001  L_c=2.5438: ||G||=1.0000 central-half mass 0.497 end-tenths 0.006 |G|max at u/h=-0.629 sign changes 22 local maxima of |G| 21 cos-block ||c||=9.83e-01 sin-block 1.02e+00 kept 32/32 cond(S kept) 5.2e+01
           |A|^2=4.134e-16 |B|^2=4.265e-08 A2/B2=9.69e-09 Z'=4.571e-08 tail=4.72e-14 E(|t-g_k|<gap)=0.0213 E(|t-g_k|<1)=0.0037 E(|t|<g_1)=1.467e-03 -> |B|^2 alone (|A|^2 term negligible against Z')
  k=5     eps=0.01   L_c=2.0719: ||G||=1.0000 central-half mass 0.212 end-tenths 0.081 |G|max at u/h=-0.775 sign changes 16 local maxima of |G| 17 cos-block ||c||=1.01e+00 sin-block 1.06e+00 kept 32/32 cond(S kept) 1.3e+02
           |A|^2=2.032e-12 |B|^2=3.149e-06 A2/B2=6.45e-07 Z'=4.971e-06 tail=1.36e-09 E(|t-g_k|<gap)=0.0184 E(|t-g_k|<1)=0.0028 E(|t|<g_1)=3.533e-02 -> |B|^2 alone (|A|^2 term negligible against Z')
  k=5     eps=0.1    L_c=1.7763: ||G||=1.0000 central-half mass 0.341 end-tenths 0.010 |G|max at u/h=-0.804 sign changes 8 local maxima of |G| 9 cos-block ||c||=9.96e-01 sin-block 1.00e+00 kept 32/32 cond(S kept) 5.1e+02
           |A|^2=3.840e-11 |B|^2=2.197e-06 A2/B2=1.75e-05 Z'=2.000e-06 tail=1.87e-09 E(|t-g_k|<gap)=0.0001 E(|t-g_k|<1)=0.0000 E(|t|<g_1)=2.042e-01 -> |B|^2 alone (|A|^2 term negligible against Z')
  k=10    eps=0.001  L_c=3.8347: ||G||=1.0000 central-half mass 0.497 end-tenths 0.001 |G|max at u/h=-0.555 sign changes 57 local maxima of |G| 60 cos-block ||c||=1.14e+00 sin-block 8.40e-01 kept 32/32 cond(S kept) 4.2e+00
           |A|^2=2.872e-14 |B|^2=5.033e-07 A2/B2=5.71e-08 Z'=5.021e-07 tail=2.32e-10 E(|t-g_k|<gap)=0.1294 E(|t-g_k|<1)=0.0404 E(|t|<g_1)=5.638e-08 -> |B|^2 alone (|A|^2 term negligible against Z')
  k=10    eps=0.01   L_c=3.0703: ||G||=1.0000 central-half mass 0.396 end-tenths 0.007 |G|max at u/h=-0.694 sign changes 45 local maxima of |G| 48 cos-block ||c||=1.22e+00 sin-block 7.21e-01 kept 32/32 cond(S kept) 6.3e+00
           |A|^2=1.922e-10 |B|^2=2.506e-05 A2/B2=7.67e-06 Z'=2.660e-05 tail=1.86e-08 E(|t-g_k|<gap)=0.0731 E(|t-g_k|<1)=0.0210 E(|t|<g_1)=9.530e-06 -> |B|^2 alone (|A|^2 term negligible against Z')
  k=10    eps=0.1    L_c=2.6323: ||G||=1.0000 central-half mass 0.422 end-tenths 0.051 |G|max at u/h=-0.761 sign changes 37 local maxima of |G| 38 cos-block ||c||=1.15e+00 sin-block 8.17e-01 kept 32/32 cond(S kept) 9.5e+00
           |A|^2=5.162e-07 |B|^2=9.137e-04 A2/B2=5.65e-04 Z'=1.709e-03 tail=9.60e-08 E(|t-g_k|<gap)=0.0228 E(|t-g_k|<1)=0.0073 E(|t|<g_1)=2.531e-04 -> |B|^2 alone (|A|^2 term negligible against Z')
  k=30    eps=0.001  L_c=4.7082: ||G||=1.0000 central-half mass 0.406 end-tenths 0.001 |G|max at u/h=-0.547 sign changes 148 local maxima of |G| 149 cos-block ||c||=4.46e-01 sin-block 1.34e+00 kept 32/32 cond(S kept) 1.7e+00
           |A|^2=4.016e-14 |B|^2=2.011e-06 A2/B2=2.00e-08 Z'=3.543e-06 tail=2.26e-09 E(|t-g_k|<gap)=0.3976 E(|t-g_k|<1)=0.1437 E(|t|<g_1)=1.657e-08 -> |B|^2 alone (|A|^2 term negligible against Z')
  k=30    eps=0.01   L_c=3.9681: ||G||=1.0000 central-half mass 0.257 end-tenths 0.009 |G|max at u/h=+0.697 sign changes 124 local maxima of |G| 125 cos-block ||c||=6.56e-01 sin-block 1.25e+00 kept 32/32 cond(S kept) 1.9e+00
           |A|^2=9.884e-11 |B|^2=1.235e-04 A2/B2=8.00e-07 Z'=1.569e-04 tail=2.87e-08 E(|t-g_k|<gap)=0.2818 E(|t-g_k|<1)=0.0926 E(|t|<g_1)=7.293e-08 -> |B|^2 alone (|A|^2 term negligible against Z')
  k=30    eps=0.1    L_c=3.4608: ||G||=1.0000 central-half mass 0.259 end-tenths 0.103 |G|max at u/h=-0.799 sign changes 112 local maxima of |G| 114 cos-block ||c||=6.41e-01 sin-block 1.26e+00 kept 32/32 cond(S kept) 2.1e+00
           |A|^2=8.882e-07 |B|^2=1.063e-02 A2/B2=8.36e-05 Z'=1.626e-02 tail=9.33e-06 E(|t-g_k|<gap)=0.2367 E(|t-g_k|<1)=0.0788 E(|t|<g_1)=3.546e-05 -> |B|^2 alone (|A|^2 term negligible against Z')
  k=100   eps=0.001  L_c=6.1899: ||G||=1.0000 central-half mass 0.741 end-tenths 0.000 |G|max at u/h=+0.000 sign changes 464 local maxima of |G| 465 cos-block ||c||=1.01e+00 sin-block 9.85e-01 kept 32/32 cond(S kept) 1.2e+00
           |A|^2=4.649e-13 |B|^2=1.356e-06 A2/B2=3.43e-07 Z'=2.218e-06 tail=5.60e-11 E(|t-g_k|<gap)=0.2116 E(|t-g_k|<1)=0.1239 E(|t|<g_1)=9.511e-11 -> |B|^2 alone (|A|^2 term negligible against Z')
  k=100   eps=0.01   L_c=5.1285: ||G||=1.0000 central-half mass 0.550 end-tenths 0.005 |G|max at u/h=+0.677 sign changes 386 local maxima of |G| 385 cos-block ||c||=1.07e+00 sin-block 9.29e-01 kept 32/32 cond(S kept) 1.2e+00
           |A|^2=3.093e-09 |B|^2=1.472e-04 A2/B2=2.10e-05 Z'=2.431e-04 tail=1.65e-09 E(|t-g_k|<gap)=0.1989 E(|t-g_k|<1)=0.1196 E(|t|<g_1)=2.907e-07 -> |B|^2 alone (|A|^2 term negligible against Z')
  k=100   eps=0.1    L_c=4.3969: ||G||=1.0000 central-half mass 0.502 end-tenths 0.069 |G|max at u/h=-0.830 sign changes 329 local maxima of |G| 330 cos-block ||c||=9.21e-01 sin-block 1.07e+00 kept 32/32 cond(S kept) 1.3e+00
           |A|^2=3.425e-05 |B|^2=1.113e-02 A2/B2=3.08e-03 Z'=1.737e-02 tail=7.93e-06 E(|t-g_k|<gap)=0.1716 E(|t-g_k|<1)=0.0997 E(|t|<g_1)=4.453e-06 -> |B|^2 alone (|A|^2 term negligible against Z')
  k=300   eps=0.001  L_c=7.4711: ||G||=1.0000 central-half mass 0.812 end-tenths 0.000 |G|max at u/h=+0.238 sign changes 1290 local maxima of |G| 1289 cos-block ||c||=9.38e-01 sin-block 1.06e+00 kept 32/32 cond(S kept) 1.1e+00
           |A|^2=1.256e-12 |B|^2=1.589e-06 A2/B2=7.91e-07 Z'=2.335e-06 tail=4.58e-10 E(|t-g_k|<gap)=0.2638 E(|t-g_k|<1)=0.1662 E(|t|<g_1)=4.999e-11 -> |B|^2 alone (|A|^2 term negligible against Z')
  k=300   eps=0.01   L_c=6.1899: ||G||=1.0000 central-half mass 0.689 end-tenths 0.003 |G|max at u/h=-0.343 sign changes 1071 local maxima of |G| 1070 cos-block ||c||=1.04e+00 sin-block 9.55e-01 kept 32/32 cond(S kept) 1.1e+00
           |A|^2=1.376e-08 |B|^2=1.153e-04 A2/B2=1.19e-04 Z'=2.198e-04 tail=2.41e-10 E(|t-g_k|<gap)=0.2202 E(|t-g_k|<1)=0.1329 E(|t|<g_1)=2.771e-08 -> |B|^2 alone (|A|^2 term negligible against Z')
  k=300   eps=0.1    L_c=5.3069: ||G||=1.0000 central-half mass 0.556 end-tenths 0.044 |G|max at u/h=+0.466 sign changes 917 local maxima of |G| 918 cos-block ||c||=1.04e+00 sin-block 9.62e-01 kept 32/32 cond(S kept) 1.1e+00
           |A|^2=9.132e-05 |B|^2=1.199e-02 A2/B2=7.62e-03 Z'=1.794e-02 tail=2.87e-06 E(|t-g_k|<gap)=0.2084 E(|t-g_k|<1)=0.1272 E(|t|<g_1)=1.592e-06 -> |B|^2 alone (|A|^2 term negligible against Z')
  k=1000  eps=0.001  L_c=9.3311: ||G||=1.0000 central-half mass 0.422 end-tenths 0.002 |G|max at u/h=-0.620 sign changes 3787 local maxima of |G| 214 cos-block ||c||=1.35e+00 sin-block 4.35e-01 kept 32/32 cond(S kept) 1.0e+00
           |A|^2=1.847e-12 |B|^2=6.955e-06 A2/B2=2.66e-07 Z'=1.243e-05 tail=8.67e-11 E(|t-g_k|<gap)=0.0818 E(|t-g_k|<1)=0.1015 E(|t|<g_1)=8.185e-12 -> |B|^2 alone (|A|^2 term negligible against Z')
  k=1000  eps=0.01   L_c=7.8644: ||G||=1.0000 central-half mass 0.426 end-tenths 0.018 |G|max at u/h=+0.745 sign changes 3550 local maxima of |G| 449 cos-block ||c||=4.56e-01 sin-block 1.34e+00 kept 32/32 cond(S kept) 1.0e+00
           |A|^2=6.482e-09 |B|^2=3.803e-04 A2/B2=1.70e-05 Z'=7.064e-04 tail=1.63e-07 E(|t-g_k|<gap)=0.0462 E(|t-g_k|<1)=0.0594 E(|t|<g_1)=9.621e-10 -> |B|^2 alone (|A|^2 term negligible against Z')
  k=1000  eps=0.1    L_c=7.0974: ||G||=1.0000 central-half mass 0.397 end-tenths 0.076 |G|max at u/h=-0.776 sign changes 3203 local maxima of |G| 796 cos-block ||c||=1.30e+00 sin-block 5.48e-01 kept 32/32 cond(S kept) 1.0e+00
           |A|^2=4.571e-05 |B|^2=2.798e-02 A2/B2=1.63e-03 Z'=4.573e-02 tail=3.00e-06 E(|t-g_k|<gap)=0.0335 E(|t-g_k|<1)=0.0431 E(|t|<g_1)=3.408e-07 -> |B|^2 alone (|A|^2 term negligible against Z')

wrote /Users/juliansambrano/GitHub/Primebeat_081426/analysis/2026-09-01/results/weil_Lc_mod.json  sha256 c2717f263ef7cb1435942ecddeb701ad7f9dd0f88ba6d02e34d1e031c64ff1bf  (20.1 min)
wrote /Users/juliansambrano/GitHub/Primebeat_081426/analysis/2026-09-01/weil_Lc_mod.txt
